10-03 12:30:59.817  1143  1182 I PackageManager: Un-granting permission android.permission.CAPTURE_VIDEO_OUTPUT from package com.google.android.gms (protectionLevel=2 flags=0xa0cabec5)
10-03 12:30:59.817  1143  1182 I PackageManager: Un-granting permission android.permission.FORCE_STOP_PACKAGES from package com.google.android.gms (protectionLevel=18 flags=0xa0cabec5)
10-03 12:30:59.817  1143  1182 I PackageManager: Un-granting permission android.permission.OBSERVE_ROLE_HOLDERS from package com.google.android.gms (protectionLevel=258 flags=0xa0cabec5)
10-03 12:30:59.817  1143  1182 I PackageManager: Un-granting permission android.permission.MODIFY_DEFAULT_AUDIO_EFFECTS from package com.google.android.gms (protectionLevel=18 flags=0xa0cabec5)
10-03 12:30:59.818  1143  1182 I PackageManager: Un-granting permission android.permission.MANAGE_DEVICE_ADMINS from package com.google.android.gms (protectionLevel=2 flags=0xa0cabec5)
10-03 12:30:59.818  1143  1182 I PackageManager: Un-granting permission android.permission.MANAGE_ACTIVITY_STACKS from package com.google.android.gms (protectionLevel=2 flags=0xa0cabec5)
10-03 12:30:59.818  1143  1182 I PackageManager: Un-granting permission android.permission.CAPTURE_SECURE_VIDEO_OUTPUT from package com.google.android.gms (protectionLevel=2 flags=0xa0cabec5)
10-03 12:30:59.818  1143  1182 I PackageManager: Un-granting permission android.permission.MANAGE_ROLLBACKS from package com.google.android.gms (protectionLevel=514 flags=0xa0cabec5)
10-03 12:30:59.819  1143  1182 I PackageManager: Un-granting permission android.permission.MEDIA_CONTENT_CONTROL from package com.google.android.gms (protectionLevel=18 flags=0xa0cabec5)
10-03 12:30:59.819  1143  1182 I PackageManager: Un-granting permission android.permission.HIDE_NON_SYSTEM_OVERLAY_WINDOWS from package com.google.android.gms (protectionLevel=258 flags=0xa0cabec5)
10-03 12:30:59.821  1143  1182 I PackageManager: Un-granting permission android.permission.UPDATE_APP_OPS_STATS from package com.google.android.tts (protectionLevel=274 flags=0x34cbbec5)
10-03 12:30:59.821  1143  1182 I PackageManager: Un-granting permission android.permission.START_ACTIVITIES_FROM_BACKGROUND from package com.google.android.tts (protectionLevel=49682 flags=0x34cbbec5)
10-03 12:30:59.822  1143  1182 I PackageManager: Un-granting permission com.google.android.googleapps.permission.GOOGLE_AUTH from package com.google.android.videos (protectionLevel=2 flags=0x305bbe45)
10-03 12:30:59.823  1143  1182 I PackageManager: Un-granting permission android.permission.WRITE_MEDIA_STORAGE from package com.google.android.apps.photos (protectionLevel=18 flags=0x38dbbec5)
10-03 12:30:59.824  1143  1182 I PackageManager: Un-granting permission android.permission.INTERACT_ACROSS_PROFILES from package com.google.android.calendar (protectionLevel=18 flags=0x20cbbec5)
10-03 12:30:59.828  1143  1182 I PackageManager: Un-granting permission com.google.android.finsky.permission.GEARHEAD_SERVICE from package com.google.android.projection.gearhead (protectionLevel=18 flags=0x2888bec5)
10-03 12:30:59.828  1143  1182 I PackageManager: Un-granting permission android.permission.CHANGE_COMPONENT_ENABLED_STATE from package com.google.android.projection.gearhead (protectionLevel=18 flags=0x2888bec5)
10-03 12:30:59.829  1143  1182 I PackageManager: Un-granting permission android.permission.UPDATE_APP_OPS_STATS from package com.google.android.projection.gearhead (protectionLevel=274 flags=0x2888bec5)
10-03 12:30:59.829  1143  1182 I PackageManager: Un-granting permission android.permission.POWER_SAVER from package com.google.android.projection.gearhead (protectionLevel=18 flags=0x2888bec5)
10-03 12:30:59.829  1143  1182 I PackageManager: Un-granting permission android.permission.TETHER_PRIVILEGED from package com.google.android.projection.gearhead (protectionLevel=18 flags=0x2888bec5)
10-03 12:30:59.829  1143  1182 I PackageManager: Un-granting permission android.permission.MANAGE_USERS from package com.google.android.projection.gearhead (protectionLevel=18 flags=0x2888bec5)
10-03 12:30:59.829  1143  1182 I PackageManager: Un-granting permission android.permission.INTERACT_ACROSS_PROFILES from package com.google.android.projection.gearhead (protectionLevel=18 flags=0x2888bec5)
10-03 12:30:59.829  1143  1182 I PackageManager: Un-granting permission android.permission.CAPTURE_SECURE_VIDEO_OUTPUT from package com.google.android.projection.gearhead (protectionLevel=2 flags=0x2888bec5)
10-03 12:30:59.836  1143  1182 I PackageManager: Un-granting permission android.permission.SYSTEM_ALERT_WINDOW from package com.microsoft.teams (protectionLevel=1250 flags=0x20483e44)
10-03 12:30:59.836  1143  1182 I PackageManager: Un-granting permission android.permission.BLUETOOTH_PRIVILEGED from package com.microsoft.teams (protectionLevel=18 flags=0x20483e44)
10-03 12:30:59.836  1143  1182 I PackageManager: Un-granting permission android.permission.LOCAL_MAC_ADDRESS from package com.microsoft.teams (protectionLevel=18 flags=0x20483e44)
10-03 12:30:59.837  1143  1182 I PackageManager: Un-granting permission android.permission.INTERACT_ACROSS_PROFILES from package com.google.android.inputmethod.latin (protectionLevel=18 flags=0x20cabec5)
10-03 12:31:00.044  1143  1159 W Looper  : Slow dispatch took 206ms android.fg h=android.os.Handler c=<recycled PooledLambda@993a383> m=0
10-03 12:31:00.097  1143  1143 I TransportClient: BackupTransportService#1832: Notifying [PerformUnifiedRestoreTask.startRestore()] transport = IBackupTransport
10-03 12:31:01.897  1143  4187 I BackupManagerService: Next restore package: RestoreDescription{com.prinapo.maigret : STREAM}
10-03 12:31:03.471  1143 32321 I BackupManagerService: Sig + version match; taking data
10-03 12:31:03.473  1143 32321 I ActivityManager: Force stopping com.prinapo.maigret appid=10228 user=0: clear data
10-03 12:31:03.478  1143  1168 I ActivityManager: Force stopping com.prinapo.maigret appid=10228 user=-1: clearApplicationUserData
10-03 12:31:03.529  1143  1169 I ActivityManager: Start proc 32336:com.prinapo.maigret/u0a228 for backup {android/FullBackupAgent}
10-03 12:31:04.944  1143 32321 I BackupManagerService: got agent android.app.IBackupAgent$Stub$Proxy@fe04ee4
10-03 12:31:05.868  1143  1182 W PackageManager: Cannot whitelist unknown permission: android.permission.ACCESS_ADSERVICES_ATTRIBUTION
10-03 12:31:05.868  1143  1182 W PackageManager: Cannot whitelist unknown permission: android.permission.ACCESS_ADSERVICES_AD_ID
10-03 12:31:05.872  1143  4187 I BackupRestoreController: restoreFinished for 0
10-03 12:31:05.872  1143  4187 I BackupManagerService: Restore complete.
10-03 12:31:05.891   404   404 W vold    : Failed to read namespace for 32336: No such file or directory
10-03 12:31:05.904  1143  1143 I RoleManagerService: Granting default permissions...
10-03 12:31:05.932  1143  1669 W BroadcastQueue: Background execution not allowed: receiving Intent { act=android.intent.action.PACKAGE_ADDED dat=package:com.prinapo.maigret flg=0x4000010 (has extras) } to com.google.android.packageinstaller/com.android.packageinstaller.PackageInstalledReceiver
10-03 12:31:05.959  1143  1168 W BroadcastQueue: Background execution not allowed: receiving Intent { act=android.intent.action.PACKAGE_ADDED dat=package:com.prinapo.maigret flg=0x4000010 (has extras) } to com.android.musicfx/.Compatibility$Receiver
10-03 12:31:05.959  1143  1168 W BroadcastQueue: Background execution not allowed: receiving Intent { act=android.intent.action.PACKAGE_ADDED dat=package:com.prinapo.maigret flg=0x4000010 (has extras) } to com.android.vending/com.google.android.finsky.packagemonitor.impl.PackageMonitorReceiverImpl$RegisteredReceiver
10-03 12:31:05.960  1143  1168 W BroadcastQueue: Background execution not allowed: receiving Intent { act=android.intent.action.PACKAGE_ADDED dat=package:com.prinapo.maigret flg=0x4000010 (has extras) } to com.android.vending/com.google.android.finsky.packagemonitor.backgroundimpl.BackgroundPackageMonitorReceiverImpl$RegisteredReceiver
10-03 12:31:05.965  1143  1237 I ActivityManager: Process com.prinapo.maigret (pid 32336) has died: cch+5 CEM 
10-03 12:31:05.973  1143  1168 W BroadcastQueue: Background execution not allowed: receiving Intent { act=android.intent.action.PACKAGE_ADDED dat=package:com.prinapo.maigret flg=0x4000010 (has extras) } to com.google.android.apps.nbu.files/.documentbrowser.browselanding.rootcontainerlist.receiver.PackageChangeReceiver_Receiver
10-03 12:31:05.976  1143  1168 W BroadcastQueue: Background execution not allowed: receiving Intent { act=android.intent.action.PACKAGE_ADDED dat=package:com.prinapo.maigret flg=0x4000010 (has extras) } to com.google.android.gms/.chimera.GmsIntentOperationService$PersistentTrustedReceiver
10-03 12:31:05.976  1143  1168 W BroadcastQueue: Background execution not allowed: receiving Intent { act=android.intent.action.PACKAGE_ADDED dat=package:com.prinapo.maigret flg=0x4000010 (has extras) } to com.google.android.gms/.gass.chimera.PackageChangeBroadcastReceiver
10-03 12:31:05.977  1143  1168 W BroadcastQueue: Background execution not allowed: receiving Intent { act=android.intent.action.PACKAGE_ADDED dat=package:com.prinapo.maigret flg=0x4000010 (has extras) } to com.google.android.ims/.receivers.RcsAutoStartReceiver
10-03 12:31:06.004  1143  9969 W BroadcastQueue: Background execution not allowed: receiving Intent { act=android.intent.action.PACKAGE_FIRST_LAUNCH dat=package:com.prinapo.maigret flg=0x4000010 (has extras) } to com.android.vending/com.google.android.finsky.packagemonitor.impl.PackageMonitorReceiverImpl$RegisteredReceiver
10-03 12:31:06.016  1143  1168 W BroadcastQueue: Background execution not allowed: receiving Intent { act=android.intent.action.PACKAGE_FIRST_LAUNCH dat=package:com.prinapo.maigret flg=0x4000010 (has extras) } to com.android.vending/com.google.android.finsky.packagemonitor.backgroundimpl.BackgroundPackageMonitorReceiverImpl$RegisteredReceiver
10-03 12:31:06.100  1143  1143 W Looper  : Slow dispatch took 106ms main h=android.app.ActivityThread$H c=android.app.-$$Lambda$LoadedApk$ReceiverDispatcher$Args$_BumDX2UKsnxLVrE6UJsJZkotuA@63cd174 m=0
10-03 12:31:06.114  1143  1143 I Telecom : DefaultDialerCache: Refreshing default dialer for user 0: now com.android.dialer: DDC.oR@AZc
10-03 12:31:06.114  1143  1143 W Looper  : Slow delivery took 206ms main h=android.app.ActivityThread$H c=android.app.-$$Lambda$LoadedApk$ReceiverDispatcher$Args$_BumDX2UKsnxLVrE6UJsJZkotuA@36eb69d m=0
10-03 12:31:06.191  1143  1159 W Looper  : Slow dispatch took 205ms android.fg h=android.os.Handler c=<recycled PooledLambda@de13f36> m=0
10-03 12:31:06.221  1143  1159 W Looper  : Slow delivery took 218ms android.fg h=android.os.Handler c=<recycled PooledLambda@318f210> m=0
10-03 12:31:06.240  1143  1143 W Looper  : Drained
10-03 12:31:06.685  1143  1159 W Looper  : Drained
10-03 12:31:06.928  1143  1167 I RoleUserState: Wrote roles.xml successfully
10-03 12:31:15.190  1143  7307 I ActivityTaskManager: START u0 {act=android.intent.action.MAIN cat=[android.intent.category.LAUNCHER] flg=0x10200000 cmp=com.prinapo.maigret/.MainActivity bnds=[28,718][194,936]} from uid 10116
10-03 12:31:15.254  1143  1169 I ActivityManager: Start proc 32399:com.prinapo.maigret/u0a228 for activity {com.prinapo.maigret/com.prinapo.maigret.MainActivity}
10-03 12:31:15.469  1143  1257 W WindowManager: Failed looking up window callers=com.android.server.wm.InputManagerCallback.interceptKeyBeforeDispatching:182 com.android.server.input.InputManagerService.interceptKeyBeforeDispatching:1839 <bottom of call stack> 
10-03 12:31:15.671  1143  1257 I chatty  : uid=1000(system) InputDispatcher identical 4 lines
10-03 12:31:15.716  1143  1257 W WindowManager: Failed looking up window callers=com.android.server.wm.InputManagerCallback.interceptKeyBeforeDispatching:182 com.android.server.input.InputManagerService.interceptKeyBeforeDispatching:1839 <bottom of call stack> 
10-03 12:31:17.799  1143  1169 I ActivityManager: Start proc 32457:com.google.android.webview:sandboxed_process0:org.chromium.content.app.SandboxedProcessService0:0/u0i37 for  {com.prinapo.maigret/org.chromium.content.app.SandboxedProcessService0:0}
10-03 12:31:18.503  1143  4282 E WindowManager: App trying to use insecure INPUT_FEATURE_NO_INPUT_CHANNEL flag. Ignoring
10-03 12:31:18.624  1143  9091 I WindowManager: Relayout Window{3ccbefa u0 com.prinapo.maigret/com.prinapo.maigret.MainActivity}: oldVis=4 newVis=0 focusMayChange = true
10-03 12:31:58.476  1143  1669 I WindowManager: Relayout Window{1e02595 u0 InputMethod}: oldVis=8 newVis=0 focusMayChange = true
10-03 12:32:00.414  1143  7307 W UriGrantsManagerService: No permission grants found for com.google.android.apps.photos
10-03 12:32:00.415  1143  7307 W UriGrantsManagerService: No permission grants found for com.google.android.apps.photos
10-03 12:32:01.685  1143  4282 W UriGrantsManagerService: No permission grants found for com.google.android.apps.photos
10-03 12:32:01.767  1143  4282 I chatty  : uid=1000(system) Binder:1143_11 identical 2 lines
10-03 12:32:01.768  1143  4282 W UriGrantsManagerService: No permission grants found for com.google.android.apps.photos
10-03 12:32:25.462  1143  1658 I ActivityTaskManager: START u0 {act=android.content.pm.action.REQUEST_PERMISSIONS pkg=com.google.android.permissioncontroller cmp=com.google.android.permissioncontroller/com.android.packageinstaller.permission.ui.GrantPermissionsActivity (has extras)} from uid 10228
10-03 12:32:25.679  1143  4282 E WindowManager: App trying to use insecure INPUT_FEATURE_NO_INPUT_CHANNEL flag. Ignoring
10-03 12:32:25.713  1143  1658 I WindowManager: Relayout Window{e747587 u0 com.google.android.permissioncontroller/com.android.packageinstaller.permission.ui.GrantPermissionsActivity}: oldVis=4 newVis=0 focusMayChange = true
10-03 12:32:27.312  1143  4331 I ActivityTaskManager: START u0 {act=android.media.action.IMAGE_CAPTURE flg=0x3 cmp=com.mediatek.camera/.CaptureActivity clip={text/uri-list U:content://com.prinapo.maigret.fileprovider/my_images/Android/data/com.prinapo.maigret/files/Pictures/JPEG_20251003_123227_2392361172205564703.jpg} (has extras)} from uid 10228
--------- beginning of main
10-03 12:32:27.484 31224 31224 I CamAp_PiBokehEntry: [isSupport] : false
10-03 12:32:27.484 31224 32683 I CamAp_PhotoDevice2Controller: HDRInit = false
10-03 12:32:27.485 31224 31224 I MirrorEntry: isSupport:false
10-03 12:32:27.485 31224 31224 I CamAp_FaceBeautyModeEntry: [isSupport] : false & appVersion : 4
10-03 12:32:27.485 31224 31224 I CamAp_IntentPhotoModeEntry: [isSupport] : true
10-03 12:32:27.485 31224 31224 I CamAp_PiPortraitEntry: [isSupport] : false
10-03 12:32:27.485 31224 31224 I CamAp_ProEntry: [isSupport] : false
10-03 12:32:27.485 31224 31224 I CamAp_DofModeEntry: [bokeh_key] : 4
10-03 12:32:27.485 31224 31224 I CamAp_MatrixModeEntry: [matrix_key] : 4
10-03 12:32:27.485 31224 31224 I CamAp_SdofPhotoEntry: [isSupport] false, third party intent.
10-03 12:32:27.485 31224 31224 I CamAp_AiworksFaceBeautyEntry: geek [isSupport] : false
10-03 12:32:27.485 31224 31224 I CamAp_AiWorksBokehColorEntry: [isSupport] : false
10-03 12:32:27.485 31224 31224 I CamAp_VendorFaceBeautyModeEntry: [isSupport] : false & appVersion : 4
10-03 12:32:27.485 31224 31224 I CamAp_NightEntry: [isSupport] : false
10-03 12:32:27.485 31224 31224 I CamAp_PhotoModeEntry: [isSupport] : false
10-03 12:32:27.485 31224 31224 I CamAp_SlowMotionQualityEntry: [isSupport] isSupported = false
10-03 12:32:27.485 31224 31224 I CamAp_IntentVideoModeEntry: [isSupport] : false
10-03 12:32:27.485 31224 31224 I CamAp_SlowMotionEntry: [isSupport] isSupported = false
10-03 12:32:27.486 31224 31224 I CamAp_PiFaceBeautyEntry: [isSupport] : false
10-03 12:32:27.486 31224 31224 I CamAp_MonoEntry: [isSupport] : false
10-03 12:32:27.486 31224 31224 I CamAp_AiWorksBokehEntry: [isSupport] : false
10-03 12:32:27.491   677   677 I Accelerometer: batch: handle:0, flag:0,samplingPeriodNs:20000000 maxBatchReportLatencyNs:0

10-03 12:32:27.493   677   677 I Accelerometer: flush, flushCnt:1
10-03 12:32:27.494   677   731 I Accelerometer: flush complete, flushCnt:0
10-03 12:32:27.494 31224 32683 I CamAp_SettingManager-0: [init]+
10-03 12:32:27.494 31224 32683 I CamAp_SettingManager-0: [init]-
10-03 12:32:27.494 31224 32683 I CamAp_PhotoDevice2Controller: [openCamera] mIsHdrOpened : false cameraId =0
10-03 12:32:27.494 31224 32683 I CamAp_PhotoDevice2Controller: [openCamera] value : off
10-03 12:32:27.494 31224 32683 I CamAp_PhotoDevice2Controller: [openCamera] cameraId : 0,sync = false mNeedSubSectionInitSetting =false
10-03 12:32:27.494 31224 32683 I CamAp_PhotoDevice2Controller: [canOpenCamera] new id: 0 current camera :null isSameCamera = false current state : CAMERA_UNKNOWN isStateReady = true can open : true
10-03 12:32:27.495 31224 32683 I CamAp_DeviceMgr2: [openCamera] cameraId = 0
10-03 12:32:27.498 31224 31224 I CamAp_CameraAppUI: onShutterTypeChanged mCurrentModeType Picture mCurrentModeName = Photo
10-03 12:32:27.498 31224 31224 I CamAp_CameraAppUI: item.mMode = null item.mClassName = com.mediatek.camera.common.mode.photo.intent.IntentPhotoModeEntry item.mType = Picture
10-03 12:32:27.498 31224 31224 I CamAp_ModeManager: [onModeSelected], (com.mediatek.camera.common.mode.photo.intent.IntentPhotoModeEntry -> com.mediatek.camera.common.mode.photo.intent.IntentPhotoModeEntry)
10-03 12:32:27.498 31224 32683 I MirrorEntry: isSupport:false
10-03 12:32:27.498 31224 32683 I CamAp_SlowMotionQualityEntry: [isSupport] isSupported = false
10-03 12:32:27.498 31224 31224 I CamAp_PiBokehEntry: [isSupport] : false
10-03 12:32:27.499 31224 31224 I MirrorEntry: isSupport:false
10-03 12:32:27.499 31224 31224 I CamAp_FaceBeautyModeEntry: [isSupport] : false & appVersion : 4
10-03 12:32:27.499 31224 31224 I CamAp_IntentPhotoModeEntry: [isSupport] : true
10-03 12:32:27.499 31224 31224 I CamAp_PiPortraitEntry: [isSupport] : false
10-03 12:32:27.499 31224 31224 I CamAp_ProEntry: [isSupport] : false
10-03 12:32:27.499 31224 31224 I CamAp_DofModeEntry: [bokeh_key] : 4
10-03 12:32:27.499 31224 31224 I CamAp_MatrixModeEntry: [matrix_key] : 4
10-03 12:32:27.500 31224 31224 I CamAp_SdofPhotoEntry: [isSupport] false, third party intent.
10-03 12:32:27.500 31224 31224 I CamAp_AiworksFaceBeautyEntry: geek [isSupport] : false
10-03 12:32:27.500 31224 31224 I CamAp_AiWorksBokehColorEntry: [isSupport] : false
10-03 12:32:27.500 31224 31224 I CamAp_VendorFaceBeautyModeEntry: [isSupport] : false & appVersion : 4
10-03 12:32:27.500 31224 31224 I CamAp_NightEntry: [isSupport] : false
10-03 12:32:27.500 31224 31224 I CamAp_PhotoModeEntry: [isSupport] : false
10-03 12:32:27.500 31224 31224 I CamAp_SlowMotionQualityEntry: [isSupport] isSupported = false
10-03 12:32:27.500 31224 31224 I CamAp_IntentVideoModeEntry: [isSupport] : false
10-03 12:32:27.500 31224 31224 I CamAp_SlowMotionEntry: [isSupport] isSupported = false
10-03 12:32:27.500 31224 31224 I CamAp_PiFaceBeautyEntry: [isSupport] : false
10-03 12:32:27.500 31224 31224 I CamAp_MonoEntry: [isSupport] : false
10-03 12:32:27.500 31224 31224 I CamAp_AiWorksBokehEntry: [isSupport] : false
10-03 12:32:27.503   645 20024 I CameraService: CameraService::connect call (PID -1 "com.mediatek.camera", camera ID 0) for HAL version default and Camera API version 2
10-03 12:32:27.504   645 20024 I Camera3-Device: Camera3Device: MTK framework debug log enabled:1
10-03 12:32:27.504   645 20024 I Camera2ClientBase: Camera 0: Opened. Client: com.mediatek.camera (PID 31224, UID 10134)
10-03 12:32:27.504   645 20024 I CameraDeviceClient: CameraDeviceClient 0: Opened
10-03 12:32:27.506 31224 31224 I CamAp_WaterMarkUtil: inityuvWaterMark BV6600
10-03 12:32:27.506   645 20024 I CameraService: onTorchStatusChangedLocked: Torch status changed for cameraId=0, newStatus=0
10-03 12:32:27.507   679  1024 I mtkcam-dev3: 0[CameraDevice3Impl::open] open camera3 device (device@3.5/internal/0) systraceLevel(1) instanceId(0) vid(0)
10-03 12:32:27.508   534   598 W AudioALSAHardware: setParameters(), still have param.size() = 1, remain param = "cameraFacing=back"
10-03 12:32:27.509   679  1024 I mtkcam-dev3: [0-session::open] +
10-03 12:32:27.511   557   584 I legacy_power@2.1-impl: @Deprecated scnDisable hdl:107
10-03 12:32:27.511   557   583 I libPowerHal: perfUserScnDisable - handle:107
10-03 12:32:27.512   557   584 I legacy_power@2.1-impl: scnReg hdl:113
10-03 12:32:27.512   557   584 I legacy_power@2.1-impl: @Deprecated scnConfig hdl:113, cmd:5, param1:1, param2:0, param3:0, param4:0
10-03 12:32:27.513   557   584 I legacy_power@2.1-impl: scnReg hdl:114
10-03 12:32:27.513   557   584 I legacy_power@2.1-impl: @Deprecated scnEnable hdl:113, timeout:1000
10-03 12:32:27.514   557   583 I libPowerHal: perfUserScnEnable - handle:113
10-03 12:32:27.514   557   584 I legacy_power@2.1-impl: scnReg hdl:115
10-03 12:32:27.514   557   584 I legacy_power@2.1-impl: @Deprecated scnConfig hdl:114, cmd:73, param1:1, param2:0, param3:0, param4:0
10-03 12:32:27.515   679  1024 I mtkcam-devicemgr: [attachOpenDeviceLocked] device: device@3.5/internal/0 openTimestamp:10-03 12:32:27.515
10-03 12:32:27.515   679  1024 I FlashHal: getTorchStatus(): torch status(0).
10-03 12:32:27.515   557   584 I legacy_power@2.1-impl: @Deprecated scnEnable hdl:114, timeout:0
10-03 12:32:27.515   557   583 I libPowerHal: perfUserScnEnable - handle:114
10-03 12:32:27.515   679  1024 I mtkcam-AppStreamMgr: [initialize] FMQ request size : 2097152, result size : 4194304
10-03 12:32:27.516   679  1024 I mtkcam-AppStreamMgr: [0-CallbackHandler::CallbackHandler] enableMetaMerge 1
10-03 12:32:27.516   557   584 I legacy_power@2.1-impl: @Deprecated scnConfig hdl:115, cmd:79, param1:100, param2:0, param3:0, param4:0
10-03 12:32:27.516   679  1024 I mtkcam-AppStreamMgr: [0-FrameHandler::FrameHandler] IsDejitterEnabled = 1, EnableMetaPending = 1
10-03 12:32:27.516   557   584 I legacy_power@2.1-impl: @Deprecated scnEnable hdl:115, timeout:0
10-03 12:32:27.517   557   583 I libPowerHal: perfUserScnEnable - handle:115
10-03 12:32:27.517   679  1024 I mtkcam-dev3: [0-session::tryRunCommandLocked] Run command onOpenLocked -
10-03 12:32:27.517   679 32693 I mtkcam-DeviceAdapter: 0[HalDeviceAdapter::powerOn] powerOn +
10-03 12:32:27.517   645 20024 I CameraProviderManager: Camera device device@3.5/internal/0 torch status is now NOT_AVAILABLE
10-03 12:32:27.517   645 20024 I CameraService: onTorchStatusChangedLocked: Torch status changed for cameraId=0, newStatus=0
10-03 12:32:27.517   679 32693 I Drv/HWsync: Drv/HWsync[init] +, user&cnt(HW_SYNC_USER_AE,0),srIdxNum(0)
10-03 12:32:27.517   679  1024 I mtkcam-camprovider: [onTorchModeStatusChange] device@3.5/internal/0 TorchModeStatus:0
10-03 12:32:27.517   679 32693 I Drv/HWsync: Drv/HWsync[init] mAECyclePeriod(3)
10-03 12:32:27.517   679 32693 W nvbuf_util.cpp: [getInstance:398] getInstance, bInit(1)
10-03 12:32:27.517   679 32693 W nvbuf_util.cpp: [getBufAndReadNoLock:684] ramId(1), sensorDev(1), p(0x7f14c940c0), bForceRead(0) +
10-03 12:32:27.517   679 32693 W nvbuf_util.cpp: [getInstance:398] getInstance, bInit(1)
10-03 12:32:27.518   679 32693 W nvbuf_util.cpp: [getBufAndReadNoLock:684] ramId(4), sensorDev(1), p(0x7ef9f4f280), bForceRead(0) +
10-03 12:32:27.518   679 32693 W nvbuf_util.cpp: [getInstance:398] getInstance, bInit(1)
10-03 12:32:27.518   679 32693 W nvbuf_util.cpp: [getBufAndReadNoLock:684] ramId(0), sensorDev(1), p(0x0), bForceRead(0) +
10-03 12:32:27.518   679 32693 I af_mgr_v3: AF-init           : + Dev 1
10-03 12:32:27.519   679 32693 I af_mgr_v3: Dev(1):enable SensorProvider success for Gyro 
10-03 12:32:27.519   679 32693 I af_mgr_v3: Dev(1):enable SensorProvider success for Acce 
10-03 12:32:27.519   679 32693 I af_mgr_v3: AF-init           : EnAF 1, Algo(0x7eed0d8bc0), users 1
10-03 12:32:27.519   679 32693 I af_mgr_v3: AF-init           : -
10-03 12:32:27.519   679 32693 I FlashHal: init().
10-03 12:32:27.520   679 32693 I StrobeDrvFlashlightFops: openkd(): mUsers(1).
10-03 12:32:27.520   679 32693 I StrobeDrvFlashlight: maxDuty:32
10-03 12:32:27.520   679 32693 I StrobeDrvFlashlight: init(): mUsers(1).
10-03 12:32:27.520   679 32693 I StrobeDrvFlashlight: lowPowerDetectStart(): duty(6).
10-03 12:32:27.520   679 32693 I StrobeDrvFlashlightFops: openkd(): mUsers(2).
10-03 12:32:27.520   679 32693 I StrobeDrvFlashlight: maxDuty:32
10-03 12:32:27.520   679 32693 I StrobeDrvFlashlight: init(): mUsers(1).
10-03 12:32:27.520   679 32693 I StrobeDrvFlashlight: lowPowerDetectStart(): duty(6).
10-03 12:32:27.520   679 32693 I FlashMgrM: init().
10-03 12:32:27.520   679 32693 I FlashAlgoAdapter: setFlashType+
10-03 12:32:27.520   679 32693 I FlashNvram: nvRead3A().
10-03 12:32:27.520   679 32693 W nvbuf_util.cpp: [getInstance:398] getInstance, bInit(1)
10-03 12:32:27.520   679 32693 W nvbuf_util.cpp: [getBufAndReadNoLock:684] ramId(1), sensorDev(1), p(0x7f14c940c0), bForceRead(0) +
10-03 12:32:27.520   679 32693 I FlashNvram: nvReadStrobe().
10-03 12:32:27.520   679 32693 W nvbuf_util.cpp: [getInstance:398] getInstance, bInit(1)
10-03 12:32:27.520   679 32693 W nvbuf_util.cpp: [getBufAndReadNoLock:684] ramId(5), sensorDev(1), p(0x7f14b84000), bForceRead(0) +
10-03 12:32:27.520   679 32693 I FlashNvram: nvReadFlashCali().
10-03 12:32:27.520   679 32693 W nvbuf_util.cpp: [getInstance:398] getInstance, bInit(1)
10-03 12:32:27.520   679 32693 W nvbuf_util.cpp: [getBufAndReadNoLock:684] ramId(12), sensorDev(1), p(0x7efcf309c0), bForceRead(0) +
10-03 12:32:27.520   679 32693 E FlashCustomUtils: verifyYTab(): invalid with 6362(125) < 6364(124). (verifyYTab){#98:vendor/mediatek/proprietary/hardware/mtkcam/aaa/source/mt6765/../common/flash_mgr/tools/flash_custom_utils.cpp}
10-03 12:32:27.520   679 32693 E FlashCustomAdapter: init(): invalid energy table. (init){#109:vendor/mediatek/proprietary/hardware/mtkcam/aaa/source/mt6765/../isp_40/flash_mgr/flash_custom_adapter.cpp}
10-03 12:32:27.520   679 32693 I FlickerHal: init().
10-03 12:32:27.520   679 32693 I FlickerHal: init flicker custom adaptor.
10-03 12:32:27.520   679 32693 I FlickerPlatformAdapter: createBuf(). Create buf success.
10-03 12:32:27.520   679 32693 W nvbuf_util.cpp: [getInstance:398] getInstance, bInit(1)
10-03 12:32:27.520   679 32693 W nvbuf_util.cpp: [getBufAndReadNoLock:684] ramId(0), sensorDev(1), p(0x0), bForceRead(0) +
10-03 12:32:27.521   679 32694 E SeninfDrvImp: [configMclk]Err(  481):hct set sub2 mclk
10-03 12:32:27.521   679 32694 E SeninfDrvImp:  (configMclk){#481:vendor/mediatek/proprietary/hardware/mtkcam/drv/src/sensor/mt6765/seninf_drv.cpp}
10-03 12:32:27.521   679 32694 E SeninfDrvImp: [configMclk]Err(  482):hct-drv add main camera poweron mfake eMclk_2 mclkFreq:24, clkCnt1: 0 pclkInv 0 (configMclk){#482:vendor/mediatek/proprietary/hardware/mtkcam/drv/src/sensor/mt6765/seninf_drv.cpp}
10-03 12:32:27.523 31224 32689 I CamAp_API2-De-Respond-0: [onOpened] camera = android.hardware.camera2.impl.CameraDeviceImpl@808bf03
10-03 12:32:27.525   677   677 I Gyroscope: batch: handle:3, flag:0,samplingPeriodNs:20000000 maxBatchReportLatencyNs:0

10-03 12:32:27.528   677   677 I Gyroscope: enable: handle:3, en:1

10-03 12:32:27.529 31224 32683 I Config  : wideAngleId:-1isZoomSwitchSupport:true
10-03 12:32:27.532   677   677 I Accelerometer: flush, flushCnt:1
10-03 12:32:27.533 31224 32683 I CamAp_CameraUtil: [getAvailableSessionKeys] key :com.mediatek.configure.setting.initrequest
10-03 12:32:27.536 31224 32683 I CamAp_IntentPhotoUi: [IntentPhotoUi] Construct
10-03 12:32:27.536 31224 32683 I CamAp_PhotoDevice2Controller: [onOpened]  camera2proxy = com.mediatek.camera.common.device.v2.Camera2Proxy@8403cb9 preview surface = null  mCameraState = CAMERA_OPENINGcamera2Proxy id = 0 mCameraId = 0
10-03 12:32:27.540 31224 32683 I Config  : wideAngleId:-1isZoomSwitchSupport:true
10-03 12:32:27.542 31224 31224 I gotowc  : setWaterMarkCaptureListener 
10-03 12:32:27.544 31224 32683 I CamAp_PhotoDevice2Controller: [updatePreviewSize] :4608x3456
10-03 12:32:27.545 31224 31224 I CamAp_QuickActivity: onStart()
10-03 12:32:27.546 31224 31224 I CamAp_QuickActivity: onResume()
10-03 12:32:27.548 31224 31224 W com.mediatek.camera: type=1400 audit(0.0:130066): avc: denied { read } for comm=6D6F646520746872656164 name="u:object_r:debug_bq_dump_prop:s0" dev="tmpfs" ino=11987 scontext=u:r:platform_app:s0:c512,c768 tcontext=u:object_r:debug_bq_dump_prop:s0 tclass=file permissive=0
10-03 12:32:27.548 31224 31224 W com.mediatek.camera: type=1400 audit(0.0:130067): avc: denied { read } for comm=6D6F646520746872656164 name="u:object_r:debug_bq_dump_prop:s0" dev="tmpfs" ino=11987 scontext=u:r:platform_app:s0:c512,c768 tcontext=u:object_r:debug_bq_dump_prop:s0 tclass=file permissive=0
10-03 12:32:27.548 31224 31224 W com.mediatek.camera: type=1400 audit(0.0:130068): avc: denied { read } for comm=6D6F646520746872656164 name="u:object_r:debug_bq_dump_prop:s0" dev="tmpfs" ino=11987 scontext=u:r:platform_app:s0:c512,c768 tcontext=u:object_r:debug_bq_dump_prop:s0 tclass=file permissive=0
10-03 12:32:27.549 31224 32683 I CamAp_CameraUtil: findBestMatchPanelSize size: 960 X 720
10-03 12:32:27.549 31224 32683 I CamAp_PhotoDevice2Controller: [updatePictureSize] :4608x3456
10-03 12:32:27.549 31224 32683 E CamAp_CaptureSurface: [setFormat], null pointer! mFormatTag: null
10-03 12:32:27.549 31224 32683 I CamAp_CaptureSurface: [updatePictureInfo] width = 4608,height = 3456,format = 256,maxImage = 5, hasImageReader = false
10-03 12:32:27.550 31224 32683 I BufferQueue: [unnamed-31224-4](this:0x75c4780000,id:4,api:0,p:-1,c:-1) BufferQueue core=(31224:com.mediatek.camera)
10-03 12:32:27.551 31224 32683 E libc    : Access denied finding property "vendor.debug.bq.dump"
10-03 12:32:27.551 31224 32683 I BufferQueueConsumer: [unnamed-31224-4](this:0x75c4780000,id:4,api:0,p:-1,c:31224) connect(C): consumer=(31224:com.mediatek.camera) controlledByApp=true
10-03 12:32:27.551 31224 32683 E libc    : Access denied finding property "vendor.debug.bq.dump"
10-03 12:32:27.551 31224 32683 I BufferQueueConsumer: [unnamed-31224-4](this:0x75c4780000,id:4,api:0,p:-1,c:31224) setConsumerName: unnamed-31224-4
10-03 12:32:27.552 31224 31224 W com.mediatek.camera: type=1400 audit(0.0:130069): avc: denied { read } for comm=6D6F646520746872656164 name="u:object_r:debug_bq_dump_prop:s0" dev="tmpfs" ino=11987 scontext=u:r:platform_app:s0:c512,c768 tcontext=u:object_r:debug_bq_dump_prop:s0 tclass=file permissive=0
10-03 12:32:27.552 31224 31224 W com.mediatek.camera: type=1400 audit(0.0:130070): avc: denied { read } for comm=6D6F646520746872656164 name="u:object_r:debug_bq_dump_prop:s0" dev="tmpfs" ino=11987 scontext=u:r:platform_app:s0:c512,c768 tcontext=u:object_r:debug_bq_dump_prop:s0 tclass=file permissive=0
10-03 12:32:27.552 31224 31224 W com.mediatek.camera: type=1400 audit(0.0:130071): avc: denied { read } for comm=6D6F646520746872656164 name="u:object_r:debug_bq_dump_prop:s0" dev="tmpfs" ino=11987 scontext=u:r:platform_app:s0:c512,c768 tcontext=u:object_r:debug_bq_dump_prop:s0 tclass=file permissive=0
10-03 12:32:27.552 31224 32683 E libc    : Access denied finding property "vendor.debug.bq.dump"
10-03 12:32:27.552 31224 32683 I BufferQueueConsumer: [ImageReader-4608x3456f100m5-31224-3](this:0x75c4780000,id:4,api:0,p:-1,c:31224) setConsumerName: ImageReader-4608x3456f100m5-31224-3
10-03 12:32:27.552 31224 32683 I BufferQueueConsumer: [ImageReader-4608x3456f100m5-31224-3](this:0x75c4780000,id:4,api:0,p:-1,c:31224) setDefaultBufferSize: width=4608 height=3456
10-03 12:32:27.552 31224 32683 E GraphicExt: GraphicExtModuleLoader::CreateGraphicExtInstance false
10-03 12:32:27.555 31224 32683 I CamAp_CaptureSurface: [updatePictureInfo] width = 192,height = 144,format = 35,maxImage = 5, hasImageReader = false
10-03 12:32:27.555 31224 32683 I BufferQueue: [unnamed-31224-5](this:0x75c4781800,id:5,api:0,p:-1,c:-1) BufferQueue core=(31224:com.mediatek.camera)
10-03 12:32:27.555 31224 32683 E libc    : Access denied finding property "vendor.debug.bq.dump"
10-03 12:32:27.556 31224 32683 I BufferQueueConsumer: [unnamed-31224-5](this:0x75c4781800,id:5,api:0,p:-1,c:31224) connect(C): consumer=(31224:com.mediatek.camera) controlledByApp=true
10-03 12:32:27.556 31224 32683 E libc    : Access denied finding property "vendor.debug.bq.dump"
10-03 12:32:27.556 31224 32683 I BufferQueueConsumer: [unnamed-31224-5](this:0x75c4781800,id:5,api:0,p:-1,c:31224) setConsumerName: unnamed-31224-5
10-03 12:32:27.556 31224 32683 E libc    : Access denied finding property "vendor.debug.bq.dump"
10-03 12:32:27.556 31224 32683 I BufferQueueConsumer: [ImageReader-192x144f23m5-31224-4](this:0x75c4781800,id:5,api:0,p:-1,c:31224) setConsumerName: ImageReader-192x144f23m5-31224-4
10-03 12:32:27.556 31224 32683 I BufferQueueConsumer: [ImageReader-192x144f23m5-31224-4](this:0x75c4781800,id:5,api:0,p:-1,c:31224) setDefaultBufferSize: width=192 height=144
10-03 12:32:27.556 31224 32683 E GraphicExt: GraphicExtModuleLoader::CreateGraphicExtInstance false
10-03 12:32:27.557 31224 32683 E CamAp_CaptureSurface: [setFormat], null pointer! mFormatTag: null
10-03 12:32:27.557 31224 32683 I CamAp_CaptureSurface: [updatePictureInfo] width = 4608,height = 3456,format = 256,maxImage = 5, hasImageReader = true
10-03 12:32:27.558   677   677 I Accelerometer: flush, flushCnt:2
10-03 12:32:27.559 31224 32683 I CamAp_CaptureSurface: [updatePictureInfo] width = 192,height = 144,format = 35,maxImage = 5, hasImageReader = true
10-03 12:32:27.560 31224 32683 I CamAp_PhotoDevice2Controller: [configureSession] +, isFromOpen :true
10-03 12:32:27.561 31224 32688 I CamAp_API2-Handler-0: [createCaptureRequest]+, pending time = 1ms.
10-03 12:32:27.563 31224 32688 I CamAp_API2-Handler-0: [createCaptureRequest]-, executing time = 2ms.
10-03 12:32:27.563 31224 32683 I Config  : wideAngleId:-1isZoomSwitchSupport:true
10-03 12:32:27.564 31224 32683 I CamAp_FaceCaptureRequestConfig: [configCaptureRequest] start face detection, this: com.mediatek.camera.feature.setting.facedetection.FaceCaptureRequestConfig@b1eeb75
10-03 12:32:27.565 31224 32688 I CamAp_API2-Handler-0: [createCaptureSession]+, pending time = 0ms.
10-03 12:32:27.565 31224 32688 I CamAp_API2-Handler-0: [createCaptureSession] with mOutputConfigs
10-03 12:32:27.567 31224 31224 I CamAp_ModeManager: [resume]
10-03 12:32:27.568   645 20024 E GraphicExt: GraphicExtModuleLoader::CreateGraphicExtInstance false
10-03 12:32:27.568 31224 31238 W MessageQueue: Handler (com.mediatek.camera.common.device.v2.Camera2DeviceManagerImpl$Camera2ProxyCreatorImpl$RespondCameraHandler) {966170a} sending message to a Handler on a dead thread
10-03 12:32:27.568 31224 31238 W MessageQueue: java.lang.IllegalStateException: Handler (com.mediatek.camera.common.device.v2.Camera2DeviceManagerImpl$Camera2ProxyCreatorImpl$RespondCameraHandler) {966170a} sending message to a Handler on a dead thread
10-03 12:32:27.568 31224 31238 W MessageQueue: 	at android.os.MessageQueue.enqueueMessage(MessageQueue.java:558)
10-03 12:32:27.568 31224 31238 W MessageQueue: 	at android.os.Handler.enqueueMessage(Handler.java:754)
10-03 12:32:27.568 31224 31238 W MessageQueue: 	at android.os.Handler.sendMessageAtTime(Handler.java:703)
10-03 12:32:27.568 31224 31238 W MessageQueue: 	at android.os.Handler.sendMessageDelayed(Handler.java:673)
10-03 12:32:27.568 31224 31238 W MessageQueue: 	at android.os.Handler.post(Handler.java:403)
10-03 12:32:27.568 31224 31238 W MessageQueue: 	at com.mediatek.camera.common.device.v2.Camera2Handler$HandlerExecutor.execute(Camera2Handler.java:402)
10-03 12:32:27.568 31224 31238 W MessageQueue: 	at android.hardware.camera2.impl.CallbackProxies$SessionStateCallbackProxy.onClosed(CallbackProxies.java:104)
10-03 12:32:27.568 31224 31238 W MessageQueue: 	at android.hardware.camera2.impl.CameraCaptureSessionImpl.close(CameraCaptureSessionImpl.java:535)
10-03 12:32:27.568 31224 31238 W MessageQueue: 	at android.hardware.camera2.impl.CameraCaptureSessionImpl.finalize(CameraCaptureSessionImpl.java:826)
10-03 12:32:27.568 31224 31238 W MessageQueue: 	at java.lang.Daemons$FinalizerDaemon.doFinalize(Daemons.java:289)
10-03 12:32:27.568 31224 31238 W MessageQueue: 	at java.lang.Daemons$FinalizerDaemon.runInternal(Daemons.java:276)
10-03 12:32:27.568 31224 31238 W MessageQueue: 	at java.lang.Daemons$Daemon.run(Daemons.java:137)
10-03 12:32:27.568 31224 31238 W MessageQueue: 	at java.lang.Thread.run(Thread.java:919)
10-03 12:32:27.570   645 20024 E CameraDeviceClient: matchIndex: 15  isAddPixel: 1
10-03 12:32:27.570 31224 31224 I SDCardFileUtils: volumenames size:1type:Internal
10-03 12:32:27.572 31224 31224 I StorageManagerEx:  Default path taken as primary storage, path=/storage/emulated/0
10-03 12:32:27.573   645 20024 E GraphicExt: GraphicExtModuleLoader::CreateGraphicExtInstance false
10-03 12:32:27.573   645 20024 E CameraDeviceClient: matchIndex: 0  isAddPixel: 0
10-03 12:32:27.574   645 20024 I chatty  : uid=1047(cameraserver) Binder:645_7 identical 69 lines
10-03 12:32:27.574   645 20024 E CameraDeviceClient: matchIndex: 0  isAddPixel: 0
10-03 12:32:27.575 31224 31224 I SDCardFileUtils: volumenames size:1type:Internal
10-03 12:32:27.576 31224 31224 I StorageManagerEx:  Default path taken as primary storage, path=/storage/emulated/0
10-03 12:32:27.578 31224 31224 I SDCardFileUtils: volumenames size:1type:Internal
10-03 12:32:27.579 31224 31224 I SDCardFileUtils: volumenames size:1type:Internal
10-03 12:32:27.580 31224 31224 I StorageManagerEx:  Default path taken as primary storage, path=/storage/emulated/0
10-03 12:32:27.581 31224 31224 I SDCardFileUtils: volumenames size:1type:Internal
10-03 12:32:27.584 31224 31224 I SDCardFileUtils: volumenames size:1type:Internal
10-03 12:32:27.585 31224 31224 I StorageManagerEx:  Default path taken as primary storage, path=/storage/emulated/0
10-03 12:32:27.587 31224 31224 I SDCardFileUtils: volumenames size:1type:Internal
10-03 12:32:27.589 31224 31224 I CamAp_CameraActivity: [onResumeTasks] FaceModelUtil doCopy start
10-03 12:32:27.589 31224 32683 I SDCardFileUtils: volumenames size:1type:Internal
10-03 12:32:27.590 31224 32683 I StorageManagerEx:  Default path taken as primary storage, path=/storage/emulated/0
10-03 12:32:27.591 31224 31224 I CamAp_CameraActivity: [onResumeTasks] FaceModelUtil doCopy end
10-03 12:32:27.593 31224 32683 I SDCardFileUtils: volumenames size:1type:Internal
10-03 12:32:27.594 31224 32683 I StorageManagerEx:  Default path taken as primary storage, path=/storage/emulated/0
10-03 12:32:27.595 31224 31224 I CamAp_CameraActivity: [onResumeTasks] AiWorksCameraUtil copyModle end
10-03 12:32:27.596 31224 32683 I SDCardFileUtils: volumenames size:1type:Internal
10-03 12:32:27.597 31224 32683 I SDCardFileUtils: volumenames size:1type:Internal
10-03 12:32:27.598 31224 32683 I StorageManagerEx:  Default path taken as primary storage, path=/storage/emulated/0
10-03 12:32:27.599  1143  4331 E WindowManager: App trying to use insecure INPUT_FEATURE_NO_INPUT_CHANNEL flag. Ignoring
10-03 12:32:27.600 31224 32683 I SDCardFileUtils: volumenames size:1type:Internal
10-03 12:32:27.601 31224 32683 I CamAp_PhotoDevice2Controller: [openCamera] mIsHdrOpened : false cameraId =0
10-03 12:32:27.601 31224 32683 I CamAp_PhotoDevice2Controller: [openCamera] value : off
10-03 12:32:27.601 31224 32683 I CamAp_PhotoDevice2Controller: [openCamera] cameraId : 0,sync = false mNeedSubSectionInitSetting =true
10-03 12:32:27.601 31224 32683 I CamAp_PhotoDevice2Controller: [canOpenCamera] new id: 0 current camera :0 isSameCamera = true current state : CAMERA_OPENED isStateReady = false can open : false
10-03 12:32:27.604 31224 31224 I InputTransport: Create ARC handle: 0x7655e605a0
10-03 12:32:27.607 31224 31224 I CamAp_CameraAppService: [onCreate]
10-03 12:32:27.608 31224 31224 I CamAp_CameraAppService: [onStartCommand]
10-03 12:32:27.608 31224 31224 I CamAp_PreviewManager: updatePreviewSize: new size (960 , 720 ) current size (0 , 0 )
10-03 12:32:27.608 31224 31250 I BufferQueue: [unnamed-31224-6](this:0x755f677000,id:6,api:0,p:-1,c:-1) BufferQueue core=(31224:com.mediatek.camera)
10-03 12:32:27.609 31224 31250 E libc    : Access denied finding property "vendor.debug.bq.dump"
10-03 12:32:27.609 31224 31250 I BufferQueueConsumer: [unnamed-31224-6](this:0x755f677000,id:6,api:0,p:-1,c:31224) connect(C): consumer=(31224:com.mediatek.camera) controlledByApp=true
10-03 12:32:27.609 31224 31250 E libc    : Access denied finding property "vendor.debug.bq.dump"
10-03 12:32:27.609 31224 31250 I BufferQueueConsumer: [unnamed-31224-6](this:0x755f677000,id:6,api:0,p:-1,c:31224) setConsumerName: unnamed-31224-6
10-03 12:32:27.609 31224 31250 E libc    : Access denied finding property "vendor.debug.bq.dump"
10-03 12:32:27.609 31224 31250 I BufferQueueConsumer: [ImageReader-1x1f100m1-31224-5](this:0x755f677000,id:6,api:0,p:-1,c:31224) setConsumerName: ImageReader-1x1f100m1-31224-5
10-03 12:32:27.609 31224 31250 I BufferQueueConsumer: [ImageReader-1x1f100m1-31224-5](this:0x755f677000,id:6,api:0,p:-1,c:31224) setDefaultBufferSize: width=1 height=1
10-03 12:32:27.609 31224 31250 E GraphicExt: GraphicExtModuleLoader::CreateGraphicExtInstance false
10-03 12:32:27.610 31224 31250 I BufferQueue: [ImageReader-1x1f100m1-31224-5](this:0x755f677000,id:6,api:0,p:-1,c:-1) ~BufferQueueCore
10-03 12:32:27.610 31224 31224 E Bemboy_Error: Android
10-03 12:32:27.610 31224 31224 E CamAp_TextureViewController: [@dd603676], animation cover is null
10-03 12:32:27.610 31224 31224 I CamAp_TextureViewController: updatePreviewSize: new size (960 , 720 ) current size (0 , 0 ),mIsSurfaceCreated = false listener = com.mediatek.camera.common.mode.photo.PhotoMode$SurfaceChangeListener@2283e5e
10-03 12:32:27.612   677   731 I Accelerometer: flush complete, flushCnt:1
10-03 12:32:27.612 31224 31224 I CamAp_TextureViewController: relayoutPreview:
10-03 12:32:27.612   677   731 I Accelerometer: flush complete, flushCnt:0
10-03 12:32:27.618  1143  4282 I WindowManager: Relayout Window{ef5bdae u0 com.mediatek.camera/com.mediatek.camera.CaptureActivity}: oldVis=4 newVis=0 focusMayChange = true
10-03 12:32:27.621   571   614 I BufferQueue: [unnamed-571-129](this:0x7890b75000,id:129,api:0,p:-1,c:-1) BufferQueue core=(571:/system/bin/surfaceflinger)
10-03 12:32:27.621   571   614 I BufferQueueConsumer: [unnamed-571-129](this:0x7890b75000,id:129,api:0,p:-1,c:571) connect(C): consumer=(571:/system/bin/surfaceflinger) controlledByApp=false
10-03 12:32:27.621   571   614 I BufferQueueConsumer: [unnamed-571-129](this:0x7890b75000,id:129,api:0,p:-1,c:571) setConsumerName: unnamed-571-129
10-03 12:32:27.621   571   614 I BufferQueueConsumer: [com.mediatek.camera/com.mediatek.camera.CaptureActivity#0](this:0x7890b75000,id:129,api:0,p:-1,c:571) setConsumerName: com.mediatek.camera/com.mediatek.camera.CaptureActivity#0
10-03 12:32:27.621   571   614 I BufferQueueConsumer: [com.mediatek.camera/com.mediatek.camera.CaptureActivity#0](this:0x7890b75000,id:129,api:0,p:-1,c:571) setDefaultBufferSize: width=720 height=1440
10-03 12:32:27.624 31224 31224 E GraphicExt: GraphicExtModuleLoader::CreateGraphicExtInstance false
10-03 12:32:27.626   571   614 I BufferQueueProducer: [com.mediatek.camera/com.mediatek.camera.CaptureActivity#0](this:0x7890b75000,id:129,api:1,p:31224,c:571) connect(P): api=1 producer=(31224:com.mediatek.camera) producerControlledByApp=false
10-03 12:32:27.631 31224 31224 I BufferQueue: [unnamed-31224-7](this:0x75be3b5800,id:7,api:0,p:-1,c:-1) BufferQueue core=(31224:com.mediatek.camera)
10-03 12:32:27.631 31224 31224 E libc    : Access denied finding property "vendor.debug.bq.dump"
10-03 12:32:27.631 31224 31224 I BufferQueueConsumer: [unnamed-31224-7](this:0x75be3b5800,id:7,api:0,p:-1,c:31224) connect(C): consumer=(31224:com.mediatek.camera) controlledByApp=true
10-03 12:32:27.631 31224 31224 E libc    : Access denied finding property "vendor.debug.bq.dump"
10-03 12:32:27.631 31224 31224 I BufferQueueConsumer: [unnamed-31224-7](this:0x75be3b5800,id:7,api:0,p:-1,c:31224) setConsumerName: unnamed-31224-7
10-03 12:32:27.631 31224 31224 E libc    : Access denied finding property "vendor.debug.bq.dump"
10-03 12:32:27.631 31224 31224 I BufferQueueConsumer: [SurfaceTexture-0-31224-1](this:0x75be3b5800,id:7,api:0,p:-1,c:31224) setConsumerName: SurfaceTexture-0-31224-1
10-03 12:32:27.632 31224 31224 E GraphicExt: GraphicExtModuleLoader::CreateGraphicExtInstance false
10-03 12:32:27.632 31224 31224 I BufferQueueConsumer: [SurfaceTexture-0-31224-1](this:0x75be3b5800,id:7,api:0,p:-1,c:31224) setDefaultBufferSize: width=720 height=960
10-03 12:32:27.632 31224 31224 I BufferQueueConsumer: [SurfaceTexture-0-31224-1](this:0x75be3b5800,id:7,api:0,p:-1,c:31224) setDefaultBufferSize: width=960 height=720
10-03 12:32:27.632 31224 32683 E GraphicExt: GraphicExtModuleLoader::CreateGraphicExtInstance false
10-03 12:32:27.649 31224 31224 I CamAp_CameraActivity: mOrientation = 0
10-03 12:32:27.672  1143  1167 I ActivityTaskManager: Displayed com.mediatek.camera/.CaptureActivity: +354ms
10-03 12:32:27.675 31645 31645 I GoogleInputMethodService: GoogleInputMethodService.onFinishInput():2085 
10-03 12:32:27.676   571   962 I BufferQueueProducer: [StatusBar#0](this:0x7890926800,id:4,api:1,p:1331,c:571) queueBuffer: fps=0.85 dur=2344.78 max=2333.49 min=11.29
10-03 12:32:27.677 31645 31645 I Module  : DeviceLockedStatusModuleProvider$Module.updateDeviceLockedStatus():100 repeatCheckTimes = 0, locked = false
10-03 12:32:27.677 31645 31645 I GoogleInputMethodService: GoogleInputMethodService.onStartInput():1346 onStartInput(EditorInfo{EditorInfo{packageName=com.mediatek.camera, inputType=0, inputTypeString=NULL, enableLearning=false, autoCorrection=false, autoComplete=false, imeOptions=0, privateImeOptions=null, actionName=UNSPECIFIED, actionLabel=null, initialSelStart=-1, initialSelEnd=-1, initialCapsMode=0, label=null, fieldId=-1, fieldName=null, extras=null, hintText=null, hintLocales=[]}}, false)
10-03 12:32:27.679 31645 31645 I Module  : DeviceLockedStatusModuleProvider$Module.updateDeviceLockedStatus():100 repeatCheckTimes = 1, locked = false
10-03 12:32:27.685   557   584 I power@1.3-impl: powerHintInternal hint:8, data:0
10-03 12:32:27.736 31224 31224 I SlidingArcView:    init   slidingArcView   
10-03 12:32:27.736   571   571 I BufferQueueProducer: [FramebufferSurface](this:0x78a00d6800,id:0,api:1,p:571,c:571) queueBuffer: fps=0.35 dur=72318.24 max=71930.38 min=14.05
10-03 12:32:27.745 31224 31224 I SlidingArcView: i = 0 width = 0 height = 0
10-03 12:32:27.745 31224 31224 I SlidingArcView: i = 1 width = 0 height = 0
10-03 12:32:27.745 31224 31224 I SlidingArcView: i = 2 width = 0 height = 0
10-03 12:32:27.745 31224 31224 I SlidingArcView: i = 3 width = 0 height = 0
10-03 12:32:27.745 31224 31224 I SlidingArcView: i = 4 width = 0 height = 0
10-03 12:32:27.745 31224 31224 I SlidingArcView: i = 5 width = 0 height = 0
10-03 12:32:27.745 31224 31224 I SlidingArcView: i = 6 width = 0 height = 0
10-03 12:32:27.745 31224 31224 I SlidingArcView: i = 7 width = 0 height = 0
10-03 12:32:27.745 31224 31224 I SlidingArcView: i = 8 width = 0 height = 0
10-03 12:32:27.745 31224 31224 I SlidingArcView: i = 9 width = 0 height = 0
10-03 12:32:27.745 31224 31224 I SlidingArcView: i = 10 width = 0 height = 0
10-03 12:32:27.745 31224 31224 I SlidingArcView: i = 11 width = 0 height = 0
10-03 12:32:27.746 31224 31224 I SlidingArcView: i = 12 width = 0 height = 0
10-03 12:32:27.746 31224 31224 I SlidingArcView: i = 13 width = 0 height = 0
10-03 12:32:27.746 31224 31224 I SlidingArcView: i = 14 width = 0 height = 0
10-03 12:32:27.746 31224 31224 I SlidingArcView: i = 15 width = 0 height = 0
10-03 12:32:27.746 31224 31224 I SlidingArcView: i = 16 width = 0 height = 0
10-03 12:32:27.746 31224 31224 I SlidingArcView: i = 17 width = 0 height = 0
10-03 12:32:27.746 31224 31224 I SlidingArcView: i = 18 width = 0 height = 0
10-03 12:32:27.746 31224 31224 I SlidingArcView: i = 19 width = 0 height = 0
10-03 12:32:27.746 31224 31224 I SlidingArcView: i = 20 width = 0 height = 0
10-03 12:32:27.746 31224 31224 I SlidingArcView: i = 21 width = 0 height = 0
10-03 12:32:27.746 31224 31224 I SlidingArcView: i = 22 width = 0 height = 0
10-03 12:32:27.746 31224 31224 I SlidingArcView: i = 23 width = 0 height = 0
10-03 12:32:27.747 31224 31224 I SlidingArcView: i = 24 width = 0 height = 0
10-03 12:32:27.747 31224 31224 I SlidingArcView: i = 25 width = 0 height = 0
10-03 12:32:27.747 31224 31224 I SlidingArcView: i = 26 width = 0 height = 0
10-03 12:32:27.747 31224 31224 I SlidingArcView: i = 27 width = 0 height = 0
10-03 12:32:27.747 31224 31224 I SlidingArcView: i = 28 width = 0 height = 0
10-03 12:32:27.747 31224 31224 I SlidingArcView: i = 29 width = 0 height = 0
10-03 12:32:27.747 31224 31224 I SlidingArcView: i = 30 width = 0 height = 0
10-03 12:32:27.747 31224 31224 I SlidingArcView: i = 31 width = 0 height = 0
10-03 12:32:27.748 31224 31224 I SlidingArcView: i = 32 width = 0 height = 0
10-03 12:32:27.748 31224 31224 I SlidingArcView: i = 33 width = 0 height = 0
10-03 12:32:27.748 31224 31224 I SlidingArcView: i = 34 width = 0 height = 0
10-03 12:32:27.751 31224 31224 I SlidingArcView:  slidingView  onVisibilityChanged  4
10-03 12:32:27.752 31224 31224 I Config  : wideAngleId:-1isZoomSwitchSupport:true
10-03 12:32:27.752 31224 31224 I SlidingArcView: setIndexOfView index = 31 indexOfView = 35
10-03 12:32:27.756 31224 31224 I Config  : wideAngleId:-1isZoomSwitchSupport:true
10-03 12:32:27.757 31224 31224 I SlidingArcView: setIndexOfView index = 31 indexOfView = 31
10-03 12:32:27.765 31224 31224 I SlidingArcView: onLayout l = 0 t = 1086 r = 720 b = 1164
10-03 12:32:27.765 31224 31224 I SlidingArcView:  width = 720 height = 78
10-03 12:32:27.765 31224 31224 I SlidingArcView:    onLayout   slidingArcView   CentX = 360 CentY = 39
