10-03 12:32:27.973   679 32695 W TaskMgr : [sendEvent] Create Task(7), overridePriority(-1)
10-03 12:32:27.974   679  1028 W TuningMgr: TuningMgr[updateEngine] WARNING: [temp log] AF enable(1_0x100e02e0_0x808811e8)
10-03 12:32:27.974   679  1028 W LCSDrv  : overwirte LCSList_In FrmID: 1
10-03 12:32:27.975   679  1028 W TuningMgr: TuningMgr[updateEngine] WARNING: [temp log] AF enable(1_0x100e02e0_0x808811e8)
10-03 12:32:27.976 31224 31224 W View    : requestLayout() improperly called by android.widget.RelativeLayout{c82eac9 V.E...... ......I. 0,0-305,305} during layout: running second layout pass
10-03 12:32:27.976   679  1028 W TuningMgr: TuningMgr[updateEngine] WARNING: [temp log] AF enable(1_0x100e02e0_0x808811e8)
10-03 12:32:27.976 31224 31224 W View    : requestLayout() improperly called by android.widget.RelativeLayout{7bd65ce I.E...... ......ID 28,20-82,284 #7f0900b7 app:id/expand_view} during layout: running second layout pass
10-03 12:32:27.977   679  1028 I FlashMgrM: setManualExposureTime(): manualExp(10000).
10-03 12:32:27.977   679  1028 I FlashMgrM: setManualSensitivity(): ISO(100)
10-03 12:32:27.977   679  1028 I FlashHal: setSubFlashCustomization(): enable(0).
10-03 12:32:27.977   679  1028 I FlashHal: setTorchLevel(): level(1).
10-03 12:32:27.977   679  1028 I StrobeDrvFlashlight: setDuty(): duty(6).
10-03 12:32:27.977   679  1028 I StrobeDrvFlashlight: setDuty(): duty(0).
10-03 12:32:27.977   679  1028 I FlickerHal: setFlickerMode(): mode change(0->3).
10-03 12:32:27.977   679  1028 E Metadata2/Entry: itemAt(531):Get data error , tag ffffffff, mContentPtr 0x0 (itemAt){#531:vendor/mediatek/proprietary/hardware/mtkcam/utils/metadata/metadata/Entry.cpp}
10-03 12:32:27.981 31224 31224 I CamAp_FlashViewController: mBatteryLimit===16
10-03 12:32:27.984   679  1028 I MtkCam/P1NodeImp: [hardwareOps_request] [Cam::0] Cam::0 BinEn:0 ConfigPort[4]:0xf
10-03 12:32:27.989   679  1028 I mtkcam-PipelineModelSession: [submitRequest] <Default/0> requestNo:4 { repeating:0 control.aeTargetFpsRange:5,30 control.captureIntent:1 control.enableZsl:0 control.processRawEn:0 control.mode:1 control.sceneMode:0 control.videoStabilizationMode:0 edge.mode:1 }
10-03 12:32:28.026   679   385 I af_mgr_v3: #(    4,    0) cmd-setAFMode Dev(1):ctl_afmode(4)
10-03 12:32:28.026   679   385 I af_mgr_v3: #(    4,    0) cmd-setAFMode Dev(1):lib_afmode 0->2
10-03 12:32:28.026   679   385 I af_mgr_v3: #(    4,    0) UpdateState Dev(1) EVENT_CMD_CHANGE_MODE
10-03 12:32:28.026   679   385 I af_mgr_v3: [UpdateStateContinuousMode] LaunchCamTrigger, LockAlgo for waiting (AEStable or PDValid) + FDinfo
10-03 12:32:28.026   679   385 I af_mgr_v3: #(    4,    0) LockAlgo Dev(1): Lock(1), Pause(0)
10-03 12:32:28.026   679   385 I af_mgr_v3: LockAlgo
10-03 12:32:28.026   679   385 I af_mgr_v3: #(    4,    0) UpdateState  Dev(1) : 0->6
10-03 12:32:28.027   679   385 I af_mgr_v3: cmd-getAFState Dev 1 : 0->6
10-03 12:32:28.027   679   385 I isp_mgr_af_stat: HW-Rdy (0) - (0)
10-03 12:32:28.028   679   385 I af_mgr_v3: #(    4,    1) MoveLensTo Dev(1) DAC(0)
10-03 12:32:28.039   679 32713 I af_mgr_v3: AFmeta OPTICAL_STABILIZATION 0  0
10-03 12:32:28.039   679   383 I FlickerHal: update(): skip, not enough frame(1).
10-03 12:32:28.044 31224 31224 I SlidingArcView: onLayout l = 0 t = 1086 r = 720 b = 1164
10-03 12:32:28.044 31224 31224 I SlidingArcView:  width = 720 height = 78
10-03 12:32:28.044 31224 31224 I SlidingArcView:    onLayout   slidingArcView   CentX = 360 CentY = 39
10-03 12:32:28.045   679 32766 W MtkCam/StreamingPipe/P2A_3DNR: [prepare3DNR]3dnr->do3dnrFlow failed
10-03 12:32:28.063   679 32720 I FDVT_Drv: FDVT_Init, HW FD Open CLK
10-03 12:32:28.068   679 32720 I MtkCam/fdNodeImp: [RunFaceDetection] check FD frame timestamp : 253140208067000
10-03 12:32:28.068   679 32720 I MtkCam/fdNodeImp: [RunFaceDetection] check FD count : 0, duration : 0
10-03 12:32:28.083   679 32695 W TuningMgr: TuningMgr[updateEngine] WARNING: [temp log] AF enable(1_0x100e02e0_0x808811e8)
10-03 12:32:28.087   571  1660 I BufferQueueProducer: [com.prinapo.maigret/com.prinapo.maigret.MainActivity#0](this:0x789c640000,id:126,api:1,p:32399,c:571) disconnect(P): api 1
10-03 12:32:28.096   679   385 I isp_mgr_af_stat: HW-Rdy (0) - (0)
10-03 12:32:28.100 32399 32442 I GED     : ged_boost_gpu_freq, level 100, eOrigin 2, final_idx 2, oppidx_max 2, oppidx_min 0
10-03 12:32:28.109   679   383 I FlickerHal: update(): skip, not enough frame(2).
10-03 12:32:28.122   544   603 I hwcomposer: [HWCDisplay] [Display_0 (type:1)] fps:61.446152,dur:1009.01,max:20.57,min:13.70  
10-03 12:32:28.134   679 32720 I FDVT_Drv: Final: HW_NUM:0, Filter_NUM:0, SKIP_NUM:0
10-03 12:32:28.135   679 32720 I af_mgr_v3: [setOTFDInfo] num 0
10-03 12:32:28.140 31224 32683 I CamAp_SoundPlaybackImpl: init
10-03 12:32:28.146   679 32695 E Metadata2/Entry: itemAt(531):Get data error , tag ffffffff, mContentPtr 0x0 (itemAt){#531:vendor/mediatek/proprietary/hardware/mtkcam/utils/metadata/metadata/Entry.cpp}
10-03 12:32:28.147 31224 32683 W SoundPool: Use of stream types is deprecated for operations other than volume control
10-03 12:32:28.148 31224 32683 W SoundPool: See the documentation of SoundPool() for what to use instead with android.media.AudioAttributes to qualify your playback use case
10-03 12:32:28.150   679 32695 W TuningMgr: TuningMgr[updateEngine] WARNING: [temp log] AF enable(1_0x100e02e0_0x808811e8)
10-03 12:32:28.162   660  1823 E APEExtractor: getAPEInfo not ape 20481
10-03 12:32:28.166   679   385 I af_mgr_v3: #(    5,    2) cmd-SetCropRegionInfo (x,y,w,h)=(0, 4, 4640, 3474), dzX(100), dzY(100), Fac(100)
10-03 12:32:28.166   679   385 I af_mgr_v3: UpdateCenterROI 37 38 37 39 18 24 - scale 18 24
10-03 12:32:28.166   679   385 I af_mgr_v3: ROI-C [X]1902 [Y]1324 [W]835 [H]833
10-03 12:32:28.166   679   385 I isp_mgr_af_stat: HW-Rdy (0) - (0)
10-03 12:32:28.170   571   571 I BufferQueue: [com.prinapo.maigret/com.prinapo.maigret.MainActivity#0](this:0x789c640000,id:126,api:1,p:-1,c:-1) ~BufferQueueCore
10-03 12:32:28.197 31224   416 I CCodec  : Created component [c2.android.vorbis.decoder]
10-03 12:32:28.203   679 32720 I FDVT_Drv: Final: HW_NUM:0, Filter_NUM:0, SKIP_NUM:0
10-03 12:32:28.213 31224   416 I CCodecConfig: query failed after returning 7 values (BAD_INDEX)
10-03 12:32:28.216 31224   416 W Codec2Client: query -- param skipped: index = 1107298332.
10-03 12:32:28.216   679 32695 E Metadata2/Entry: itemAt(531):Get data error , tag ffffffff, mContentPtr 0x0 (itemAt){#531:vendor/mediatek/proprietary/hardware/mtkcam/utils/metadata/metadata/Entry.cpp}
10-03 12:32:28.218 31224   416 W Codec2Client: query -- param skipped: index = 1342179345.
10-03 12:32:28.218 31224   416 W Codec2Client: query -- param skipped: index = 2415921170.
10-03 12:32:28.219   679 32695 W TuningMgr: TuningMgr[updateEngine] WARNING: [temp log] AF enable(1_0x100e02e0_0x808811e8)
10-03 12:32:28.224   693  1812 E FMQ     : grantorIdx must be less than 3
10-03 12:32:28.224   693  1812 E FMQ     : grantorIdx must be less than 3
10-03 12:32:28.225 31224   416 I CCodecBufferChannel: [c2.android.vorbis.decoder#81] Created output block pool with allocatorID 16 => poolID 35 - OK
10-03 12:32:28.229   693  1812 E FMQ     : grantorIdx must be less than 3
10-03 12:32:28.239   693   418 E FMQ     : grantorIdx must be less than 3
10-03 12:32:28.287   679 32695 E Metadata2/Entry: itemAt(531):Get data error , tag ffffffff, mContentPtr 0x0 (itemAt){#531:vendor/mediatek/proprietary/hardware/mtkcam/utils/metadata/metadata/Entry.cpp}
10-03 12:32:28.290   679 32695 W TuningMgr: TuningMgr[updateEngine] WARNING: [temp log] AF enable(1_0x100e02e0_0x808811e8)
10-03 12:32:28.321  1143  1270 E WifiVendorHal: getWifiLinkLayerStats_1_3_Internal(l.927) failed {.code = ERROR_NOT_SUPPORTED, .description = }
10-03 12:32:28.321   693   861 I hw-BpHwBinder: onLastStrongRef automatically unlinking death recipients
10-03 12:32:28.331   660  1842 E APEExtractor: getAPEInfo not ape 20483
10-03 12:32:28.338   679 32720 I FDVT_Drv: Final: HW_NUM:0, Filter_NUM:0, SKIP_NUM:0
10-03 12:32:28.346 31224   420 I CCodec  : Created component [c2.android.vorbis.decoder]
10-03 12:32:28.353 31224   420 I CCodecConfig: query failed after returning 7 values (BAD_INDEX)
10-03 12:32:28.357   679 32695 E Metadata2/Entry: itemAt(531):Get data error , tag ffffffff, mContentPtr 0x0 (itemAt){#531:vendor/mediatek/proprietary/hardware/mtkcam/utils/metadata/metadata/Entry.cpp}
10-03 12:32:28.358 31224   420 W Codec2Client: query -- param skipped: index = 1107298332.
10-03 12:32:28.359 31224   420 W Codec2Client: query -- param skipped: index = 1342179345.
10-03 12:32:28.359 31224   420 W Codec2Client: query -- param skipped: index = 2415921170.
10-03 12:32:28.360   679 32695 W TuningMgr: TuningMgr[updateEngine] WARNING: [temp log] AF enable(1_0x100e02e0_0x808811e8)
10-03 12:32:28.362   693   861 E FMQ     : grantorIdx must be less than 3
10-03 12:32:28.362   693   861 E FMQ     : grantorIdx must be less than 3
10-03 12:32:28.362 31224   420 I CCodecBufferChannel: [c2.android.vorbis.decoder#273] Created output block pool with allocatorID 16 => poolID 36 - OK
10-03 12:32:28.365   693   861 E FMQ     : grantorIdx must be less than 3
10-03 12:32:28.373   693   422 E FMQ     : grantorIdx must be less than 3
10-03 12:32:28.426   679 32695 E Metadata2/Entry: itemAt(531):Get data error , tag ffffffff, mContentPtr 0x0 (itemAt){#531:vendor/mediatek/proprietary/hardware/mtkcam/utils/metadata/metadata/Entry.cpp}
10-03 12:32:28.429   679 32695 W TuningMgr: TuningMgr[updateEngine] WARNING: [temp log] AF enable(1_0x100e02e0_0x808811e8)
10-03 12:32:28.443   693  1809 I hw-BpHwBinder: onLastStrongRef automatically unlinking death recipients
10-03 12:32:28.451   660  1842 E APEExtractor: getAPEInfo not ape 20483
10-03 12:32:28.461 31224   427 I CCodec  : Created component [c2.android.vorbis.decoder]
10-03 12:32:28.466 31224   427 I CCodecConfig: query failed after returning 7 values (BAD_INDEX)
10-03 12:32:28.468 31224   427 W Codec2Client: query -- param skipped: index = 1107298332.
10-03 12:32:28.469 31224   427 W Codec2Client: query -- param skipped: index = 1342179345.
10-03 12:32:28.469 31224   427 W Codec2Client: query -- param skipped: index = 2415921170.
10-03 12:32:28.472   693   861 E FMQ     : grantorIdx must be less than 3
10-03 12:32:28.472   693   861 E FMQ     : grantorIdx must be less than 3
10-03 12:32:28.473 31224   427 I CCodecBufferChannel: [c2.android.vorbis.decoder#465] Created output block pool with allocatorID 16 => poolID 37 - OK
10-03 12:32:28.474   679 32720 I FDVT_Drv: Final: HW_NUM:0, Filter_NUM:0, SKIP_NUM:0
10-03 12:32:28.477   693   861 E FMQ     : grantorIdx must be less than 3
10-03 12:32:28.488   693   430 E FMQ     : grantorIdx must be less than 3
10-03 12:32:28.497   679 32695 E Metadata2/Entry: itemAt(531):Get data error , tag ffffffff, mContentPtr 0x0 (itemAt){#531:vendor/mediatek/proprietary/hardware/mtkcam/utils/metadata/metadata/Entry.cpp}
10-03 12:32:28.500   679 32695 W TuningMgr: TuningMgr[updateEngine] WARNING: [temp log] AF enable(1_0x100e02e0_0x808811e8)
10-03 12:32:28.513   557   583 I libPowerHal: perfUserScnDisable - handle:113
10-03 12:32:28.514   557   583 I libPowerHal: 135: cpu_ctrl set freq: -1 -1 -1 -1
10-03 12:32:28.538   693  1809 I hw-BpHwBinder: onLastStrongRef automatically unlinking death recipients
10-03 12:32:28.542   679 32720 I FDVT_Drv: Final: HW_NUM:0, Filter_NUM:0, SKIP_NUM:0
10-03 12:32:28.549   660  1842 E APEExtractor: getAPEInfo not ape 20483
10-03 12:32:28.563 31224   432 I CCodec  : Created component [c2.android.vorbis.decoder]
10-03 12:32:28.567   679 32695 E Metadata2/Entry: itemAt(531):Get data error , tag ffffffff, mContentPtr 0x0 (itemAt){#531:vendor/mediatek/proprietary/hardware/mtkcam/utils/metadata/metadata/Entry.cpp}
10-03 12:32:28.569 31224   432 I CCodecConfig: query failed after returning 7 values (BAD_INDEX)
10-03 12:32:28.570   679 32695 W TuningMgr: TuningMgr[updateEngine] WARNING: [temp log] AF enable(1_0x100e02e0_0x808811e8)
10-03 12:32:28.572 31224   432 W Codec2Client: query -- param skipped: index = 1107298332.
10-03 12:32:28.573 31224   432 W Codec2Client: query -- param skipped: index = 1342179345.
10-03 12:32:28.573 31224   432 W Codec2Client: query -- param skipped: index = 2415921170.
10-03 12:32:28.574   693  1809 E FMQ     : grantorIdx must be less than 3
10-03 12:32:28.575   693  1809 E FMQ     : grantorIdx must be less than 3
10-03 12:32:28.575 31224   432 I CCodecBufferChannel: [c2.android.vorbis.decoder#502] Created output block pool with allocatorID 16 => poolID 38 - OK
10-03 12:32:28.578   693  1809 E FMQ     : grantorIdx must be less than 3
10-03 12:32:28.588   693   435 E FMQ     : grantorIdx must be less than 3
10-03 12:32:28.611   679 32720 I FDVT_Drv: Final: HW_NUM:0, Filter_NUM:0, SKIP_NUM:0
10-03 12:32:28.627   693  1831 I hw-BpHwBinder: onLastStrongRef automatically unlinking death recipients
10-03 12:32:28.637   679 32695 E Metadata2/Entry: itemAt(531):Get data error , tag ffffffff, mContentPtr 0x0 (itemAt){#531:vendor/mediatek/proprietary/hardware/mtkcam/utils/metadata/metadata/Entry.cpp}
10-03 12:32:28.640   679 32695 W TuningMgr: TuningMgr[updateEngine] WARNING: [temp log] AF enable(1_0x100e02e0_0x808811e8)
10-03 12:32:28.686   679 32720 I FDVT_Drv: Final: HW_NUM:0, Filter_NUM:0, SKIP_NUM:0
10-03 12:32:28.707   679 32695 E Metadata2/Entry: itemAt(531):Get data error , tag ffffffff, mContentPtr 0x0 (itemAt){#531:vendor/mediatek/proprietary/hardware/mtkcam/utils/metadata/metadata/Entry.cpp}
10-03 12:32:28.709   679 32695 W TuningMgr: TuningMgr[updateEngine] WARNING: [temp log] AF enable(1_0x100e02e0_0x808811e8)
10-03 12:32:28.712   571  1967 I BufferQueueProducer: [com.mediatek.camera/com.mediatek.camera.CaptureActivity#0](this:0x7890b75000,id:129,api:1,p:31224,c:571) queueBuffer: fps=17.84 dur=1065.11 max=143.63 min=6.16
10-03 12:32:28.756   679 32720 I FDVT_Drv: Final: HW_NUM:0, Filter_NUM:0, SKIP_NUM:0
10-03 12:32:28.777   679 32695 E Metadata2/Entry: itemAt(531):Get data error , tag ffffffff, mContentPtr 0x0 (itemAt){#531:vendor/mediatek/proprietary/hardware/mtkcam/utils/metadata/metadata/Entry.cpp}
10-03 12:32:28.781   679 32695 W TuningMgr: TuningMgr[updateEngine] WARNING: [temp log] AF enable(1_0x100e02e0_0x808811e8)
10-03 12:32:28.824   679 32720 I FDVT_Drv: Final: HW_NUM:0, Filter_NUM:0, SKIP_NUM:0
10-03 12:32:28.847   679 32695 E Metadata2/Entry: itemAt(531):Get data error , tag ffffffff, mContentPtr 0x0 (itemAt){#531:vendor/mediatek/proprietary/hardware/mtkcam/utils/metadata/metadata/Entry.cpp}
10-03 12:32:28.850   679 32695 W TuningMgr: TuningMgr[updateEngine] WARNING: [temp log] AF enable(1_0x100e02e0_0x808811e8)
10-03 12:32:28.897   679 32720 I FDVT_Drv: Final: HW_NUM:0, Filter_NUM:0, SKIP_NUM:0
10-03 12:32:28.917   679 32695 E Metadata2/Entry: itemAt(531):Get data error , tag ffffffff, mContentPtr 0x0 (itemAt){#531:vendor/mediatek/proprietary/hardware/mtkcam/utils/metadata/metadata/Entry.cpp}
10-03 12:32:28.921   679 32695 W TuningMgr: TuningMgr[updateEngine] WARNING: [temp log] AF enable(1_0x100e02e0_0x808811e8)
10-03 12:32:28.969   679 32720 I FDVT_Drv: Final: HW_NUM:0, Filter_NUM:0, SKIP_NUM:0
10-03 12:32:28.987   679 32695 E Metadata2/Entry: itemAt(531):Get data error , tag ffffffff, mContentPtr 0x0 (itemAt){#531:vendor/mediatek/proprietary/hardware/mtkcam/utils/metadata/metadata/Entry.cpp}
10-03 12:32:28.991   679 32695 W TuningMgr: TuningMgr[updateEngine] WARNING: [temp log] AF enable(1_0x100e02e0_0x808811e8)
10-03 12:32:29.039   679 32720 I FDVT_Drv: Final: HW_NUM:0, Filter_NUM:0, SKIP_NUM:0
10-03 12:32:29.057   679 32695 E Metadata2/Entry: itemAt(531):Get data error , tag ffffffff, mContentPtr 0x0 (itemAt){#531:vendor/mediatek/proprietary/hardware/mtkcam/utils/metadata/metadata/Entry.cpp}
10-03 12:32:29.061   679 32695 W TuningMgr: TuningMgr[updateEngine] WARNING: [temp log] AF enable(1_0x100e02e0_0x808811e8)
10-03 12:32:29.107 31224 31241 I BufferQueueProducer: [SurfaceTexture-0-31224-1](this:0x75be3b5800,id:7,api:4,p:645,c:31224) queueBuffer: fps=14.35 dur=1045.47 max=74.37 min=65.56
10-03 12:32:29.111   679 32720 I FDVT_Drv: Final: HW_NUM:0, Filter_NUM:0, SKIP_NUM:0
10-03 12:32:29.127   679 32695 E Metadata2/Entry: itemAt(531):Get data error , tag ffffffff, mContentPtr 0x0 (itemAt){#531:vendor/mediatek/proprietary/hardware/mtkcam/utils/metadata/metadata/Entry.cpp}
10-03 12:32:29.131   679 32695 W TuningMgr: TuningMgr[updateEngine] WARNING: [temp log] AF enable(1_0x100e02e0_0x808811e8)
10-03 12:32:29.131   544   603 I hwcomposer: [HWCDisplay] [Display_0 (type:1)] fps:16.849087,dur:1008.96,max:81.63,min:15.50  
10-03 12:32:29.197   679 32695 E Metadata2/Entry: itemAt(531):Get data error , tag ffffffff, mContentPtr 0x0 (itemAt){#531:vendor/mediatek/proprietary/hardware/mtkcam/utils/metadata/metadata/Entry.cpp}
10-03 12:32:29.201   679 32695 W TuningMgr: TuningMgr[updateEngine] WARNING: [temp log] AF enable(1_0x100e02e0_0x808811e8)
10-03 12:32:29.250   679 32720 I FDVT_Drv: Final: HW_NUM:0, Filter_NUM:0, SKIP_NUM:0
10-03 12:32:29.267   679 32695 E Metadata2/Entry: itemAt(531):Get data error , tag ffffffff, mContentPtr 0x0 (itemAt){#531:vendor/mediatek/proprietary/hardware/mtkcam/utils/metadata/metadata/Entry.cpp}
10-03 12:32:29.271   679 32695 W TuningMgr: TuningMgr[updateEngine] WARNING: [temp log] AF enable(1_0x100e02e0_0x808811e8)
10-03 12:32:29.337   679 32695 E Metadata2/Entry: itemAt(531):Get data error , tag ffffffff, mContentPtr 0x0 (itemAt){#531:vendor/mediatek/proprietary/hardware/mtkcam/utils/metadata/metadata/Entry.cpp}
10-03 12:32:29.342   679 32695 W TuningMgr: TuningMgr[updateEngine] WARNING: [temp log] AF enable(1_0x100e02e0_0x808811e8)
10-03 12:32:29.393   679 32720 I FDVT_Drv: Final: HW_NUM:0, Filter_NUM:0, SKIP_NUM:0
10-03 12:32:29.393 32399 32670 I FA      : Application backgrounded at: timestamp_millis: 1759487547348
10-03 12:32:29.407   679 32695 E Metadata2/Entry: itemAt(531):Get data error , tag ffffffff, mContentPtr 0x0 (itemAt){#531:vendor/mediatek/proprietary/hardware/mtkcam/utils/metadata/metadata/Entry.cpp}
10-03 12:32:29.411   679 32695 W TuningMgr: TuningMgr[updateEngine] WARNING: [temp log] AF enable(1_0x100e02e0_0x808811e8)
10-03 12:32:29.478   679 32695 E Metadata2/Entry: itemAt(531):Get data error , tag ffffffff, mContentPtr 0x0 (itemAt){#531:vendor/mediatek/proprietary/hardware/mtkcam/utils/metadata/metadata/Entry.cpp}
10-03 12:32:29.482   679 32695 W TuningMgr: TuningMgr[updateEngine] WARNING: [temp log] AF enable(1_0x100e02e0_0x808811e8)
10-03 12:32:29.528   679 32720 I FDVT_Drv: Final: HW_NUM:0, Filter_NUM:0, SKIP_NUM:0
10-03 12:32:29.547   679 32695 E Metadata2/Entry: itemAt(531):Get data error , tag ffffffff, mContentPtr 0x0 (itemAt){#531:vendor/mediatek/proprietary/hardware/mtkcam/utils/metadata/metadata/Entry.cpp}
10-03 12:32:29.552   679 32695 W TuningMgr: TuningMgr[updateEngine] WARNING: [temp log] AF enable(1_0x100e02e0_0x808811e8)
10-03 12:32:29.602   679 32720 I FDVT_Drv: Final: HW_NUM:0, Filter_NUM:0, SKIP_NUM:0
10-03 12:32:29.608   679 32695 E Metadata2/Entry: itemAt(531):Get data error , tag ffffffff, mContentPtr 0x0 (itemAt){#531:vendor/mediatek/proprietary/hardware/mtkcam/utils/metadata/metadata/Entry.cpp}
10-03 12:32:29.612   679 32695 W TuningMgr: TuningMgr[updateEngine] WARNING: [temp log] AF enable(1_0x100e02e0_0x808811e8)
10-03 12:32:29.668   679 32695 E Metadata2/Entry: itemAt(531):Get data error , tag ffffffff, mContentPtr 0x0 (itemAt){#531:vendor/mediatek/proprietary/hardware/mtkcam/utils/metadata/metadata/Entry.cpp}
10-03 12:32:29.672   679 32695 W TuningMgr: TuningMgr[updateEngine] WARNING: [temp log] AF enable(1_0x100e02e0_0x808811e8)
10-03 12:32:29.728   679 32695 E Metadata2/Entry: itemAt(531):Get data error , tag ffffffff, mContentPtr 0x0 (itemAt){#531:vendor/mediatek/proprietary/hardware/mtkcam/utils/metadata/metadata/Entry.cpp}
10-03 12:32:29.732   679 32695 W TuningMgr: TuningMgr[updateEngine] WARNING: [temp log] AF enable(1_0x100e02e0_0x808811e8)
10-03 12:32:29.734   679 32720 I FDVT_Drv: Final: HW_NUM:0, Filter_NUM:0, SKIP_NUM:0
10-03 12:32:29.738   571  1967 I BufferQueueProducer: [com.mediatek.camera/com.mediatek.camera.CaptureActivity#0](this:0x7890b75000,id:129,api:1,p:31224,c:571) queueBuffer: fps=14.62 dur=1025.87 max=81.92 min=51.83
10-03 12:32:29.788   679 32695 E Metadata2/Entry: itemAt(531):Get data error , tag ffffffff, mContentPtr 0x0 (itemAt){#531:vendor/mediatek/proprietary/hardware/mtkcam/utils/metadata/metadata/Entry.cpp}
10-03 12:32:29.792   679 32695 W TuningMgr: TuningMgr[updateEngine] WARNING: [temp log] AF enable(1_0x100e02e0_0x808811e8)
10-03 12:32:29.807   679   385 I af_mgr_v3: #(   29,   27) UpdateStateContinuousMode Dev(1) LaunchCamTrigger EVENT_AE_IS_STABLE(29) - BUT NOT TRIGGER YET
10-03 12:32:29.807   679   385 I af_mgr_v3: #(   29,   27) UpdateStateContinuousMode Dev(1) LaunchCamTrigger EVENT_AE_IS_STABLE(29 + 0) - UnlockAlgo + TRIGGERAF lib_afmode(2)
10-03 12:32:29.807   679   385 I af_mgr_v3: #(   29,   27) UnlockAlgo Dev(1): Lock(0), Pause(0)
10-03 12:32:29.808   679   385 I af_mgr_v3: UnlockAlgo
10-03 12:32:29.808   679   385 I af_mgr_v3: Force trigger searching [NeedLock(0) LatchROI(0) isAFSearch(0)]
10-03 12:32:29.808   679   385 I af_mgr_v3: #(   29,   27) doAF Dev(1) isAFSearch changed : 0 -> 4
10-03 12:32:29.808   679   385 I af_mgr_v3: #(   29,   27) doAF Dev(1) checkSendCallback: m_bNeedSendCallback(0), AfterAutoMode(0), Searching(4), PDCL(0, 101), ISO(761, 0), FPS(16, 0)
10-03 12:32:29.808   679   385 I af_mgr_v3: #(   29,   27) doAF Dev(1): [Status] IsAFSearch(0->4), IsSelHWROI(0->1), ROISel(4), Event(0x100)
10-03 12:32:29.848   679 32695 E Metadata2/Entry: itemAt(531):Get data error , tag ffffffff, mContentPtr 0x0 (itemAt){#531:vendor/mediatek/proprietary/hardware/mtkcam/utils/metadata/metadata/Entry.cpp}
10-03 12:32:29.852   679 32695 W TuningMgr: TuningMgr[updateEngine] WARNING: [temp log] AF enable(1_0x100e02e0_0x808811e8)
10-03 12:32:29.853   679 32720 I FDVT_Drv: Final: HW_NUM:0, Filter_NUM:0, SKIP_NUM:0
10-03 12:32:29.867   679   385 I af_mgr_v3: #(   30,   28) SelROIToFocusing Dev(1) latch(0) type(4) sel(4) issel(1) ROI(X,Y,W,H) : Center(1902, 1324, 835, 833), AP(1902, 1324, 835, 833), OT(0, 0, 0, 0), HW(1934, 1334, 768, 816)
10-03 12:32:29.868   679   385 I af_mgr_v3: #(   30,   28) SelROIToFocusing [SEL] 4 (X,Y,W,H)=(1902, 1324, 835, 833)
10-03 12:32:29.869   679   385 I af_mgr_v3: #(   30,   28) MoveLensTo Dev(1) DAC(113)
10-03 12:32:29.869   679   385 I af_mgr_v3: #(   30,   28) doAF Dev(1): [Status] IsAFSearch(4->4), IsSelHWROI(1->0), ROISel(4), Event(0x100)
10-03 12:32:29.908   679 32695 E Metadata2/Entry: itemAt(531):Get data error , tag ffffffff, mContentPtr 0x0 (itemAt){#531:vendor/mediatek/proprietary/hardware/mtkcam/utils/metadata/metadata/Entry.cpp}
10-03 12:32:29.912   679 32695 I isp_mgr_af_stat: HW : CAM_AFO_XSIZE(0x600) CAM_AFO_YSIZE(0x30) CAM_AF_SIZE(0x1220)
10-03 12:32:29.912   679 32695 I isp_mgr_af_stat: HW : CAM_AF_CON(0x701731) CAM_AF_VLD(0x534078e) CAM_AF_BLK_0(0x110010) CAM_AF_BLK_1(0x300030)
10-03 12:32:29.912   679 32695 I isp_mgr_af_stat: HW : CAM_AF_TH_0(0x30003) CAM_AF_TH_1(0xf0b1f003) CAM_AF_TH_2(0xe6e6e6e6)
10-03 12:32:29.912   679 32695 I isp_mgr_af_stat: HW : CAM_SGG1_PGN(0x10) CAM_SGG1_GMRC_1(0x3a271a11) CAM_SGG1_GMRC_2(0xb37c56)
10-03 12:32:29.912   679 32695 I isp_mgr_af_stat: HW : CAM_SGG5_PGN(0x10) CAM_SGG5_GMRC_1(0x10080402) CAM_SGG5_GMRC_2(0x804020)
10-03 12:32:29.912   679 32695 I isp_mgr_af_stat: HW : CAM_AF_FLT_1(0x242b240f) CAM_AF_FLT_2(0x20a16) CAM_AF_FLT_3(0x0) CAM_AF_FLT_4(0x242b240f)
10-03 12:32:29.912   679 32695 I isp_mgr_af_stat: HW : CAM_AF_FLT_5(0x20a16) CAM_AF_FLT_6(0x0) CAM_AF_FLT_7(0x1000100) CAM_AF_FLT_8(0x7000700)
10-03 12:32:29.912   679 32695 I isp_mgr_af_stat: HW-ConfigUpdate Config(28)
10-03 12:32:29.912   679 32695 W TuningMgr: TuningMgr[updateEngine] WARNING: [temp log] AF enable(1_0x100e02e0_0x808811e8)
10-03 12:32:29.912   679 32695 I isp_mgr_af_stat: HW-apply Magic(31) , Config(28)
10-03 12:32:29.928   679   385 I isp_mgr_af_stat: isHWRdy Config[28, 26] IsApplied(1)
10-03 12:32:29.928   679   385 I af_mgr_v3: #(   31,   29) IspMgrAFStatHWPreparing Dev(1) Config(26) bSkip(1) PauseAF(0) Afmode(4) VsyncUpdate(0) IsTargetAssitMove(0) isHWRdy(0) ROISel(4) ZECChg(0) DbgPDVerifyEn(0) IsAPROITooLarge(0)
10-03 12:32:29.928   679   385 I af_mgr_v3: #(   31,   29) doAF Dev(1): [Status] IsAFSearch(4->4), IsSelHWROI(1->0), ROISel(4), Event(0x100)
10-03 12:32:29.968   679 32695 E Metadata2/Entry: itemAt(531):Get data error , tag ffffffff, mContentPtr 0x0 (itemAt){#531:vendor/mediatek/proprietary/hardware/mtkcam/utils/metadata/metadata/Entry.cpp}
10-03 12:32:29.972   679 32695 W TuningMgr: TuningMgr[updateEngine] WARNING: [temp log] AF enable(1_0x100e02e0_0x808811e8)
10-03 12:32:29.974   679 32720 I FDVT_Drv: Final: HW_NUM:0, Filter_NUM:0, SKIP_NUM:0
10-03 12:32:29.988   679   385 I isp_mgr_af_stat: isHWRdy Config[28, 27] IsApplied(1)
10-03 12:32:29.988   679   385 I af_mgr_v3: #(   32,   30) IspMgrAFStatHWPreparing Dev(1) Config(27) bSkip(1) PauseAF(0) Afmode(4) VsyncUpdate(0) IsTargetAssitMove(0) isHWRdy(0) ROISel(4) ZECChg(0) DbgPDVerifyEn(0) IsAPROITooLarge(0)
10-03 12:32:29.988   679   385 I af_mgr_v3: #(   32,   30) doAF Dev(1): [Status] IsAFSearch(4->4), IsSelHWROI(1->0), ROISel(4), Event(0x100)
10-03 12:32:30.022   679 32720 I MtkCam/fdNodeImp: [RunFaceDetection] check FD frame timestamp : 253142169845000
10-03 12:32:30.022   679 32720 I MtkCam/fdNodeImp: [RunFaceDetection] check FD count : 706, duration : 120
10-03 12:32:30.028   679 32695 E Metadata2/Entry: itemAt(531):Get data error , tag ffffffff, mContentPtr 0x0 (itemAt){#531:vendor/mediatek/proprietary/hardware/mtkcam/utils/metadata/metadata/Entry.cpp}
10-03 12:32:30.032   679 32695 W TuningMgr: TuningMgr[updateEngine] WARNING: [temp log] AF enable(1_0x100e02e0_0x808811e8)
10-03 12:32:30.048   679   385 I isp_mgr_af_stat: HW-Rdy (28) - (28)
10-03 12:32:30.049   679   385 I af_mgr_v3: #(   33,   31) MoveLensTo Dev(1) DAC(163)
10-03 12:32:30.088   679 32695 E Metadata2/Entry: itemAt(531):Get data error , tag ffffffff, mContentPtr 0x0 (itemAt){#531:vendor/mediatek/proprietary/hardware/mtkcam/utils/metadata/metadata/Entry.cpp}
10-03 12:32:30.092   679 32695 I isp_mgr_af_stat: HW : CAM_AFO_XSIZE(0x600) CAM_AFO_YSIZE(0x30) CAM_AF_SIZE(0x1220)
10-03 12:32:30.092   679 32695 I isp_mgr_af_stat: HW : CAM_AF_CON(0x701731) CAM_AF_VLD(0x534078e) CAM_AF_BLK_0(0x110010) CAM_AF_BLK_1(0x300030)
10-03 12:32:30.092   679 32695 I isp_mgr_af_stat: HW : CAM_AF_TH_0(0x30003) CAM_AF_TH_1(0xf0e9f003) CAM_AF_TH_2(0xe6e6e6e6)
10-03 12:32:30.092   679 32695 I isp_mgr_af_stat: HW : CAM_SGG1_PGN(0x10) CAM_SGG1_GMRC_1(0x3a271a11) CAM_SGG1_GMRC_2(0xb37c56)
10-03 12:32:30.092   679 32695 I isp_mgr_af_stat: HW : CAM_SGG5_PGN(0x10) CAM_SGG5_GMRC_1(0x10080402) CAM_SGG5_GMRC_2(0x804020)
10-03 12:32:30.092   679 32695 I isp_mgr_af_stat: HW : CAM_AF_FLT_1(0x242b240f) CAM_AF_FLT_2(0x20a16) CAM_AF_FLT_3(0x0) CAM_AF_FLT_4(0x242b240f)
10-03 12:32:30.092   679 32695 I isp_mgr_af_stat: HW : CAM_AF_FLT_5(0x20a16) CAM_AF_FLT_6(0x0) CAM_AF_FLT_7(0x1000100) CAM_AF_FLT_8(0x7000700)
10-03 12:32:30.092   679 32695 I isp_mgr_af_stat: HW-ConfigUpdate Config(29)
10-03 12:32:30.092   679 32695 W TuningMgr: TuningMgr[updateEngine] WARNING: [temp log] AF enable(1_0x100e02e0_0x808811e8)
10-03 12:32:30.092   679 32695 I isp_mgr_af_stat: HW-apply Magic(34) , Config(29)
10-03 12:32:30.108   679   385 I isp_mgr_af_stat: isHWRdy Config[29, 28] IsApplied(1)
10-03 12:32:30.108   679   385 I af_mgr_v3: #(   34,   32) IspMgrAFStatHWPreparing Dev(1) Config(28) bSkip(1) PauseAF(0) Afmode(4) VsyncUpdate(0) IsTargetAssitMove(0) isHWRdy(0) ROISel(4) ZECChg(0) DbgPDVerifyEn(0) IsAPROITooLarge(0)
10-03 12:32:30.142 31224 31241 I BufferQueueProducer: [SurfaceTexture-0-31224-1](this:0x75be3b5800,id:7,api:4,p:645,c:31224) queueBuffer: fps=15.46 dur=1035.02 max=74.42 min=57.86
10-03 12:32:30.148   679 32695 E Metadata2/Entry: itemAt(531):Get data error , tag ffffffff, mContentPtr 0x0 (itemAt){#531:vendor/mediatek/proprietary/hardware/mtkcam/utils/metadata/metadata/Entry.cpp}
10-03 12:32:30.152   679 32695 W TuningMgr: TuningMgr[updateEngine] WARNING: [temp log] AF enable(1_0x100e02e0_0x808811e8)
10-03 12:32:30.168   679   385 I isp_mgr_af_stat: isHWRdy Config[29, 28] IsApplied(1)
10-03 12:32:30.168   679   385 I af_mgr_v3: #(   35,   33) IspMgrAFStatHWPreparing Dev(1) Config(28) bSkip(1) PauseAF(0) Afmode(4) VsyncUpdate(0) IsTargetAssitMove(0) isHWRdy(0) ROISel(4) ZECChg(0) DbgPDVerifyEn(0) IsAPROITooLarge(0)
10-03 12:32:30.173   544   603 I hwcomposer: [HWCDisplay] [Display_0 (type:1)] fps:15.367994,dur:1041.12,max:81.15,min:48.49  
10-03 12:32:30.208   679 32695 E Metadata2/Entry: itemAt(531):Get data error , tag ffffffff, mContentPtr 0x0 (itemAt){#531:vendor/mediatek/proprietary/hardware/mtkcam/utils/metadata/metadata/Entry.cpp}
10-03 12:32:30.213   679 32695 W TuningMgr: TuningMgr[updateEngine] WARNING: [temp log] AF enable(1_0x100e02e0_0x808811e8)
10-03 12:32:30.214   679 32720 I FDVT_Drv: Final: HW_NUM:0, Filter_NUM:0, SKIP_NUM:0
10-03 12:32:30.228   679   385 I isp_mgr_af_stat: HW-Rdy (29) - (29)
10-03 12:32:30.229   679   385 I af_mgr_v3: #(   36,   34) MoveLensTo Dev(1) DAC(213)
10-03 12:32:30.268   679 32695 E Metadata2/Entry: itemAt(531):Get data error , tag ffffffff, mContentPtr 0x0 (itemAt){#531:vendor/mediatek/proprietary/hardware/mtkcam/utils/metadata/metadata/Entry.cpp}
10-03 12:32:30.272   679 32695 I isp_mgr_af_stat: HW : CAM_AFO_XSIZE(0x600) CAM_AFO_YSIZE(0x30) CAM_AF_SIZE(0x1220)
10-03 12:32:30.272   679 32695 I isp_mgr_af_stat: HW : CAM_AF_CON(0x701731) CAM_AF_VLD(0x534078e) CAM_AF_BLK_0(0x110010) CAM_AF_BLK_1(0x300030)
10-03 12:32:30.272   679 32695 I isp_mgr_af_stat: HW : CAM_AF_TH_0(0x30003) CAM_AF_TH_1(0xf0f0f003) CAM_AF_TH_2(0xe6e6e6e6)
10-03 12:32:30.272   679 32695 I isp_mgr_af_stat: HW : CAM_SGG1_PGN(0x10) CAM_SGG1_GMRC_1(0x3a271a11) CAM_SGG1_GMRC_2(0xb37c56)
10-03 12:32:30.272   679 32695 I isp_mgr_af_stat: HW : CAM_SGG5_PGN(0x10) CAM_SGG5_GMRC_1(0x10080402) CAM_SGG5_GMRC_2(0x804020)
10-03 12:32:30.272   679 32695 I isp_mgr_af_stat: HW : CAM_AF_FLT_1(0x242b240f) CAM_AF_FLT_2(0x20a16) CAM_AF_FLT_3(0x0) CAM_AF_FLT_4(0x242b240f)
10-03 12:32:30.272   679 32695 I isp_mgr_af_stat: HW : CAM_AF_FLT_5(0x20a16) CAM_AF_FLT_6(0x0) CAM_AF_FLT_7(0x1000100) CAM_AF_FLT_8(0x7000700)
10-03 12:32:30.272   679 32695 I isp_mgr_af_stat: HW-ConfigUpdate Config(30)
10-03 12:32:30.272   679 32695 W TuningMgr: TuningMgr[updateEngine] WARNING: [temp log] AF enable(1_0x100e02e0_0x808811e8)
10-03 12:32:30.272   679 32695 I isp_mgr_af_stat: HW-apply Magic(37) , Config(30)
10-03 12:32:30.288   679   385 I isp_mgr_af_stat: isHWRdy Config[30, 29] IsApplied(1)
10-03 12:32:30.288   679   385 I af_mgr_v3: #(   37,   35) IspMgrAFStatHWPreparing Dev(1) Config(29) bSkip(1) PauseAF(0) Afmode(4) VsyncUpdate(0) IsTargetAssitMove(0) isHWRdy(0) ROISel(4) ZECChg(0) DbgPDVerifyEn(0) IsAPROITooLarge(0)
10-03 12:32:30.303   534   598 I [Awinic]: reset done !
10-03 12:32:30.328   679 32695 E Metadata2/Entry: itemAt(531):Get data error , tag ffffffff, mContentPtr 0x0 (itemAt){#531:vendor/mediatek/proprietary/hardware/mtkcam/utils/metadata/metadata/Entry.cpp}
10-03 12:32:30.332   679 32695 W TuningMgr: TuningMgr[updateEngine] WARNING: [temp log] AF enable(1_0x100e02e0_0x808811e8)
10-03 12:32:30.348   679   385 I isp_mgr_af_stat: isHWRdy Config[30, 29] IsApplied(1)
10-03 12:32:30.348   679   385 I af_mgr_v3: #(   38,   36) IspMgrAFStatHWPreparing Dev(1) Config(29) bSkip(1) PauseAF(0) Afmode(4) VsyncUpdate(0) IsTargetAssitMove(0) isHWRdy(0) ROISel(4) ZECChg(0) DbgPDVerifyEn(0) IsAPROITooLarge(0)
10-03 12:32:30.389   679 32695 E Metadata2/Entry: itemAt(531):Get data error , tag ffffffff, mContentPtr 0x0 (itemAt){#531:vendor/mediatek/proprietary/hardware/mtkcam/utils/metadata/metadata/Entry.cpp}
10-03 12:32:30.393   679 32695 W TuningMgr: TuningMgr[updateEngine] WARNING: [temp log] AF enable(1_0x100e02e0_0x808811e8)
10-03 12:32:30.408   679   385 I isp_mgr_af_stat: HW-Rdy (30) - (30)
10-03 12:32:30.409   679   385 I af_mgr_v3: #(   39,   37) MoveLensTo Dev(1) DAC(263)
10-03 12:32:30.448   679 32695 E Metadata2/Entry: itemAt(531):Get data error , tag ffffffff, mContentPtr 0x0 (itemAt){#531:vendor/mediatek/proprietary/hardware/mtkcam/utils/metadata/metadata/Entry.cpp}
10-03 12:32:30.450   679 32720 I FDVT_Drv: Final: HW_NUM:0, Filter_NUM:0, SKIP_NUM:0
10-03 12:32:30.453   679 32695 W TuningMgr: TuningMgr[updateEngine] WARNING: [temp log] AF enable(1_0x100e02e0_0x808811e8)
10-03 12:32:30.468   679   385 I isp_mgr_af_stat: HW-Rdy (30) - (30)
10-03 12:32:30.469   679   385 I af_mgr_v3: #(   40,   38) MoveLensTo Dev(1) DAC(363)
10-03 12:32:30.508   679 32695 E Metadata2/Entry: itemAt(531):Get data error , tag ffffffff, mContentPtr 0x0 (itemAt){#531:vendor/mediatek/proprietary/hardware/mtkcam/utils/metadata/metadata/Entry.cpp}
10-03 12:32:30.512   679 32695 I isp_mgr_af_stat: HW : CAM_AFO_XSIZE(0x600) CAM_AFO_YSIZE(0x30) CAM_AF_SIZE(0x1220)
10-03 12:32:30.512   679 32695 I isp_mgr_af_stat: HW : CAM_AF_CON(0x701731) CAM_AF_VLD(0x534078e) CAM_AF_BLK_0(0x110010) CAM_AF_BLK_1(0x300030)
10-03 12:32:30.512   679 32695 I isp_mgr_af_stat: HW : CAM_AF_TH_0(0x30003) CAM_AF_TH_1(0xf0eff003) CAM_AF_TH_2(0xe6e6e6e6)
10-03 12:32:30.512   679 32695 I isp_mgr_af_stat: HW : CAM_SGG1_PGN(0x10) CAM_SGG1_GMRC_1(0x3a271a11) CAM_SGG1_GMRC_2(0xb37c56)
10-03 12:32:30.512   679 32695 I isp_mgr_af_stat: HW : CAM_SGG5_PGN(0x10) CAM_SGG5_GMRC_1(0x10080402) CAM_SGG5_GMRC_2(0x804020)
10-03 12:32:30.512   679 32695 I isp_mgr_af_stat: HW : CAM_AF_FLT_1(0x242b240f) CAM_AF_FLT_2(0x20a16) CAM_AF_FLT_3(0x0) CAM_AF_FLT_4(0x242b240f)
10-03 12:32:30.512   679 32695 I isp_mgr_af_stat: HW : CAM_AF_FLT_5(0x20a16) CAM_AF_FLT_6(0x0) CAM_AF_FLT_7(0x1000100) CAM_AF_FLT_8(0x7000700)
10-03 12:32:30.512   679 32695 I isp_mgr_af_stat: HW-ConfigUpdate Config(32)
10-03 12:32:30.512   679 32695 W TuningMgr: TuningMgr[updateEngine] WARNING: [temp log] AF enable(1_0x100e02e0_0x808811e8)
10-03 12:32:30.512   679 32695 I isp_mgr_af_stat: HW-apply Magic(41) , Config(32)
10-03 12:32:30.528   679   385 I isp_mgr_af_stat: isHWRdy Config[32, 30] IsApplied(1)
10-03 12:32:30.528   679   385 I af_mgr_v3: #(   41,   39) IspMgrAFStatHWPreparing Dev(1) Config(30) bSkip(1) PauseAF(0) Afmode(4) VsyncUpdate(0) IsTargetAssitMove(0) isHWRdy(0) ROISel(4) ZECChg(0) DbgPDVerifyEn(0) IsAPROITooLarge(0)
10-03 12:32:30.548  1481  1726 I hct_signal: getCdmaLevel--cdmaDbm = 2147483647
10-03 12:32:30.549  1481  1726 I hct_signal: getEvdoLevel -- evdoDbm = 2147483647
10-03 12:32:30.549  1481  1726 I hct_signal: getCdmaLevel--cdmaDbm = 2147483647
10-03 12:32:30.551  1481  1481 I hct_signal: getCdmaLevel--cdmaDbm = 2147483647
10-03 12:32:30.551  1481  1481 I hct_signal: getEvdoLevel -- evdoDbm = 2147483647
10-03 12:32:30.551  1481  1481 I hct_signal: getCdmaLevel--cdmaDbm = 2147483647
10-03 12:32:30.568   679 32695 E Metadata2/Entry: itemAt(531):Get data error , tag ffffffff, mContentPtr 0x0 (itemAt){#531:vendor/mediatek/proprietary/hardware/mtkcam/utils/metadata/metadata/Entry.cpp}
10-03 12:32:30.572   679 32695 W TuningMgr: TuningMgr[updateEngine] WARNING: [temp log] AF enable(1_0x100e02e0_0x808811e8)
10-03 12:32:30.588   679   385 I isp_mgr_af_stat: isHWRdy Config[32, 31] IsApplied(1)
10-03 12:32:30.588   679   385 I af_mgr_v3: #(   42,   40) IspMgrAFStatHWPreparing Dev(1) Config(31) bSkip(1) PauseAF(0) Afmode(4) VsyncUpdate(0) IsTargetAssitMove(0) isHWRdy(0) ROISel(4) ZECChg(0) DbgPDVerifyEn(0) IsAPROITooLarge(0)
10-03 12:32:30.629   679 32695 E Metadata2/Entry: itemAt(531):Get data error , tag ffffffff, mContentPtr 0x0 (itemAt){#531:vendor/mediatek/proprietary/hardware/mtkcam/utils/metadata/metadata/Entry.cpp}
10-03 12:32:30.632   679 32695 W TuningMgr: TuningMgr[updateEngine] WARNING: [temp log] AF enable(1_0x100e02e0_0x808811e8)
10-03 12:32:30.648   679   385 I isp_mgr_af_stat: HW-Rdy (32) - (32)
10-03 12:32:30.650   679   385 I af_mgr_v3: #(   43,   41) MoveLensTo Dev(1) DAC(371)
10-03 12:32:30.650   679   385 I af_mgr_v3: #(   43,   41) doAF Dev(1) isAFSearch changed : 4 -> 3
10-03 12:32:30.650   679   385 I af_mgr_v3: #(   43,   41) doAF Dev(1) checkSendCallback: m_bNeedSendCallback(1), AfterAutoMode(0), Searching(3), PDCL(0, 101), ISO(761, 0), FPS(16, 0)
10-03 12:32:30.650   679   385 I af_mgr_v3: #(   43,   41) UpdateState Dev(1) EVENT_SEARCHING_START
10-03 12:32:30.650   679   385 I af_mgr_v3: [6]
10-03 12:32:30.650   679   385 I af_mgr_v3: #(   43,   41) UpdateState  Dev(1) : 6->1
10-03 12:32:30.650   679   385 I af_mgr_v3: #(   43,   41) doAF Dev(1): [Status] IsAFSearch(4->3), IsSelHWROI(0->0), ROISel(4), Event(0x140)
10-03 12:32:30.689   679 32695 E Metadata2/Entry: itemAt(531):Get data error , tag ffffffff, mContentPtr 0x0 (itemAt){#531:vendor/mediatek/proprietary/hardware/mtkcam/utils/metadata/metadata/Entry.cpp}
10-03 12:32:30.690   679 32720 I FDVT_Drv: Final: HW_NUM:0, Filter_NUM:0, SKIP_NUM:0
10-03 12:32:30.693   679 32695 I isp_mgr_af_stat: HW : CAM_AFO_XSIZE(0x600) CAM_AFO_YSIZE(0x30) CAM_AF_SIZE(0x1220)
10-03 12:32:30.693   679 32695 I isp_mgr_af_stat: HW : CAM_AF_CON(0x701731) CAM_AF_VLD(0x534078e) CAM_AF_BLK_0(0x110010) CAM_AF_BLK_1(0x300030)
10-03 12:32:30.693   679 32695 I isp_mgr_af_stat: HW : CAM_AF_TH_0(0x30003) CAM_AF_TH_1(0xf0e9f003) CAM_AF_TH_2(0xe6e6e6e6)
10-03 12:32:30.693   679 32695 I isp_mgr_af_stat: HW : CAM_SGG1_PGN(0x10) CAM_SGG1_GMRC_1(0x3a271a11) CAM_SGG1_GMRC_2(0xb37c56)
10-03 12:32:30.693   679 32695 I isp_mgr_af_stat: HW : CAM_SGG5_PGN(0x10) CAM_SGG5_GMRC_1(0x10080402) CAM_SGG5_GMRC_2(0x804020)
10-03 12:32:30.693   679 32695 I isp_mgr_af_stat: HW : CAM_AF_FLT_1(0x242b240f) CAM_AF_FLT_2(0x20a16) CAM_AF_FLT_3(0x0) CAM_AF_FLT_4(0x242b240f)
10-03 12:32:30.693   679 32695 I isp_mgr_af_stat: HW : CAM_AF_FLT_5(0x20a16) CAM_AF_FLT_6(0x0) CAM_AF_FLT_7(0x1000100) CAM_AF_FLT_8(0x7000700)
10-03 12:32:30.693   679 32695 I isp_mgr_af_stat: HW-ConfigUpdate Config(33)
10-03 12:32:30.693   679 32695 W TuningMgr: TuningMgr[updateEngine] WARNING: [temp log] AF enable(1_0x100e02e0_0x808811e8)
10-03 12:32:30.693   679 32695 I isp_mgr_af_stat: HW-apply Magic(44) , Config(33)
10-03 12:32:30.694   679 32695 I af_mgr_v3: cmd-getAFState Dev 1 : 6->1
10-03 12:32:30.708   679   385 I isp_mgr_af_stat: isHWRdy Config[33, 32] IsApplied(1)
10-03 12:32:30.709   679   385 I af_mgr_v3: #(   44,   42) IspMgrAFStatHWPreparing Dev(1) Config(32) bSkip(1) PauseAF(0) Afmode(4) VsyncUpdate(0) IsTargetAssitMove(0) isHWRdy(0) ROISel(4) ZECChg(0) DbgPDVerifyEn(0) IsAPROITooLarge(0)
10-03 12:32:30.709   679   385 I af_mgr_v3: #(   44,   42) doAF Dev(1) isAFSearch changed : 4 -> 3
10-03 12:32:30.709   679   385 I af_mgr_v3: #(   44,   42) doAF Dev(1) checkSendCallback: m_bNeedSendCallback(1), AfterAutoMode(0), Searching(3), PDCL(0, 101), ISO(761, 0), FPS(16, 0)
10-03 12:32:30.709   679   385 I af_mgr_v3: #(   44,   42) UpdateState Dev(1) EVENT_SEARCHING_START
10-03 12:32:30.709   679   385 I af_mgr_v3: [1]
10-03 12:32:30.709   679   385 I af_mgr_v3: #(   44,   42) doAF Dev(1): [Status] IsAFSearch(4->3), IsSelHWROI(0->0), ROISel(4), Event(0x140)
10-03 12:32:30.749   679 32695 E Metadata2/Entry: itemAt(531):Get data error , tag ffffffff, mContentPtr 0x0 (itemAt){#531:vendor/mediatek/proprietary/hardware/mtkcam/utils/metadata/metadata/Entry.cpp}
10-03 12:32:30.752   679 32695 W TuningMgr: TuningMgr[updateEngine] WARNING: [temp log] AF enable(1_0x100e02e0_0x808811e8)
10-03 12:32:30.763   571  1967 I BufferQueueProducer: [com.mediatek.camera/com.mediatek.camera.CaptureActivity#0](this:0x7890b75000,id:129,api:1,p:31224,c:571) queueBuffer: fps=16.60 dur=1024.33 max=66.60 min=48.43
10-03 12:32:30.768   679   385 I isp_mgr_af_stat: isHWRdy Config[33, 32] IsApplied(1)
10-03 12:32:30.769   679   385 I af_mgr_v3: #(   45,   43) IspMgrAFStatHWPreparing Dev(1) Config(32) bSkip(1) PauseAF(0) Afmode(4) VsyncUpdate(0) IsTargetAssitMove(0) isHWRdy(0) ROISel(4) ZECChg(0) DbgPDVerifyEn(0) IsAPROITooLarge(0)
10-03 12:32:30.769   679   385 I af_mgr_v3: #(   45,   43) doAF Dev(1) isAFSearch changed : 4 -> 3
10-03 12:32:30.769   679   385 I af_mgr_v3: #(   45,   43) doAF Dev(1) checkSendCallback: m_bNeedSendCallback(1), AfterAutoMode(0), Searching(3), PDCL(0, 101), ISO(761, 0), FPS(16, 0)
10-03 12:32:30.769   679   385 I af_mgr_v3: #(   45,   43) UpdateState Dev(1) EVENT_SEARCHING_START
10-03 12:32:30.769   679   385 I af_mgr_v3: [1]
10-03 12:32:30.769   679   385 I af_mgr_v3: #(   45,   43) doAF Dev(1): [Status] IsAFSearch(4->3), IsSelHWROI(0->0), ROISel(4), Event(0x140)
10-03 12:32:30.809   679 32695 E Metadata2/Entry: itemAt(531):Get data error , tag ffffffff, mContentPtr 0x0 (itemAt){#531:vendor/mediatek/proprietary/hardware/mtkcam/utils/metadata/metadata/Entry.cpp}
10-03 12:32:30.813   679 32695 W TuningMgr: TuningMgr[updateEngine] WARNING: [temp log] AF enable(1_0x100e02e0_0x808811e8)
10-03 12:32:30.829   679   385 I isp_mgr_af_stat: HW-Rdy (33) - (33)
10-03 12:32:30.830   679   385 I af_mgr_v3: #(   46,   44) MoveLensTo Dev(1) DAC(379)
10-03 12:32:30.869   679 32695 E Metadata2/Entry: itemAt(531):Get data error , tag ffffffff, mContentPtr 0x0 (itemAt){#531:vendor/mediatek/proprietary/hardware/mtkcam/utils/metadata/metadata/Entry.cpp}
10-03 12:32:30.872   679 32695 W TuningMgr: TuningMgr[updateEngine] WARNING: [temp log] AF enable(1_0x100e02e0_0x808811e8)
10-03 12:32:30.889   679   385 I isp_mgr_af_stat: HW-Rdy (33) - (33)
10-03 12:32:30.890   679   385 I af_mgr_v3: #(   47,   45) MoveLensTo Dev(1) DAC(387)
10-03 12:32:30.929   679 32695 E Metadata2/Entry: itemAt(531):Get data error , tag ffffffff, mContentPtr 0x0 (itemAt){#531:vendor/mediatek/proprietary/hardware/mtkcam/utils/metadata/metadata/Entry.cpp}
10-03 12:32:30.933   679 32720 I FDVT_Drv: Final: HW_NUM:0, Filter_NUM:0, SKIP_NUM:0
10-03 12:32:30.934   679 32695 W TuningMgr: TuningMgr[updateEngine] WARNING: [temp log] AF enable(1_0x100e02e0_0x808811e8)
10-03 12:32:30.949   679   385 I isp_mgr_af_stat: HW-Rdy (33) - (33)
10-03 12:32:30.950   679   385 I af_mgr_v3: #(   48,   46) MoveLensTo Dev(1) DAC(395)
10-03 12:32:30.989   679 32695 E Metadata2/Entry: itemAt(531):Get data error , tag ffffffff, mContentPtr 0x0 (itemAt){#531:vendor/mediatek/proprietary/hardware/mtkcam/utils/metadata/metadata/Entry.cpp}
10-03 12:32:30.993   679 32695 W TuningMgr: TuningMgr[updateEngine] WARNING: [temp log] AF enable(1_0x100e02e0_0x808811e8)
10-03 12:32:31.010   679   385 I af_mgr_v3: #(   49,   47) MoveLensTo Dev(1) DAC(407)
10-03 12:32:31.049   679 32695 E Metadata2/Entry: itemAt(531):Get data error , tag ffffffff, mContentPtr 0x0 (itemAt){#531:vendor/mediatek/proprietary/hardware/mtkcam/utils/metadata/metadata/Entry.cpp}
10-03 12:32:31.053   679 32695 W TuningMgr: TuningMgr[updateEngine] WARNING: [temp log] AF enable(1_0x100e02e0_0x808811e8)
10-03 12:32:31.070   679   385 I af_mgr_v3: #(   50,   48) MoveLensTo Dev(1) DAC(419)
10-03 12:32:31.109   679 32695 E Metadata2/Entry: itemAt(531):Get data error , tag ffffffff, mContentPtr 0x0 (itemAt){#531:vendor/mediatek/proprietary/hardware/mtkcam/utils/metadata/metadata/Entry.cpp}
10-03 12:32:31.113   679 32695 W TuningMgr: TuningMgr[updateEngine] WARNING: [temp log] AF enable(1_0x100e02e0_0x808811e8)
10-03 12:32:31.130   679   385 I af_mgr_v3: #(   51,   49) MoveLensTo Dev(1) DAC(435)
10-03 12:32:31.160 31224 31241 I BufferQueueProducer: [SurfaceTexture-0-31224-1](this:0x75be3b5800,id:7,api:4,p:645,c:31224) queueBuffer: fps=16.71 dur=1017.18 max=62.87 min=56.43
10-03 12:32:31.169   679 32695 E Metadata2/Entry: itemAt(531):Get data error , tag ffffffff, mContentPtr 0x0 (itemAt){#531:vendor/mediatek/proprietary/hardware/mtkcam/utils/metadata/metadata/Entry.cpp}
10-03 12:32:31.172   679 32720 I FDVT_Drv: Final: HW_NUM:0, Filter_NUM:0, SKIP_NUM:0
10-03 12:32:31.174   679 32695 W TuningMgr: TuningMgr[updateEngine] WARNING: [temp log] AF enable(1_0x100e02e0_0x808811e8)
10-03 12:32:31.181   544   603 I hwcomposer: [HWCDisplay] [Display_0 (type:1)] fps:28.745451,dur:1008.86,max:65.27,min:15.73  
10-03 12:32:31.190   679   385 I af_mgr_v3: #(   52,   50) MoveLensTo Dev(1) DAC(451)
10-03 12:32:31.229   679 32695 E Metadata2/Entry: itemAt(531):Get data error , tag ffffffff, mContentPtr 0x0 (itemAt){#531:vendor/mediatek/proprietary/hardware/mtkcam/utils/metadata/metadata/Entry.cpp}
10-03 12:32:31.233   679 32695 W TuningMgr: TuningMgr[updateEngine] WARNING: [temp log] AF enable(1_0x100e02e0_0x808811e8)
10-03 12:32:31.247   557   583 I libPowerHal: 36: cpu_ctrl set freq: 1801000 -1 -1 -1
10-03 12:32:31.250   679   385 I af_mgr_v3: #(   53,   51) MoveLensTo Dev(1) DAC(471)
10-03 12:32:31.289   679 32695 E Metadata2/Entry: itemAt(531):Get data error , tag ffffffff, mContentPtr 0x0 (itemAt){#531:vendor/mediatek/proprietary/hardware/mtkcam/utils/metadata/metadata/Entry.cpp}
10-03 12:32:31.293   679 32695 W TuningMgr: TuningMgr[updateEngine] WARNING: [temp log] AF enable(1_0x100e02e0_0x808811e8)
10-03 12:32:31.310   679   385 I af_mgr_v3: #(   54,   52) MoveLensTo Dev(1) DAC(491)
10-03 12:32:31.331  1143  1270 E WifiVendorHal: getWifiLinkLayerStats_1_3_Internal(l.927) failed {.code = ERROR_NOT_SUPPORTED, .description = }
10-03 12:32:31.350   679 32695 E Metadata2/Entry: itemAt(531):Get data error , tag ffffffff, mContentPtr 0x0 (itemAt){#531:vendor/mediatek/proprietary/hardware/mtkcam/utils/metadata/metadata/Entry.cpp}
10-03 12:32:31.353   679 32695 W TuningMgr: TuningMgr[updateEngine] WARNING: [temp log] AF enable(1_0x100e02e0_0x808811e8)
10-03 12:32:31.359   571   962 I BufferQueueProducer: [StatusBar#0](this:0x7890926800,id:4,api:1,p:1331,c:571) queueBuffer: fps=1.09 dur=3682.81 max=3004.75 min=10.56
10-03 12:32:31.370   679   385 I af_mgr_v3: #(   55,   53) MoveLensTo Dev(1) DAC(515)
10-03 12:32:31.409   679 32695 E Metadata2/Entry: itemAt(531):Get data error , tag ffffffff, mContentPtr 0x0 (itemAt){#531:vendor/mediatek/proprietary/hardware/mtkcam/utils/metadata/metadata/Entry.cpp}
10-03 12:32:31.410   679 32720 I FDVT_Drv: Final: HW_NUM:0, Filter_NUM:0, SKIP_NUM:0
10-03 12:32:31.413   679 32695 W TuningMgr: TuningMgr[updateEngine] WARNING: [temp log] AF enable(1_0x100e02e0_0x808811e8)
10-03 12:32:31.430   679   385 I af_mgr_v3: #(   56,   54) MoveLensTo Dev(1) DAC(539)
10-03 12:32:31.470   679 32695 E Metadata2/Entry: itemAt(531):Get data error , tag ffffffff, mContentPtr 0x0 (itemAt){#531:vendor/mediatek/proprietary/hardware/mtkcam/utils/metadata/metadata/Entry.cpp}
10-03 12:32:31.472   679 32695 W TuningMgr: TuningMgr[updateEngine] WARNING: [temp log] AF enable(1_0x100e02e0_0x808811e8)
10-03 12:32:31.490   679   385 I af_mgr_v3: #(   57,   55) MoveLensTo Dev(1) DAC(571)
10-03 12:32:31.491   557   583 I libPowerHal: 36: cpu_ctrl set freq: -1 -1 -1 -1
10-03 12:32:31.499 31224 32683 I SDCardFileUtils: volumenames size:1type:Internal
10-03 12:32:31.501 31224 32683 I StorageManagerEx:  Default path taken as primary storage, path=/storage/emulated/0
10-03 12:32:31.505 31224 32683 I SDCardFileUtils: volumenames size:1type:Internal
10-03 12:32:31.506 31224 32683 I StorageManagerEx:  Default path taken as primary storage, path=/storage/emulated/0
10-03 12:32:31.508 31224 32683 I SDCardFileUtils: volumenames size:1type:Internal
10-03 12:32:31.510 31224 32683 I SDCardFileUtils: volumenames size:1type:Internal
10-03 12:32:31.512 31224 32683 I StorageManagerEx:  Default path taken as primary storage, path=/storage/emulated/0
10-03 12:32:31.514 31224 32683 I SDCardFileUtils: volumenames size:1type:Internal
10-03 12:32:31.515 31224 32683 I CamAp_PhotoDevice2Controller: [isReadyForCapture] canCapture = true
10-03 12:32:31.515 31224 32683 I CamAp_PhotoMode: onShutterButtonClick, is storage ready : true,isDeviceReady = true isShowProgressBar = false
10-03 12:32:31.515 31224 32683 I CamAp_PhotoDevice2Controller: updateGSensorOrientation orientation = 0
10-03 12:32:31.516 31224 32683 I CamAp_PhotoDevice2Controller: updateGSensorOrientation mJpegRotation = 0
10-03 12:32:31.516 31224 32683 I CamAp_PhotoDevice2Controller: [takePicture] mSession= com.mediatek.camera.common.device.v2.Camera2CaptureSessionProxy@58efb0e
10-03 12:32:31.516 31224 32683 I CamAp_PhotoDevice2Controller: [doCreateAndConfigRequest] mCamera2Proxy =com.mediatek.camera.common.device.v2.Camera2Proxy@8403cb9 templateType =2 mCamera2Proxy =com.mediatek.camera.common.device.v2.Camera2Proxy@8403cb9
10-03 12:32:31.516 31224 32688 I CamAp_API2-Handler-0: [createCaptureRequest]+, pending time = 0ms.
10-03 12:32:31.518 31224 32688 I CamAp_API2-Handler-0: [createCaptureRequest]-, executing time = 2ms.
10-03 12:32:31.519 31224 32683 I CamAp_FaceCaptureRequestConfig: [configCaptureRequest] capture request not has face dection.
10-03 12:32:31.519 31224 32683 I Config  : wideAngleId:-1isZoomSwitchSupport:true
10-03 12:32:31.519 31224 32683 I chatty  : uid=10134(com.mediatek.camera) identical 1 line
10-03 12:32:31.519 31224 32683 I Config  : wideAngleId:-1isZoomSwitchSupport:true
10-03 12:32:31.520 31224 32683 I CamAp_FlashRequestConfigure: [configCaptureRequest], mFlashMode = 0
10-03 12:32:31.521 31224 32683 I CamAp_PhotoDevice2Controller: [doCreateAndConfigRequest] TEMPLATE_STILL_CAPTURE mCaptureSurface.getSurface() =Surface(name=null)/@0xeb8d98
10-03 12:32:31.521 31224 32683 I CamAp_PhotoDevice2Controller: [doCreateAndConfigRequest] rotation =90 mJpegRotation = 0
10-03 12:32:31.522 31224 32688 I CamAp_API2-Handler-0: [capture]+, pending time = 0ms.
10-03 12:32:31.524 31224 32688 I CamAp_API2-Handler-0: [capture]-, executing time = 2ms.
10-03 12:32:31.530   679 32695 E Metadata2/Entry: itemAt(531):Get data error , tag ffffffff, mContentPtr 0x0 (itemAt){#531:vendor/mediatek/proprietary/hardware/mtkcam/utils/metadata/metadata/Entry.cpp}
