10-03 12:32:27.855   679 32694 I Drv/HWsync: Drv/HWsync[init] +, user&cnt(HW_SYNC_USER_HALSENSOR,1),srIdxNum(0)
10-03 12:32:27.856   679 32693 I mtkcam-DeviceAdapter: 0[HalDeviceAdapter::powerOn] 3A notifyPowerOn
10-03 12:32:27.856   679 32693 I af_mgr_v3: AF-CamPwrOnState  : + Dev 1
10-03 12:32:27.856   679 32693 I af_mgr_v3: AF-CamPwrOnState  : -
10-03 12:32:27.856   679 32693 I mtkcam-DeviceAdapter: 0[HalDeviceAdapter::powerOn] powerOn -
10-03 12:32:27.856   679  1028 W mtkcam-AppStreamMgr: [0-ConfigHandler::checkStream] framework stream dataspace:0x08c20000(V0_JFIF|STANDARD_BT601_625|TRANSFER_SMPTE_170M|RANGE_FULL) {.v3_2 = {.id = 1, .streamType = OUTPUT, .width = 4608, .height = 3456, .format = BLOB, .usage = CPU_READ_NEVER | CPU_READ_RARELY | CPU_READ_OFTEN | CPU_WRITE_NEVER (0x3), .dataSpace = UNKNOWN | STANDARD_UNSPECIFIED | STANDARD_BT601_625 | TRANSFER_UNSPECIFIED | TRANSFER_LINEAR | TRANSFER_SRGB | TRANSFER_SMPTE_170M | RANGE_UNSPECIFIED | RANGE_FULL | V0_JFIF (0x8c20000), .rotation = ROTATION_0}, .physicalCameraId = "", .bufferSize = 24215552}
10-03 12:32:27.857   679  1028 W mtkcam-AppStreamMgr: [0-ConfigHandler::checkStream] framework stream dataspace:0x08c20000(V0_JFIF|STANDARD_BT601_625|TRANSFER_SMPTE_170M|RANGE_FULL) {.v3_2 = {.id = 2, .streamType = OUTPUT, .width = 192, .height = 144, .format = YCBCR_420_888, .usage = CPU_READ_NEVER | CPU_READ_RARELY | CPU_READ_OFTEN | CPU_WRITE_NEVER (0x3), .dataSpace = UNKNOWN | STANDARD_UNSPECIFIED | STANDARD_BT601_625 | TRANSFER_UNSPECIFIED | TRANSFER_LINEAR | TRANSFER_SRGB | TRANSFER_SMPTE_170M | RANGE_UNSPECIFIED | RANGE_FULL | V0_JFIF (0x8c20000), .rotation = ROTATION_0}, .physicalCameraId = "", .bufferSize = 0}
10-03 12:32:27.857   679  1028 I mtkcam-AppStreamMgr: [0-FrameHandler::setOperationMode] operationMode change: 0xffffffff -> 0
10-03 12:32:27.857   679  1028 I mtkcam-AppStreamMgr: stream id len : 0
10-03 12:32:27.857   679  1028 I mtkcam-AppStreamMgr: [0-ConfigHandler::operator()] [addFrameDuration] format:34 size:960x720 min_duration:33333333, stall_duration:0
10-03 12:32:27.857   679  1028 I mtkcam-AppStreamMgr: [0-ConfigHandler::createImageStreamInfo] BLOB with widthInPixels(24215552), heightInPixels(1), bufferSize(24215552)
10-03 12:32:27.857   679  1028 I mtkcam-AppStreamMgr: stream id len : 0
10-03 12:32:27.857   679  1028 I mtkcam-AppStreamMgr: [0-ConfigHandler::operator()] [addFrameDuration] format:33 size:4608x3456 min_duration:50000000, stall_duration:33333333
10-03 12:32:27.857   679  1028 I mtkcam-AppStreamMgr: stream id len : 0
10-03 12:32:27.857   679  1028 I mtkcam-AppStreamMgr: [0-ConfigHandler::operator()] [addFrameDuration] format:35 size:192x144 min_duration:33333333, stall_duration:0
10-03 12:32:27.857   679  1028 I mtkcam-FeatureSettingPolicy: [FeatureSettingPolicy] (0x7f022720a0) ctor, openId(0), sensors_count(1), is_dual_cam(0)
10-03 12:32:27.858   679  1028 I mtkcam-PipelineModelSession-Factory: [decidePipelineModelSession] Default
10-03 12:32:27.860   679  1028 I mtkcam-FeatureSettingPolicy: [evaluateZslConfiguration] MTK_CONTROL_CAPTURE_DEFAULT_ZSL_MODE has no effect : mbEnableDefaultZslMode(0)
10-03 12:32:27.860   679  1028 I mtkcam-customer_scenario_mgr: [customer_get_features_table_by_scenario] find features for scenario(1 : MTK_CAMERA_SCENARIO_CAPTURE_NORMAL) in logical map
10-03 12:32:27.860   679  1028 I mtkcam-FeatureSettingPolicy: [evaluateCaptureConfiguration] scenario(MTK_CAMERA_SCENARIO_CAPTURE_NORMAL) support feature:TP_FEATURE_HDR(0x100000000), feature combination:TP_FEATURE_COMBINATION_HDR(0x4000009000c00d8)
10-03 12:32:27.860   679  1028 I mtkcam-FeatureSettingPolicy: [evaluateCaptureConfiguration] scenario(MTK_CAMERA_SCENARIO_CAPTURE_NORMAL) support feature:MTK_FEATURE_MFNR(0x1), feature combination:TP_FEATURE_COMBINATION_MFNR(0x4000008000c00d9)
10-03 12:32:27.860   679  1028 I mtkcam-FeatureSettingPolicy: [evaluateCaptureConfiguration] scenario(MTK_CAMERA_SCENARIO_CAPTURE_NORMAL) support feature:MTK_FEATURE_REMOSAIC(0x4), feature combination:TP_FEATURE_COMBINATION_REMOSAIC(0x4000008000c00dc)
10-03 12:32:27.860   679  1028 I mtkcam-FeatureSettingPolicy: [evaluateCaptureConfiguration] scenario(MTK_CAMERA_SCENARIO_CAPTURE_NORMAL) support feature:NO_FEATURE_NORMAL(0), feature combination:TP_FEATURE_COMBINATION_SINGLE(0x4000008000c00d8)
10-03 12:32:27.860   679  1028 I mtkcam-FeatureSettingPolicy: [getCaptureProvidersByScenarioFeatures] support features:0x4000009000c00dd uniqueKey:103227858 isPhysical 0
10-03 12:32:27.860   679  1028 I MtkCam/ppl_plugin: [PipelinePlugin] MultiFrame: ctor(0x7efa104c38)
10-03 12:32:27.860   679  1028 I MtkCam/ppl_plugin: [getInstance] MultiFrame: create plugin(0x7efa104c38), hash:103227858, uniqueKey:103227858
10-03 12:32:27.860   679  1028 I MtkCam/ppl_plugin: [PipelinePlugin] Raw: ctor(0x7f14b5fd98)
10-03 12:32:27.860   679  1028 I MtkCam/ppl_plugin: [getInstance] Raw: create plugin(0x7f14b5fd98), hash:103227858, uniqueKey:103227858
10-03 12:32:27.860   679  1028 I MtkCam/ppl_plugin: [PipelinePlugin] Yuv: ctor(0x7f14b5fe38)
10-03 12:32:27.860   679  1028 I MtkCam/ppl_plugin: [getInstance] Yuv: create plugin(0x7f14b5fe38), hash:103227858, uniqueKey:103227858
10-03 12:32:27.860   679  1028 I mtkcam-FeatureSettingPolicy: [evaluateCaptureConfiguration] out->CaptureParams:{ .additionalHalP1OutputBufferNum={ .imgo=8 .rrzo=8 .lcso=8 .rsso=0 .scaledYuv=0 } .maxAppRaw16OutputBufferNum=2 .maxAppJpegStreamNum=6 .supportedScenarioFeatures=0x4000009000c00dd }
10-03 12:32:27.860   679  1028 I mtkcam-FeatureSettingPolicy: [evaluateStreamConfiguration] set MdpTargetSize : dispSize(960x720), recSize(0x0), extraSize(192x144), largeSize(0x0)
10-03 12:32:27.860   679  1028 I mtkcam-customer_scenario_mgr: [customer_get_streaming_scenario] no dedicated scenario, normal scenario
10-03 12:32:27.860   679  1028 I mtkcam-customer_scenario_mgr: [customer_get_streaming_scenario] scenario:51
10-03 12:32:27.861   679  1028 I mtkcam-customer_scenario_mgr: [customer_get_features_table_by_scenario] find features for scenario(51 : MTK_CAMERA_SCENARIO_STREAMING_NORMAL) in logical map
10-03 12:32:27.861   679  1028 I mtkcam-customer_scenario_mgr: [customer_get_streaming_config] streaming scenario config, fixMarginList(0)
10-03 12:32:27.861   679  1028 I mtkcam-FeatureSettingPolicy: [evaluateStreamConfiguration] scenario(MTK_CAMERA_SCENARIO_STREAMING_NORMAL) support feature:NO_FEATURE_NORMAL(0), feature combination:TP_FEATURE_COMBINATION_VIDEO_NORMAL(0x400800200020)
10-03 12:32:27.861   679  1028 I mtkcam-FeatureSettingPolicy: [evaluateStreamConfiguration] support features:0x400800200020, rrz ratio(1.000000), marginList(0), MdpTargetSize(960x720)
10-03 12:32:27.861   679  1028 I mtkcam-SensorSettingPolicy: [parseSensorParamsSetting] candidate [0] (2320x1744)@30  sensorMode:0(PREVIEW)
10-03 12:32:27.861   679  1028 I mtkcam-SensorSettingPolicy: [parseSensorParamsSetting] candidate [1] (2320x1744)@30  sensorMode:2(VIDEO)
10-03 12:32:27.861   679  1028 I mtkcam-SensorSettingPolicy: [parseSensorParamsSetting] candidate [2] (4640x3488)@30  sensorMode:1(CAPTURE)
10-03 12:32:27.861   679  1028 I mtkcam-SensorSettingPolicy: [parseSensorParamsSetting] candidate [3] (1280x720 )@120 sensorMode:3(SLIM_VIDEO1)
10-03 12:32:27.861   679  1028 I mtkcam-SensorSettingPolicy: [parseSensorParamsSetting] candidate [4] (1920x1080)@60  sensorMode:4(SLIM_VIDEO2)
10-03 12:32:27.861   679  1028 I mtkcam-SensorSettingPolicy: [parseSensorParamsSetting] candidate [6] (   0x0   )@0   sensorMode:5(CUSTOM1)
10-03 12:32:27.861   679  1028 I mtkcam-SensorSettingPolicy: [parseSensorParamsSetting] candidate [5] (   0x0   )@0   sensorMode:7(HFPS_VIDEO)
10-03 12:32:27.861   679  1028 I mtkcam-SensorSettingPolicy: [parseSensorParamsSetting] candidate [8] (   0x0   )@0   sensorMode:7(CUSTOM3)
10-03 12:32:27.861   679  1028 I mtkcam-SensorSettingPolicy: [parseSensorParamsSetting] candidate [9] (   0x0   )@0   sensorMode:8(CUSTOM4)
10-03 12:32:27.861   679  1028 I mtkcam-SensorSettingPolicy: [parseSensorParamsSetting] candidate [10] (   0x0   )@0   sensorMode:9(CUSTOM5)
10-03 12:32:27.861   679  1028 I mtkcam-SensorSettingPolicy: [determineAlternativeMode] alt sensor mode: CUSTOM5 -> CUSTOM5
10-03 12:32:27.861   679  1028 I mtkcam-SensorSettingPolicy: [determineAlternativeMode] alt sensor mode: CUSTOM4 -> CUSTOM4
10-03 12:32:27.861   679  1028 I mtkcam-SensorSettingPolicy: [determineAlternativeMode] alt sensor mode: CUSTOM3 -> CUSTOM3
10-03 12:32:27.861   679  1028 I mtkcam-SensorSettingPolicy: [determineAlternativeMode] alt sensor mode: HFPS_VIDEO -> HFPS_VIDEO
10-03 12:32:27.861   679  1028 I mtkcam-SensorSettingPolicy: [determineAlternativeMode] alt sensor mode: CUSTOM1 -> CUSTOM1
10-03 12:32:27.861   679  1028 I mtkcam-SensorSettingPolicy: [determineAlternativeMode] alt sensor mode: SLIM_VIDEO2 -> SLIM_VIDEO2
10-03 12:32:27.861   679  1028 I mtkcam-SensorSettingPolicy: [determineAlternativeMode] alt sensor mode: SLIM_VIDEO1 -> SLIM_VIDEO1
10-03 12:32:27.861   679  1028 I mtkcam-SensorSettingPolicy: [determineAlternativeMode] alt sensor mode: CAPTURE -> CAPTURE
10-03 12:32:27.861   679  1028 I mtkcam-SensorSettingPolicy: [determineAlternativeMode] alt sensor mode: VIDEO -> VIDEO
10-03 12:32:27.861   679  1028 I mtkcam-SensorSettingPolicy: [determineAlternativeMode] alt sensor mode: PREVIEW -> PREVIEW
10-03 12:32:27.861   679  1028 I mtkcam-SensorSettingPolicy: [determineScenDefault] skip video related mode since it didn't have full capbility
10-03 12:32:27.861   679  1028 I mtkcam-SensorSettingPolicy: select size(4640x3488)@30  sensorMode:1 hdrSensorMode:0 hdrHalMode:0, hfpsMode:0
10-03 12:32:27.861   679  1028 I mtkcam-P1HwSettingPolicy: [evaluateDeviceRawBitDepth] MTK_SENSOR_INFO_WHITE_LEVEL:1023 bitdepth:10
10-03 12:32:27.861   679  1028 E NormalPipe: [query] unsupport cmd(0x4000)
10-03 12:32:27.861   679  1028 E NormalPipe:  (query){#641:vendor/mediatek/proprietary/hardware/mtkcam/drv/src/isp/mt6765/iopipe/CamIO/NormalPipeModule.cpp}
10-03 12:32:27.861   679  1028 W MtkCam/HwInfoHelper: [quertMaxRrzoWidth] this platform not support ENPipeQueryCmd_MAX_PREVIEW_SIZE, use default value : 2560
10-03 12:32:27.861   679  1028 I mtkcam-P1HwSettingPolicy: [operator()] maxYuvStreamSize is too small(960x720)
10-03 12:32:27.861   679  1028 I mtkcam-P1HwSettingPolicy: [operator()] maxYuvStreamSize set rrzo to 1280x960
10-03 12:32:27.861   679  1028 I MtkCam/HwInfoHelper: [getImgoFmt] debug.camera.rawunpak = -1,  useUnpakFmt = 0
10-03 12:32:27.862   679  1028 I MtkCam/HwInfoHelper: [getImgoFmt] vendor.debug.camera.afraw = -1, don't use Af Raw
10-03 12:32:27.862   679  1028 I MtkCam/HwInfoHelper: [getImgoFmt] debug.camera.rawunpak = -1,  useUnpakFmt = 0
10-03 12:32:27.862   679  1028 I MtkCam/HwInfoHelper: [getImgoFmt] vendor.debug.camera.afraw = -1, don't use Af Raw
10-03 12:32:27.862   679  1028 E MtkCam/HwInfoHelper: [queryP1DrvIspCapability] isp quality function not support in this platform, query from stereo_setting_provider (queryP1DrvIspCapability){#2575:vendor/mediatek/proprietary/hardware/mtkcam/utils/hw/HwInfoHelper.cpp}
10-03 12:32:27.862   679  1028 I mtkcam-P1HwSettingPolicy: { .imgoAlloc={ format:0x2201 4640x3488 } .imgoDefaultRequest={ format:0x2201 4640x3488 } .rrzoDefaultRequest={ format:0x2205 1280x976 } .rssoSize=288x512 .pixelMode=1 .usingCamSV=0 }
10-03 12:32:27.862   679  1028 I mtkcam-StreamInfoPluginDecider: [decideStreamInfoPlugin_STT] PluginId:BAD
10-03 12:32:27.862   679  1028 E mtkcam-P1StreamInfoBuilder: [decideStreamInfoPluginInfo] Fail to decide plugin - has_value:1 (decideStreamInfoPluginInfo){#101:vendor/mediatek/proprietary/hardware/mtkcam3/pipeline/policy/streaminfo/P1StreamInfoBuilder.cpp}
10-03 12:32:27.862   679  1028 I mtkcam-PipelineModelSessionDefault: [onConfig_Capture] ZSL mode enable = 0
10-03 12:32:27.862   679  1028 E ImgSensorDrv: [sendCommand]Err( 1189):[sendCommand]Command ID = 16413 is undefined (sendCommand){#1189:vendor/mediatek/proprietary/hardware/mtkcam/drv/src/sensor/mt6765/../common/v1/imgsensor_drv.cpp}
10-03 12:32:27.862   679  1028 E MtkCam/HalSensor: [sendCommand] [sendCommand] sendCommand fail! 16413 (sendCommand){#724:vendor/mediatek/proprietary/hardware/mtkcam/drv/src/sensor/mt6765/../common/v1/HalSensor.control.cpp}
10-03 12:32:27.862   679  1028 I BWC     : cam_id=1 sen_fps=0 sen_size=0 pd=0 video=0 vb_ratio=0.000000 vb_time=0.000000 rawi=0 yuv=0 raw_bbp=0.000000 is_smvr=0
10-03 12:32:27.862   679  1028 I BWC     : cam_id=1 table=0.000000 ccu=0.000000 ccu_r=0.000000 capture=0.000000 aa=-5120.000000 pd=0.000000 video=0.000000 yuv=0.000000 rawi=0.000000 total=0.000000
10-03 12:32:27.862   679  1028 I BWC     : cam_id=0 sen_fps=30 sen_size=16184320 pd=248832 video=0 vb_ratio=0.000000 vb_time=0.000000 rawi=0 yuv=0 raw_bbp=1.250000 is_smvr=0
10-03 12:32:27.862   679  1028 I BWC     : cam_id=0 table=90000000.000000 ccu=60000000.000000 ccu_r=60000000.000000 capture=606912000.000000 aa=-5120.000000 pd=7464960.000000 video=0.000000 yuv=0.000000 rawi=0.000000 total=824376960.000000
10-03 12:32:27.862   679  1028 I BWC     : cal_cam_bw hrt bw=824
10-03 12:32:27.864   679  1028 I BWC     : Profile_Change:[BWCPT_CAMERA_CAPTURE]:ON,current concurrency is 0x10,DDR=,EMI scenario=BWL_SCN_ICFP ON
10-03 12:32:27.864   679  1028 I BWC     : MMDVFS SET 1
10-03 12:32:27.864   679  1028 I MtkCam/ppl_context: [PipelineContext] <Default/0> (0x7f046bc240)
10-03 12:32:27.867   679  1028 I mtkcam-PipelineContextBuilder: [configContextLocked_P1Node] 0x100000001 4640x3488 ImgFormat:0x2201(BAYER10) BufPlanes(strides/sizeInBytes):[ 5800/20230400 ] startOffset:0 bufStep:0 t:0 maxBufNum:13 minInitBufNum:0 Hal:Image:P1:Fullraw_main1 AllocImgFormat:0x21(BLOB) AllocBufPlanes(strides/sizeInBytes):[ 20230400/20230400 ] Private{exist?0 id:0}
10-03 12:32:27.868   679  1028 W MtkCam/HwInfoHelper: [queryRawTypeSupport] INormalPipeModule::query(ENPipeQueryCmd_IQ_LEVEL) is unsupported. Maybe it's ISP5 or below.
10-03 12:32:27.868   679  1028 I MtkCam/P1NodeImp: [P1NodeImp] LOGD[0](1) LOGI[1](0) prop(cam:0 pl:1 pi:0 g:0:0) -  SYS[1-3:9](3) - MetaLog(p:0/0 m:0/x0) - SmvrLog(0) DumpRaw(0) DataDump(0) DrawLine(0) - StuffBufCtrl[0)](8:16) StuffFully[0](0) - DelRelOff(0) - TF(1) - IV(0) - WB(0)
10-03 12:32:27.869   679  1028 I mtkcam-PipelineContextBuilder: [configContextLocked_P2SNode] operation_mode=0 p2_type=1 p2_node_type=1 app_mode=0 fd=640x480 3dnr_mode=0x43 fsc_mode=0x0 eis_mode=0x0 eis_factor=100 stream_size=1280x976 video=0x0 p2Margin(1.000000), dsdnHint(1) mSecType(0) timestamp(253139719340472)
10-03 12:32:27.869   679  1028 I MtkCam/P2/CaptureProcessor: [CaptureProcessor](0x7f022716f0) ctor
10-03 12:32:27.869   679  1028 I MtkCam/P2/CaptureNode: [P2CaptureNodeImp] : (0x7f02271680) ctor, uniqueKey:103227858, supportedScenarioFeatures:0x4000009000c00dd, bgPreRelease:0, hidlIsp:0
10-03 12:32:27.869   679  1028 I MtkCam/ppl_context: [dump] <Default/0>
10-03 12:32:27.869   679  1028 I MtkCam/ppl_context: [dump] .root={ 0x1 }, .edges={(0x1 -> 0x15)(0x1 -> 0x14)(0x15 -> 0x16)(0x14 -> 0x16)(0x15 -> 0x23)(0x14 -> 0x23)}
10-03 12:32:27.869   679  1028 I MtkCam/ppl_context: [dump] <nodeId=0x1 (P1Node) NO-INIT>
10-03 12:32:27.869   679  1028 I MtkCam/ppl_context: [dump]     In: .AppImage={ } .HalImage={ } .AppMeta={ 0x80000000 } .HalMeta={ 0x100000012 }
10-03 12:32:27.869   679  1028 I MtkCam/ppl_context: [dump]    Out: .AppImage={ } .HalImage={ 0x100000001 0x100000002 0x100000003 } .AppMeta={ 0x10000001c } .HalMeta={ 0x100000015 }
10-03 12:32:27.869   679  1028 I MtkCam/ppl_context: [dump] <nodeId=0x14 (P2CaptureNode) NO-INIT>
10-03 12:32:27.869   679  1028 I MtkCam/ppl_context: [dump]     In: .AppImage={ } .HalImage={ 0x100000001 0x100000002 0x100000003 } .AppMeta={ 0x80000000 0x10000001c } .HalMeta={ 0x100000015 }
10-03 12:32:27.869   679  1028 I MtkCam/ppl_context: [dump]    Out: .AppImage={ 0 0x2 } .HalImage={ 0x10000000d 0x10000000e } .AppMeta={ 0x100000020 } .HalMeta={ 0x100000019 }
10-03 12:32:27.869   679  1028 I MtkCam/ppl_context: [dump] <nodeId=0x15 (P2StreamNode) NO-INIT>
10-03 12:32:27.870   679  1028 I MtkCam/ppl_context: [dump]     In: .AppImage={ } .HalImage={ 0x100000001 0x100000002 0x100000003 } .AppMeta={ 0x80000000 0x10000001c } .HalMeta={ 0x100000015 }
10-03 12:32:27.870   679  1028 I MtkCam/ppl_context: [dump]    Out: .AppImage={ 0 0x2 } .HalImage={ 0x10000000d 0x10000000e 0x100000010 } .AppMeta={ 0x10000001f } .HalMeta={ 0x100000018 }
10-03 12:32:27.870   679  1028 I MtkCam/ppl_context: [dump] <nodeId=0x16 (FDNode) NO-INIT>
10-03 12:32:27.870   679  1028 I MtkCam/ppl_context: [dump]     In: .AppImage={ } .HalImage={ 0x100000010 } .AppMeta={ 0x80000000 } .HalMeta={ 0x100000018 }
10-03 12:32:27.870   679  1028 I MtkCam/ppl_context: [dump]    Out: .AppImage={ } .HalImage={ } .AppMeta={ 0x100000021 } .HalMeta={ }
10-03 12:32:27.870   679  1028 I MtkCam/ppl_context: [dump] <nodeId=0x23 (JpegNode) NO-INIT>
10-03 12:32:27.870   679  1028 I MtkCam/ppl_context: [dump]     In: .AppImage={ } .HalImage={ 0x10000000d 0x10000000e } .AppMeta={ 0x80000000 } .HalMeta={ 0x100000018 0x100000019 }
10-03 12:32:27.870   679  1028 I MtkCam/ppl_context: [dump]    Out: .AppImage={ 0x1 } .HalImage={ } .AppMeta={ 0x100000022 } .HalMeta={ }
10-03 12:32:27.870   679  1028 I MtkCam/ppl_context: [dump] <image streams>
10-03 12:32:27.870   679  1028 I MtkCam/ppl_context: [dump]     [IMAGE-APP-USER    ]0  960x720  OUT ImgFormat:0x32315659(YV12) BufPlanes(strides/sizeInBytes):[ 960/691200 480/172800 480/197280 ] startOffset:0 bufStep:0 t:0/r:0 maxBuffers:12 d/s:0x00000000(UNKNOWN) s0:d0:App:YV12:0|HW_TEXTURE AllocImgFormat:0x32315659(YV12) AllocBufPlanes(strides/sizeInBytes):[ 960/691200 480/172800 480/197280 ] Real:0x32315659(YV12) Request:0x22(IMPLEMENTATION_DEFINED) Override:0x32315659(YV12) Hal-Client-usage:0x100(0|HW_TEXTURE) Hal-usage:0x20033(0|SW_READ_OFTEN|SW_WRITE_OFTEN|HW_CAMERA_WRITE) HalStream::(consumer/producer)Usage:0/0x20033 0x7f046ccf00 phy:-1
10-03 12:32:27.870   679  1028 I MtkCam/ppl_context: [dump]     [IMAGE-APP-USER    ]0x1 4608x3456 OUT ImgFormat:0x2300(JPEG) BufPlanes(strides/sizeInBytes):[ 24215552/24215552 ] startOffset:0 bufStep:0 t:0/r:0 maxBuffers:6 d/s:0x08c20000(V0_JFIF|STANDARD_BT601_625|TRANSFER_SMPTE_170M|RANGE_FULL) s1:d0:App:BLOB:0|SW_READ_OFTEN AllocImgFormat:0x21(BLOB) AllocBufPlanes(strides/sizeInBytes):[ 24215552/24215552 ] Real:0x21(BLOB) Request:0x21(BLOB) Override:0x21(BLOB) Hal-Client-usage:0x3(0|SW_READ_OFTEN) Hal-usage:0x20033(0|SW_READ_OFTEN|SW_WRITE_OFTEN|HW_CAMERA_WRITE) HalStream::(consumer/producer)Usage:0/0x20033 0x7f046ce100 phy:-1
10-03 12:32:27.870   679  1028 I MtkCam/ppl_context: [dump]     [IMAGE-APP-USER    ]0x2  192x144  OUT ImgFormat:0x11(NV21) BufPlanes(strides/sizeInBytes):[ 192/36864 192/33216 ] startOffset:0 bufStep:0 t:0/r:0 maxBuffers:12 d/s:0x08c20000(V0_JFIF|STANDARD_BT601_625|TRANSFER_SMPTE_170M|RANGE_FULL) s2:d0:App:YCrCb_420_SP:0|SW_READ_OFTEN AllocImgFormat:0x11(NV21) AllocBufPlanes(strides/sizeInBytes):[ 192/36864 192/33216 ] Real:0x11(YCrCb_420_SP) Request:0x23(YCbCr_420_888) Override:0x23(YCbCr_420_888) Hal-Client-usage:0x3(0|SW_READ_OFTEN) Hal-usage:0x20033(0|SW_READ_OFTEN|SW_WRITE_OFTEN|HW_CAMERA_WRITE) HalStream::(consumer/producer)Usage:0/0x20033 0x7f046ce400 phy:-1
10-03 12:32:27.870   679  1028 I MtkCam/ppl_context: [dump]     [IMAGE-HAL-RUNTIME ]0x100000001 4640x3488 ImgFormat:0x2201(BAYER10) BufPlanes(strides/sizeInBytes):[ 5800/20230400 ] startOffset:0 bufStep:0 t:0 maxBufNum:13 minInitBufNum:0 Hal:Image:P1:Fullraw_main1 AllocImgFormat:0x21(BLOB) AllocBufPlanes(strides/sizeInBytes):[ 20230400/20230400 ] Private{exist?0 id:0}
10-03 12:32:27.870   679  1028 I MtkCam/ppl_context: [dump]     [IMAGE-HAL-POOL    ]0x100000002 1280x976  ImgFormat:0x2205(FG_BAYER10) BufPlanes(strides/sizeInBytes):[ 2400/2342400 ] startOffset:0 bufStep:0 t:0 maxBufNum:13 minInitBufNum:0 Hal:Image:P1:Resizeraw_main1 AllocImgFormat:0x2205(FG_BAYER10) AllocBufPlanes(strides/sizeInBytes):[ 2400/2342400 ] Private{exist?0 id:0}
10-03 12:32:27.870   679  1028 I MtkCam/ppl_context: [dump]     [IMAGE-HAL-POOL    ]0x100000003  384x384  ImgFormat:0x2401(STA_2BYTE) BufPlanes(strides/sizeInBytes):[ 768/294912 ] startOffset:0 bufStep:0 t:0 maxBufNum:13 minInitBufNum:1 Hal:Image:STT_main1 AllocImgFormat:0x2401(STA_2BYTE) AllocBufPlanes(strides/sizeInBytes):[ 768/294912 ] Private{exist?0 id:0}
10-03 12:32:27.870   679  1028 I MtkCam/ppl_context: [dump]     [IMAGE-HAL-RUNTIME ]0x10000000d 4608x3456 ImgFormat:0x11(NV21) BufPlanes(strides/sizeInBytes):[ 4608/15925248 4608/7962624 ] startOffset:0 bufStep:0 t:0 maxBufNum:6 minInitBufNum:0 Hal:Image:JpegYuv AllocImgFormat:0x11(NV21) AllocBufPlanes(strides/sizeInBytes):[ 4608/15925248 4608/7962624 ] Private{exist?0 id:0}
10-03 12:32:27.870   679  1028 I MtkCam/ppl_context: [dump]     [IMAGE-HAL-RUNTIME ]0x10000000e   -1x-1   ImgFormat:0x14(YUY2) BufPlanes(strides/sizeInBytes):[ 0/0 ] startOffset:0 bufStep:0 t:0 maxBufNum:6 minInitBufNum:0 Hal:Image:ThumbnailYuv AllocImgFormat:0x14(YUY2) AllocBufPlanes(strides/sizeInBytes):[ 0/0 ] Private{exist?0 id:0}
10-03 12:32:27.870   679  1028 I MtkCam/ppl_context: [dump]     [IMAGE-HAL-POOL    ]0x100000010  640x480  ImgFormat:0x14(YUY2) BufPlanes(strides/sizeInBytes):[ 1280/614400 ] startOffset:0 bufStep:0 t:0 maxBufNum:5 minInitBufNum:1 Hal:Image:FD AllocImgFormat:0x14(YUY2) AllocBufPlanes(strides/sizeInBytes):[ 1280/614400 ] Private{exist?0 id:0}
10-03 12:32:27.870   679  1028 I MtkCam/ppl_context: [dump] <meta streams>
10-03 12:32:27.870   679  1028 I MtkCam/ppl_context: [dump]     [META -APP-USER    ]0x80000000 maxBuffers:0 minInitBufNum:0 Meta:App:Control phy:0
10-03 12:32:27.870   679  1028 I MtkCam/ppl_context: [dump]     [META -HAL-USER    ]0x100000012 maxBuffers:10 minInitBufNum:1 Hal:Meta:Control_main1 phy:-1
10-03 12:32:27.870   679  1028 I MtkCam/ppl_context: [dump]     [META -HAL-USER    ]0x100000015 maxBuffers:10 minInitBufNum:1 Hal:Meta:P1:Dynamic_main1 phy:-1
10-03 12:32:27.871   679  1028 I MtkCam/ppl_context: [dump]     [META -HAL-USER    ]0x100000018 maxBuffers:10 minInitBufNum:1 Hal:Meta:P2:Dynamic phy:-1
10-03 12:32:27.871   679  1028 I MtkCam/ppl_context: [dump]     [META -HAL-USER    ]0x100000019 maxBuffers:10 minInitBufNum:1 Hal:Meta:P2C:Dynamic phy:-1
10-03 12:32:27.871   679  1028 I MtkCam/ppl_context: [dump]     [META -APP-USER    ]0x10000001c maxBuffers:10 minInitBufNum:1 App:Meta:DynamicP1_main1 phy:-1
10-03 12:32:27.871   679  1028 I MtkCam/ppl_context: [dump]     [META -APP-USER    ]0x10000001f maxBuffers:10 minInitBufNum:1 App:Meta:DynamicP2 phy:-1
10-03 12:32:27.871   679  1028 I MtkCam/ppl_context: [dump]     [META -APP-USER    ]0x100000020 maxBuffers:10 minInitBufNum:1 App:Meta:DynamicP2Cap phy:-1
10-03 12:32:27.871   679  1028 I MtkCam/ppl_context: [dump]     [META -APP-USER    ]0x100000021 maxBuffers:10 minInitBufNum:1 App:Meta:FD phy:-1
10-03 12:32:27.871   679  1028 I MtkCam/ppl_context: [dump]     [META -APP-USER    ]0x100000022 maxBuffers:10 minInitBufNum:1 App:Meta:Jpeg phy:-1
10-03 12:32:27.871   679  1028 I MtkCam/ppl_context: [dump] <InFlightList>
10-03 12:32:27.871   679  1028 I MtkCam/ppl_context: [dump] <ReadyList>
10-03 12:32:27.871   679  1028 I MtkCam/ppl_context: [dump] mInSelect(0) mPreOrderAmount(0) 
10-03 12:32:27.871   679  1028 I MtkCam/ppl_context: [dump]  
10-03 12:32:27.871   679  1028 I MtkCam/ppl_context: [dump] mConfigInitFrameCount=4
10-03 12:32:27.871   679  1028 I MtkCam/ppl_context: [dump] mFrameCountQueued=0
10-03 12:32:27.871   679  1028 I MtkCam/ppl_context: [dump] RequestNo:[-1,-1] (being) queued!
10-03 12:32:27.871   679  1028 I MtkCam/ppl_context: [dump] RequestNo<=-1 (being) flushed! No flush
10-03 12:32:27.872   679 32712 I MtkCam/P2/StreamingNode: [init] P2S cam 0: init lock +
10-03 12:32:27.872   679  1028 I mtkcam-dev3: [0-session::tryRunCommandLocked] Run command onConfigureStreamsLocked -
10-03 12:32:27.872   679 32709 E cam_capibitiliy: cam_capibitiliy[GetCapibility]ERR(  142):some query cmd(0x20000) is not supported. valid cmd(0x7100327f)
10-03 12:32:27.872   679 32709 E cam_capibitiliy:  (GetCapibility){#142:vendor/mediatek/proprietary/hardware/mtkcam/drv/src/isp/mt6765/imageio/drv/cam/cam_capibility.cpp}
10-03 12:32:27.872   679 32712 I MtkCam/P2/StreamingNode: [init] P2S cam 0: init lock -
10-03 12:32:27.872   679 32709 E cam_capi: cam_capi[GetCapibility]ERR(  287):user:NormalPipe query fail(module:0)
10-03 12:32:27.872   679 32709 E NormalPipe: [query] some query op fail
10-03 12:32:27.872   679 32709 E NormalPipe:  (query){#282:vendor/mediatek/proprietary/hardware/mtkcam/drv/src/isp/mt6765/iopipe/CamIO/NormalPipeModule.cpp}
10-03 12:32:27.872   679 32712 I MtkCam/P2/DispatchProcessor: [onInit]Enable Basic/Streaming (0/1)
10-03 12:32:27.872   679 32709 I MtkCam/P1NodeImp: [check_config] [Cam::0] Cam::0 Param[N:m0,p1,c3,q0,t0,b0,a0,i4,r0,w1,v10001000_B:p1,b0,t1,h0,u0,e1,l1,r0,f0,d0,q0,c0,f0,v0,s0,LL0,SSC0,SE0,ST0,SB0x0,O:1] S(1,30,1,0,x2,4640x3488) R(0x2201-0-0,1-1-1,1-0x3) D(b0,t1,h0) E(e1,l1,r0,u0,d0,q0,c0,f0,s0) M(m0x0,p0x1,c0x3,q0,t0,b1,a1,u1,d1,r0,i4,v10001000) Dm(1) Rc(0x0) Sh(0x0) SenCfg(0,0,0) Pool(IMG0x0,RRZ0x0,LCS0x0,RSS0x0,YUV0x0,CRZ10x0,CRZ20x0) MetaInAPP_0:0x80000000 MetaInHAL_1:0x100000012 MetaOutAPP_2:0x10000001c MetaOutHAL_3:0x100000015 ImgOutIMG_4:0x100000001(4640x3488)[0x2201] ImgOutRRZ_6:0x100000002(1280x976)[0x2205] ImgOutLCS_7:0x100000003(384x384)[0x2401] Meta(APP:4=4,HAL:0=0) RR(25) AA(0,0-4640x3488) TS(0) 
10-03 12:32:27.873 31224 32688 I BufferQueueProducer: [ImageReader-4608x3456f100m5-31224-3](this:0x75c4780000,id:4,api:4,p:645,c:31224) connect(P): api=4 producer=(645:???) producerControlledByApp=false
10-03 12:32:27.875   679 32709 I VHDRHal : [Init]mSensorIdx(0), VhdrHalMode(0) init
10-03 12:32:27.875 31224 32688 I BufferQueueProducer: [ImageReader-192x144f23m5-31224-4](this:0x75c4781800,id:5,api:4,p:645,c:31224) connect(P): api=4 producer=(645:???) producerControlledByApp=false
10-03 12:32:27.875   679 32709 I VHDRHal : [GetSensorStaticInfo]Sensor Static Info, previewW,H = 2320,1744
10-03 12:32:27.875   679 32709 I LMVHal  : [CreateInstance]user(MtkCam/P1NodeConnectLMV),sensorId(0)
10-03 12:32:27.875   679 32709 I LMVDrv  : [GetInstance]aSensorIdx(0)
10-03 12:32:27.875   679 32718 I MtkCam/JpegNode: [waitJpegEncodeReqDone] mReqNewTriggerEncodeCond wait + 
10-03 12:32:27.876   679 32709 I mtkcam-IonDevice: [attach] open shared ion device +
10-03 12:32:27.876   679 32709 I mtkcam-IonDevice: [attach] open shared ion device - fd=86
10-03 12:32:27.877   679 32712 I MtkCam/StreamingPipe/Pipe: [StreamingFeaturePipe]create pipe(0x7ef4a7c8c0): SensorIndex=0 sensorNum(1) dualMode(0),UsageMode=2 EisMode=0x0 3DNRMode=67 DSDN(mode/m,d)=(0/1,2) tsq=0          StreamingSize=1280x976 Out(max/phy/large/fd/video)=(4/0/1/640x480/0x0), secType=0
10-03 12:32:27.877   679 32712 I MtkCam/StreamingPipe/Pipe: [prepareGeneralPipe]create & init DIPStream ++
10-03 12:32:27.877   679 32712 I DIPStream: [createInstance]createInstance DIPStream_NormalStream
10-03 12:32:27.877   679 32709 I LCSHal  : [Init]mSensorIdx(0)  init
10-03 12:32:27.879 31224 32688 I CamAp_API2-Handler-0: [createCaptureSession]-, executing time = 314ms.
10-03 12:32:27.879 31224 32689 I CamAp_API2-Handler-0: [onConfigured], session = android.hardware.camera2.impl.CameraCaptureSessionImpl@f748d09
10-03 12:32:27.879 31224 32689 I CamAp_API2-Handler-0: [onReady] mCameraCaptureSession = android.hardware.camera2.impl.CameraCaptureSessionImpl@f748d09,ready session = android.hardware.camera2.impl.CameraCaptureSessionImpl@f748d09
10-03 12:32:27.879 31224 32683 I CamAp_PhotoDevice2Controller: [onConfigured],session = com.mediatek.camera.common.device.v2.Camera2CaptureSessionProxy@58efb0e, mNeedFinalizeOutput:true
10-03 12:32:27.880 31224 32688 I CamAp_API2-Handler-0: [finalize output configurations]+, pending time = 0ms.
10-03 12:32:27.881   645 20024 W CameraDeviceClient: createSurfaceFromGbp: Camera 0 with consumer usage flag: 256: Forcing asynchronous mode for stream
10-03 12:32:27.882   645 20024 E GraphicExt: GraphicExtModuleLoader::CreateGraphicExtInstance false
10-03 12:32:27.883   645 20024 W CameraDeviceClient: createSurfaceFromGbp: Camera 0: Overriding format 0x1 to IMPLEMENTATION_DEFINED
10-03 12:32:27.883   645 20024 E CameraDeviceClient: matchIndex: 0  isAddPixel: 0
10-03 12:32:27.884   645 20024 I chatty  : uid=1047(cameraserver) Binder:645_7 identical 102 lines
10-03 12:32:27.884   645 20024 E CameraDeviceClient: matchIndex: 0  isAddPixel: 0
10-03 12:32:27.884 31224 32688 I BufferQueueProducer: [SurfaceTexture-0-31224-1](this:0x75be3b5800,id:7,api:4,p:645,c:31224) connect(P): api=4 producer=(645:???) producerControlledByApp=true
10-03 12:32:27.887 31224 32688 I CamAp_API2-Handler-0: [finalize output configurations]-, executing time = 7ms.
10-03 12:32:27.887 31224 32683 I CamAp_PhotoDevice2Controller: [repeatingPreview] mSession =com.mediatek.camera.common.device.v2.Camera2CaptureSessionProxy@58efb0e mCamera =com.mediatek.camera.common.device.v2.Camera2Proxy@8403cb9,needConfigBuiler false
10-03 12:32:27.888 31224 32688 I CamAp_API2-Handler-0: [setRepeatingRequest]+, pending time = 0ms.
10-03 12:32:27.890 31224 32688 I CamAp_API2-Handler-0: [setRepeatingRequest]-, executing time = 2ms.
10-03 12:32:27.890 31224 32689 I CamAp_API2-Handler-0: [onActive] mCameraCaptureSession = android.hardware.camera2.impl.CameraCaptureSessionImpl@f748d09,active session = android.hardware.camera2.impl.CameraCaptureSessionImpl@f748d09
10-03 12:32:27.890 31224 32683 I MirrorEntry: isSupport:false
10-03 12:32:27.891 31224 32683 I CamAp_SlowMotionQualityEntry: [isSupport] isSupported = false
10-03 12:32:27.893   679 12825 I mtkcam-PipelineModelSession: [submitRequest] <Default/0> requestNo:0 { repeating:0 control.aeTargetFpsRange:5,30 control.captureIntent:1 control.enableZsl:0 control.processRawEn:0 control.mode:1 control.sceneMode:0 control.videoStabilizationMode:0 edge.mode:1 }
10-03 12:32:27.893   679 12825 I mtkcam-FeatureSettingPolicy: [collectDefaultSensorInfo] keep the first request config as default config
10-03 12:32:27.896   679 12825 I mtkcam-InitFrameHandler: [enqueue] RequestNo:0 FrameNo:0
10-03 12:32:27.896   679 32707 I MtkCam/ppl_context: [waitUntilConfigDone] sendFrame: wait for pipeline config done
10-03 12:32:27.902   679 12825 I mtkcam-InitFrameHandler: [enqueue] RequestNo:1 FrameNo:1
10-03 12:32:27.903   679 32712 I MtkCam/StreamingPipe/Pipe: [prepareGeneralPipe]create & init DIPStream --
10-03 12:32:27.904 31224 32683 I SDCardFileUtils: volumenames size:1type:Internal
10-03 12:32:27.904   679 32712 I MtkCam/StreamingPipe/TPI_MGR_Plugin: [createSession]+ sensor(#1:main=0) mask=[0x0000400800200020] size(raw:1280x976 app:960x720) margin(1.000)
10-03 12:32:27.904   679 32712 I MtkCam/ppl_plugin: [PipelinePlugin] Join: ctor(0x7f114478d8)
10-03 12:32:27.904   679 32712 I MtkCam/ppl_plugin: [getInstance] Join: create plugin(0x7f114478d8), hash:0, uniqueKey:0
10-03 12:32:27.904   679 32712 I MtkCam/TPI_S_ASYNC: [S_ASYNC_Plugin] create S_ASYNC plugin
10-03 12:32:27.904   679 32712 I MtkCam/TPI_S_META: [S_META_Plugin] create S_META plugin
10-03 12:32:27.904   679 32712 I MtkCam/TPI_S_Disp: [S_DISP_Plugin] create S_DISP plugin
10-03 12:32:27.904   679 32712 I MtkCam/TPI_S_EISQ: [S_EISQ_Plugin] create S_EISQ plugin
10-03 12:32:27.904   679 32712 I MtkCam/TPI_S_FB: [S_FB_Plugin] create S_FB plugin
10-03 12:32:27.904   679 32712 I MtkCam/TPI_S_Green: [S_GREEN_Plugin] create S_GREEN plugin
10-03 12:32:27.904   679 32712 W StereoSettingProvider: [getStereoSensorIndex] WRN(  196):Cannot get sensor index by logical device ID 0, return 0, 1
10-03 12:32:27.904   679 32712 I MtkCam/StreamingPipe/TPI_MGR_Plugin: [createPluginSession]negotiate[ID:1]+ [0x0000000000200000][MTK ASYNC ASD] match=1 isDualPlugin=0
10-03 12:32:27.905   679 32712 I MtkCam/StreamingPipe/TPI_MGR_Plugin: [createPluginSession]negotiate[ID:1]- name=[MTK ASYNC ASD] match=1 run=0
10-03 12:32:27.905   679 32712 I MtkCam/StreamingPipe/TPI_MGR_Plugin: [createPluginSession]negotiate[ID:2]+ [0x0000000000200000][MTK META only] match=1 isDualPlugin=0
10-03 12:32:27.905   679 32712 I MtkCam/StreamingPipe/TPI_MGR_Plugin: [createPluginSession]negotiate[ID:2]- name=[MTK META only] match=1 run=0
10-03 12:32:27.905   679 32712 I MtkCam/StreamingPipe/TPI_MGR_Plugin: [createPluginSession]negotiate[ID:3]+ [0x0000000000000020][MTK DISP] match=1 isDualPlugin=0
10-03 12:32:27.905   679 32712 I MtkCam/StreamingPipe/TPI_MGR_Plugin: [createPluginSession]negotiate[ID:3]- name=[MTK DISP] match=1 run=0
10-03 12:32:27.905   679 32712 I MtkCam/StreamingPipe/TPI_MGR_Plugin: [createPluginSession]negotiate[ID:4]+ [0x0000000000002000][MTK EISQ] match=0 isDualPlugin=0
10-03 12:32:27.905   679 32712 I MtkCam/StreamingPipe/TPI_MGR_Plugin: [createPluginSession]negotiate[ID:4]- name=[MTK EISQ] match=0 run=0
10-03 12:32:27.905   679 32712 I MtkCam/StreamingPipe/TPI_MGR_Plugin: [createPluginSession]negotiate[ID:5]+ [0x0000000000000020][MTK FB] match=1 isDualPlugin=0
10-03 12:32:27.905   679 32712 I MtkCam/TPI_S_FB: [getConfigSetting] max out size(960x720), StreamingSize (1280x976), AllSensorSize is 1, first sensor is 0, Timestamp: 253139719340472
10-03 12:32:27.905   679 32712 I MtkCam/StreamingPipe/TPI_MGR_Plugin: [createPluginSession]negotiate[ID:5]- name=[MTK FB] match=1 run=0
10-03 12:32:27.905   679 32712 I MtkCam/StreamingPipe/TPI_MGR_Plugin: [createPluginSession]negotiate[ID:6]+ [0x0000000000000020][MTK GREEN] match=1 isDualPlugin=0
10-03 12:32:27.905   679 32712 I MtkCam/StreamingPipe/TPI_MGR_Plugin: [createPluginSession]negotiate[ID:6]- name=[MTK GREEN] match=1 run=0
10-03 12:32:27.905   679 32712 I MtkCam/StreamingPipe/TPI_MGR_Plugin: [createPluginSession]negotiate[ID:7]+ [0x0000000000010000][MTK TK_3rdPartyPlugin] match=0 isDualPlugin=1
10-03 12:32:27.905   679 32712 I MtkCam/StreamingPipe/TPI_MGR_Plugin: [createPluginSession]negotiate[ID:7]- name=[MTK TK_3rdPartyPlugin] match=0 run=0
10-03 12:32:27.905   679 32712 I MtkCam/StreamingPipe/TPI_MGR_Plugin: [createSession]- ret=1
10-03 12:32:27.905   679 32712 I MtkCam/StreamingPipe/PipeUsage: [config]config usage : mSuppoRtSharedInput(1)
10-03 12:32:27.905 31224 32683 I StorageManagerEx:  Default path taken as primary storage, path=/storage/emulated/0
10-03 12:32:27.905   679 32712 I MtkCam/StreamingPipe/EISQControl: [init]useQ=0 tsQ=0 pSize=1 qSize=0
10-03 12:32:27.905   679 32712 I MtkCam/StreamingPipe/Pipe: [onInit]+
10-03 12:32:27.905   679 32712 I MtkCam/StreamingPipe/Pipe: [onInit]-
10-03 12:32:27.905   679 32712 I MtkCam/StreamingPipe/Node: [enableDumpMask]fpipe.p2a current dumpMask(0xffff) prop(vendor.debug.mask.fpipe.p2a)
10-03 12:32:27.905   679 32712 I MtkCam/StreamingPipe/Node: [enableDumpMask]fpipe.p2amdp current dumpMask(0x0) prop(vendor.debug.mask.fpipe.p2amdp)
10-03 12:32:27.906   679 12825 I mtkcam-InitFrameHandler: [enqueue] RequestNo:2 FrameNo:2
10-03 12:32:27.907  1143  1289 W SensorService: sensor 00000004 already enabled in connection 0x756774b1c0 (ignoring)
10-03 12:32:27.907   677   677 I Gyroscope: batch: handle:3, flag:0,samplingPeriodNs:10000000 maxBatchReportLatencyNs:0

10-03 12:32:27.907 31224 32683 I SDCardFileUtils: volumenames size:1type:Internal
10-03 12:32:27.907   679 32712 I MtkCam/P2/P2DumpPlugin: [P2DumpPlugin]mode/start/count(0/0/0) mask: in/out(0x0/0x0)
10-03 12:32:27.908   679 32712 I MtkCam/P2/StreamingProcessor: [needReConfig] P2S cam 0: re-config=0, EISMode(0=>0), EISFactor(100=>100), Size(1280x976=>1280x976)
10-03 12:32:27.909 31224 32683 I CamAp_FlashViewController: FlashViewController FLASH_VIEW_INIT mFlashHint =com.mediatek.camera.common.IAppUi$HintInfo@8242b3b
10-03 12:32:27.909   679   317 I MtkCam/P2/CaptureProcessor: [onInit] P2C cam 0: (0x7f022716f0) uniqueKey:103227858
10-03 12:32:27.909   679   317 I MtkCam/P2/CaptureProcessor: [onInit] P2C cam 0: create captureFeaturePipe, isDualCam:0, sensor count:1
10-03 12:32:27.909   679   317 I MtkCam/P2/CaptureProcessor: [onInit] P2C cam 0: supportSceneroiFeatures:0x4000009000c00dd dualMode:0
10-03 12:32:27.909   679   317 I MtkCam/CapturePipe/RAWNode: [RAWNode](0x7eafc97100) ctor
10-03 12:32:27.909   679   317 I MtkCam/CapturePipe/MultiFrameNode: [MultiFrameNode](0x7eafc97600) ctor
10-03 12:32:27.909   679   317 I MtkCam/CapturePipe/YUVNode: [YUVNode](0x7eafc97b00) ctor
10-03 12:32:27.909   679   317 I MtkCam/CapturePipe/RAWNode: [onInit](0x7eafc97100) uniqueKey:103227858
10-03 12:32:27.909   679   317 I MtkCam/CapturePipe/MultiFrameNode: [onInit](0x7eafc97600) uniqueKey:103227858
10-03 12:32:27.909   679   317 I MtkCam/CapturePipe/YUVNode: [onInit](0x7eafc97b00)(9) uniqueKey:103227858
10-03 12:32:27.911 31224 32683 I hctcameras: getNumberOfCameras:2
10-03 12:32:27.914   679  1028 I MtkCam/ppl_context: [waitUntilInitFrameDrainedAndDestroyInitFrameHandler] +
10-03 12:32:27.914 31224 32683 I Config  : wideAngleId:-1isZoomSwitchSupport:true
10-03 12:32:27.915 31224 32683 I chatty  : uid=10134(com.mediatek.camera) identical 1 line
10-03 12:32:27.916 31224 32683 I Config  : wideAngleId:-1isZoomSwitchSupport:true
10-03 12:32:27.917 31224 32683 I CamAp_ZoomSliderUICtrl: ZoomSliderUi Config not empty(true)
10-03 12:32:27.923 31224 32683 I Config  : wideAngleId:-1isZoomSwitchSupport:true
10-03 12:32:27.924 31224 32683 I CamAp_ExposureCaptureRequestConfigure: [initFlashVendorKey] mIsFlashCustomizedSupported false,sIsCustomizedFlash false
10-03 12:32:27.934 31224 31224 I SlidingArcView: setIndexOfView index = 31 indexOfView = 31
10-03 12:32:27.934   679 32709 I Drv/HWsync: Drv/HWsync[sendCommand] mSensorIdxList.size(1)
10-03 12:32:27.935   679 32709 W Drv/HWsync: Drv/HWsync[sendCommand] WARNING: NO FrameTimeDelayFrame from sensor_dev:1, set to 1
10-03 12:32:27.935   679 32709 I Drv/HWsync: Drv/HWsync[calCurrentFps] idx(0) pclk(560000000),period(5088,7711), fps(142)
10-03 12:32:27.935   679 32709 I Drv/HWsync: Drv/HWsync[sendCommand] dev(0x1),scen(1) cFps(142), userFps(300), frmTimeDelay(1), hwsync_idx(0)
10-03 12:32:27.936 31224 31224 W View    : requestLayout() improperly called by android.widget.RelativeLayout{c82eac9 V.E...... ......ID 0,0-305,305} during layout: running second layout pass
10-03 12:32:27.936 31224 31224 W View    : requestLayout() improperly called by android.widget.RelativeLayout{7bd65ce I.E...... ......ID 222,20-276,284 #7f0900b7 app:id/expand_view} during layout: running second layout pass
10-03 12:32:27.938   679 32709 I CcuMgr  : [createInstance] + User: 3AHal
10-03 12:32:27.938   679 32709 I CcuMgr  : [createInstance] CcuMgr User Cnt: 1
10-03 12:32:27.938   679 32709 I CcuMgr  : [ccuInit] +
10-03 12:32:27.939   679 32709 I CcuMgr  : [ccuInit] -
10-03 12:32:27.942   679 32709 E ccuaee  : [vendor/mediatek/proprietary/hardware/libcamera_ext/ccu/mt6765/ver1/drv/src/drv/../util/ccu_aee_mgr.cpp, CcuAeeMgrDlInit, line0053] ERROR: dlopen LIB_AED failed.
10-03 12:32:27.946   679 32709 I LMVTuning: [LMVTuning][Cam::0]LMV(1/0x7f14b3fdb0@0x7efcdc8b00),SGG2(1@0x7efa1425f0)
10-03 12:32:27.946   679 32709 I VHDRHal : [ConfigVHdr]setAETargetMode 0
10-03 12:32:27.946   679 32709 I FlashMgrM: setManualExposureTime(): manualExp(0).
10-03 12:32:27.946   679 32709 I FlashMgrM: setManualSensitivity(): ISO(0)
10-03 12:32:27.946   679 32709 I FlickerHal: setFlickerMode(): mode change(3->0).
10-03 12:32:27.946   679 32709 I af_mgr_v3: [getPdInfoForSttCtrl] Dev 0x0001, sensormode(1) TGSZ(4640,3488), BINSZ(4640,3488), BPCITbl(Valid=1): xSz(10367) ySz(0) pa(0xc100000) va(0x7f1451e000) memID(164), PDO: xSz(0x23f) ySz(0x35f), isTGInfoValid(1)/isFrontalBINDisable(1)/isFullMode(1)
10-03 12:32:27.946   679 32709 I af_mgr_v3: [getPdInfoForSttCtrl] SensorMode(1), PDAF_Support(1), bSensorModeSupportPDAF(1), Info for 3A framework to Cfg sttPipe :PDAFStatus(1), PDOSzW(304 PIXELS), PDOSzH(864)
10-03 12:32:27.947   679 32709 I af_mgr_v3: cmd-setSensorMode Dev 1, Mode 1, BINSZ(4640, 3488)
10-03 12:32:27.947   679   379 I af_mgr_v3: [getAFMaxAreaNum] (1)
10-03 12:32:27.947   679   379 I isp_mgr_af_stat: [isCCUSupport] (0) Dev(1) Idx(0) 
10-03 12:32:27.947   679   379 I isp_mgr_af_stat: [isCCUSupport] Enable CCU_AF(0)
10-03 12:32:27.949 31224 32683 I CamAp_FaceCaptureRequestConfig: [configCaptureRequest] start face detection, this: com.mediatek.camera.feature.setting.facedetection.FaceCaptureRequestConfig@b1eeb75
10-03 12:32:27.950 31224 32683 I Config  : wideAngleId:-1isZoomSwitchSupport:true
10-03 12:32:27.950 31224 32683 I Config  : wideAngleId:-1isZoomSwitchSupport:true
10-03 12:32:27.950   679   381 I af_mgr_v3: #(   61,   59) setCamScenarioMode 0 -> 2
10-03 12:32:27.951   679   381 I af_mgr_v3: #(   61,   59) setCamScenarioMode NVRAM is not initialized, update m_eCamScenarioMode only, no need update to algo
10-03 12:32:27.951   679   381 I af_mgr_v3: AF-Start          : + Dev 1
10-03 12:32:27.951   679   381 I af_mgr_v3: AF-Start          : Dev(0x0001), set CurAFMode to EDOF to enable LaunchCamTrigger
10-03 12:32:27.951   679   381 I af_mgr_v3: AF-Start          : Dev(0x0001), PixId (2)(0:B, 1:GB, 2:GR, 3:R), SensorID (0x3109), ModuleId (0x0000), LensId (0x9800), EnableAF (1), IsAFSupport(1), PD_Support(1)
10-03 12:32:27.951   679   381 W nvbuf_util.cpp: [getInstance:398] getInstance, bInit(1)
10-03 12:32:27.951 31224 32683 I Config  : wideAngleId:-1isZoomSwitchSupport:true
10-03 12:32:27.951   679   381 W nvbuf_util.cpp: [getBufAndReadNoLock:684] ramId(3), sensorDev(1), p(0x0), bForceRead(0) +
10-03 12:32:27.951   679   381 I af_mgr_v3: AF-Start          : Dev(0x0001), Scenario Mode(2), NVRAM File Path vendor/mediatek/proprietary/custom/mt6765/hal/lens/dw9800af/lens_para_DW9800AF_cap.cpp
10-03 12:32:27.951   679   381 I af_mgr_v3: AF-Start          : Dev(0x0001), ParamInfo : CamScenarioMode(2), [nvram] ver(1), Sz(225280, 4, 8, 10216, 2592, 4104, 208356),Normal Num(19) Macro Num(19) Normal min step(4) Macro min step(4)
10-03 12:32:27.951   679   381 I af_mgr_v3: AF-Start          : Dev(0x0001), needCheckSendCallback 1, CallbackInfo.Targets: PDCL 0, FPS 0, ISO 0
10-03 12:32:27.951   679   381 I af_mgr_v3: AF-Start          : Dev(0x0001), TGSZ: W 4640, H 3488, BINSZ: W 4640, H 3488
10-03 12:32:27.951 31224 32683 I Config  : wideAngleId:-1isZoomSwitchSupport:true
10-03 12:32:27.951   679   381 I af_mgr_v3: AF-Start          : Dev(0x0001), [AFParam] AFS_MODE(1), AFC_MODE(1), VAFC_MODE(2), TBLL(9), [DefAFConfig] AF_EXT_ENABLE(1)
10-03 12:32:27.951   679   381 I af_mgr_v3: AF-SDAF_Start     : default data [af_dac_inf]390 [af_dac_marco]802 [af_dac_min]390 [af_dac_max]802 [af_distance_inf]0 [af_distance_marco]0
10-03 12:32:27.952   679   381 I af_mgr_v3: AF-Start          : Dev(0x0001), PDAF flow is not enabled PDAF support type(1->0)
10-03 12:32:27.952   679   381 I af_mgr_v3: AF-Start          : Dev(0x0001), PD Flow (0), SensorMode(1), PDAF_Support_Type(1), SensorModeSupportPDAF(1), PDPipeCtrl(1), ImgSz(4640, 3488), FullSz(4640, 3488), IsZSD 1, AETargetMode(0)
10-03 12:32:27.952   679   381 I af_mgr_v3: #(    0,    0) SetCropRegionInfo (x,y,w,h)=(0, 0, 4640, 3488), dzX(100), dzY(100), Fac(100)
10-03 12:32:27.952   679   381 I af_mgr_v3: UpdateCenterROI 37 38 37 39 18 24 - scale 18 24
10-03 12:32:27.952   679   381 I af_mgr_v3: ROI-C [X]1902 [Y]1325 [W]835 [H]837
10-03 12:32:27.952   679   381 I AfAlgoC : [initAF] version .4 20241005 20241006 8225007 8362002 8042003, param 18041618
10-03 12:32:27.952 31224 31224 I Config  : wideAngleId:-1isZoomSwitchSupport:true
10-03 12:32:27.954   679   381 I af_mgr_v3: AF-IspMgrAFStatStart: ReadOutTimePerLine(9085), P1DoneTime(31688)
10-03 12:32:27.954   679   381 I isp_mgr_af_stat: [start] Support AF
10-03 12:32:27.954   679   381 I isp_mgr_af_stat: [start] SensorDev(1) SensorIdx(0) -
10-03 12:32:27.954   679   381 I isp_mgr_af_stat: sendAFConfigCtrl : ReadOutTimePerLine(9085), P1ReadOutTime(31688)
10-03 12:32:27.954   679   381 I af_mgr_v3: AF-Start          : -
10-03 12:32:27.955   679   379 I isp_mgr_af_stat: [isCCUSupport] (0) Dev(1) Idx(0) 
10-03 12:32:27.955   679   379 I isp_mgr_af_stat: [isCCUSupport] Enable CCU_AF(0)
10-03 12:32:27.955   679   379 I afo_buf_mgr: [AFOBufMgrImp] IsCCUSupport(0)
10-03 12:32:27.955   679   379 I afo_buf_mgr: [AFOBufMgrImp] SensorDev(1) -
10-03 12:32:27.955   679   379 I FLKOBufMgr: FLKOBufMgr(): Expo type = FLK_SENSOR_TYPE_NORMAL
10-03 12:32:27.955 31224 32683 I CamAp_FlashRequestConfigure: [configCaptureRequest], mFlashMode = 0
10-03 12:32:27.958 31224 32683 I CamAp_PhotoDevice2Controller: [repeatingPreview] mSession =com.mediatek.camera.common.device.v2.Camera2CaptureSessionProxy@58efb0e mCamera =com.mediatek.camera.common.device.v2.Camera2Proxy@8403cb9,needConfigBuiler false
10-03 12:32:27.959 31224 32688 I CamAp_API2-Handler-0: [setRepeatingRequest]+, pending time = 0ms.
10-03 12:32:27.960   679 32709 W nvbuf_util.cpp: [getInstance:398] getInstance, bInit(1)
10-03 12:32:27.960   679 32709 W nvbuf_util.cpp: [getBufAndReadNoLock:684] ramId(1), sensorDev(1), p(0x7f14c940c0), bForceRead(0) +
10-03 12:32:27.960   679 32709 W nvbuf_util.cpp: [getInstance:398] getInstance, bInit(1)
10-03 12:32:27.960   679 32709 W nvbuf_util.cpp: [getBufAndReadNoLock:684] ramId(12), sensorDev(1), p(0x7efcf309c0), bForceRead(0) +
10-03 12:32:27.960   679 32709 E CamCalDrv: CamCalDrvErr:   145: [CAM_CAL_ERR_NO_DEVICE] i4SensorDevId = 0 (GetCamCalCalDataBase){#145:vendor/mediatek/proprietary/hardware/mtkcam/drv/src/mem/common/v1/cam_cal_drv.cpp}
10-03 12:32:27.961   679 32709 I FlashMgrM: setBitMode(): mode(1).
10-03 12:32:27.961 31224 32688 I CamAp_API2-Handler-0: [setRepeatingRequest]-, executing time = 2ms.
10-03 12:32:27.961   679 32709 I StrobeDrvFlashlight: setCharger(): ready(1).
10-03 12:32:27.961   679 32709 I StrobeDrvFlashlight: setCharger(): time(253140163).
10-03 12:32:27.961   679 32709 I StrobeDrvFlashlight: setCharger(): ready(1).
10-03 12:32:27.961   679 32709 I StrobeDrvFlashlight: setCharger(): time(253140163).
10-03 12:32:27.961   679 32709 I FlashHal: setInCharge(): sensorDev(1), inCharge(1).
10-03 12:32:27.961   679 32709 I FlashMgrM: setInCharge(): sensorDev(1), inCharge(1).
10-03 12:32:27.961   679 32709 I FlickerPlatformAdapter: setWindowInfo(): sensorDev(1) sensorId(0) tg(1) tgImg(2320,3488) configImg(2317,3463) offset(0,20) win(772,1154) dma(20772)
10-03 12:32:27.961   679 32709 I FlickerHal: setWindowInfo():flkHwInfo(1)
10-03 12:32:27.961   679 32709 I aaa_common_custom.cpp: [cust_initSpecialLongExpOnOff] g_bIsSpecialLongExpOn(0) AEEffectiveFrame(0)
10-03 12:32:27.961   679 32709 I LCSHal  : [GetSensorInfo]Sensor Static Info, previewW,H = 2320,1744,
10-03 12:32:27.961   679 32709 I MtkCam/P1NodeImp: [hardwareOps_start] [Cam::0] InitRqeFlow return 4 4 0 - Cam::0 Sensor(4640x3488)(31690971ns) Raw(1,0x3)-Proc(4640x3488)-Pure(4640x3488) Bin(4640x3488) BinEn=0 TG(0:0) DTwin(1@0)=0 LSM(1) QLV(2) Ratio(25) SensorCfg(T:0 i:0 4640x3488 s:1 b:0 c:1, h:0 f:30 t:0 d:0) ConfigPort[4]:(0xf) InitParam[R:0 B:10 D:1 Nd:0 Ul:0 Pb:1 Rc:x3 Dt:0 Iq:2 F(DataPattern:x0 OffBin:x1 SensorNum:x0 RAW:x10)]AE(Ep:69998 Afe:11648 Ep_se:0 Afe_se:0 Ep_me:0 Afe_me:0 Ep_vse:0 Afe_vse:0)
10-03 12:32:27.962   679 32707 I MtkCam/ppl_context: [waitUntilConfigDone] sendFrame: pipeline config done - err:0
10-03 12:32:27.963   679  1028 I MtkCam/ppl_context: [waitUntilInitFrameDrainedAndDestroyInitFrameHandler] -
10-03 12:32:27.965   679 32695 W aaa_hal_sttCtrl: [startStt] SensorDev = 1, m_i4SttPortEnable = 15 
10-03 12:32:27.969   679 32695 I isp_mgr_af_stat: HW : CAM_AFO_XSIZE(0x600) CAM_AFO_YSIZE(0x30) CAM_AF_SIZE(0x1220)
10-03 12:32:27.969   679 32695 I isp_mgr_af_stat: HW : CAM_AF_CON(0x701731) CAM_AF_VLD(0x536078e) CAM_AF_BLK_0(0x110010) CAM_AF_BLK_1(0x300030)
10-03 12:32:27.969   679 32695 I isp_mgr_af_stat: HW : CAM_AF_TH_0(0x20002) CAM_AF_TH_1(0xf0f0f002) CAM_AF_TH_2(0xe6e6e6e6)
10-03 12:32:27.969   679 32695 I isp_mgr_af_stat: HW : CAM_SGG1_PGN(0x10) CAM_SGG1_GMRC_1(0x3d2a1d13) CAM_SGG1_GMRC_2(0xb47e58)
10-03 12:32:27.969   679 32695 I isp_mgr_af_stat: HW : CAM_SGG5_PGN(0x10) CAM_SGG5_GMRC_1(0x10080402) CAM_SGG5_GMRC_2(0x804020)
10-03 12:32:27.969   679 32695 I isp_mgr_af_stat: HW : CAM_AF_FLT_1(0x242b240f) CAM_AF_FLT_2(0x20a16) CAM_AF_FLT_3(0x0) CAM_AF_FLT_4(0x242b240f)
10-03 12:32:27.969   679 32695 I isp_mgr_af_stat: HW : CAM_AF_FLT_5(0x20a16) CAM_AF_FLT_6(0x0) CAM_AF_FLT_7(0x1000100) CAM_AF_FLT_8(0x7000700)
10-03 12:32:27.969   679 32695 I isp_mgr_af_stat: HW-ConfigUpdate Config(0)
10-03 12:32:27.969   679 32695 W TuningMgr: TuningMgr[updateEngine] WARNING: [temp log] AF enable(1_0xa0000_0x800068)
10-03 12:32:27.969   679 32695 I isp_mgr_af_stat: HW-apply Magic(1) , Config(0)
10-03 12:32:27.970   679   385 I af_mgr_v3: AF-AFThreadStart  : + Dev 1
10-03 12:32:27.970   679 32695 I FlickerHal: start(): begin. m_sensorDev(1)
10-03 12:32:27.970   679   385 I af_mgr_v3: Read (3) calibration data from EEPROM by camcal
10-03 12:32:27.971   679 32695 I FlickerHal: attach(): isAttach(1), count(1/1). m_sensorDev(1)
10-03 12:32:27.971   679   385 I CamCalCamCal: ver1210~ sensorID=3109 deviceID=1
10-03 12:32:27.971   679   385 E CamCalCamCal: ver1210~Err:   283: Return ERROR ERR_NO_3A_GAIN
10-03 12:32:27.971   679   385 I af_mgr_v3: err (ERR_NO_3A_GAIN)
10-03 12:32:27.971   679   385 I af_mgr_v3: AF-AFThreadStart  : initMCU + Dev 1, moveMCU 0
10-03 12:32:27.971   679   385 I af_mgr_v3: AF-AFThreadStart  : initMCU -
10-03 12:32:27.971   679   385 I af_mgr_v3: AF-AFThreadStart  : -
10-03 12:32:27.973   679 32695 I FlickerHal: init_algo(): sensorDev(1) sensorIdx(0) sensorMode(2) sensorType(0) initFreq(50) ratio(1) clkFreq(560000000) pixelsInLine(5088) imgH(3463) winH(1154) winW(772) mUsers(1) period(2 ms)
10-03 12:32:27.973   679 32695 I FlashMgrM: getFlashMode(): mode(2).
10-03 12:32:27.973   679 32695 W TaskMgr : [sendEvent] TaskEvent:PreivewStart
10-03 12:32:27.973   679 32695 W TaskMgr : [sendEvent] Create Task(0), overridePriority(-1)
