10-03 09:02:11.114  1143  1143 I TransportClient: BackupTransportService#1781: Notifying [AppBackupUtils.appIsRunningAndEligibleForBackupWithTransport] transport = IBackupTransport
10-03 09:02:11.161  1143  1143 I TransportClient: BackupTransportService#1785: Notifying [AppBackupUtils.appIsRunningAndEligibleForBackupWithTransport] transport = IBackupTransport
10-03 09:02:11.216  1143  1143 I TransportClient: BackupTransportService#1788: Notifying [AppBackupUtils.appIsRunningAndEligibleForBackupWithTransport] transport = IBackupTransport
10-03 09:02:11.250  1143  1143 I TransportClient: BackupTransportService#1789: Notifying [AppBackupUtils.appIsRunningAndEligibleForBackupWithTransport] transport = IBackupTransport
10-03 09:02:11.279  1143  1143 I TransportClient: BackupTransportService#1790: Notifying [AppBackupUtils.appIsRunningAndEligibleForBackupWithTransport] transport = IBackupTransport
10-03 09:02:11.311  1143  1143 I TransportClient: BackupTransportService#1792: Notifying [AppBackupUtils.appIsRunningAndEligibleForBackupWithTransport] transport = IBackupTransport
10-03 09:02:11.341  1143  1143 I TransportClient: BackupTransportService#1795: Notifying [AppBackupUtils.appIsRunningAndEligibleForBackupWithTransport] transport = IBackupTransport
10-03 09:02:11.371  1143  1143 I TransportClient: BackupTransportService#1796: Notifying [AppBackupUtils.appIsRunningAndEligibleForBackupWithTransport] transport = IBackupTransport
10-03 09:02:11.400  1143  1143 I TransportClient: BackupTransportService#1797: Notifying [AppBackupUtils.appIsRunningAndEligibleForBackupWithTransport] transport = IBackupTransport
10-03 09:02:11.424  1143  1143 I TransportClient: BackupTransportService#1798: Notifying [AppBackupUtils.appIsRunningAndEligibleForBackupWithTransport] transport = IBackupTransport
10-03 09:02:11.449  1143  1143 I TransportClient: BackupTransportService#1799: Notifying [AppBackupUtils.appIsRunningAndEligibleForBackupWithTransport] transport = IBackupTransport
10-03 09:02:11.479  1143  1143 I TransportClient: BackupTransportService#1800: Notifying [AppBackupUtils.appIsRunningAndEligibleForBackupWithTransport] transport = IBackupTransport
10-03 09:02:11.512  1143  1143 I TransportClient: BackupTransportService#1802: Notifying [AppBackupUtils.appIsRunningAndEligibleForBackupWithTransport] transport = IBackupTransport
10-03 09:02:11.548  1143  1143 I TransportClient: BackupTransportService#1806: Notifying [AppBackupUtils.appIsRunningAndEligibleForBackupWithTransport] transport = IBackupTransport
10-03 09:02:11.576  1143  1143 I TransportClient: BackupTransportService#1807: Notifying [AppBackupUtils.appIsRunningAndEligibleForBackupWithTransport] transport = IBackupTransport
10-03 09:02:11.613  1143  1143 I TransportClient: BackupTransportService#1811: Notifying [AppBackupUtils.appIsRunningAndEligibleForBackupWithTransport] transport = IBackupTransport
10-03 09:02:11.644  1143  1143 I TransportClient: BackupTransportService#1812: Notifying [AppBackupUtils.appIsRunningAndEligibleForBackupWithTransport] transport = IBackupTransport
10-03 09:02:11.674  1143  1143 I TransportClient: BackupTransportService#1813: Notifying [AppBackupUtils.appIsRunningAndEligibleForBackupWithTransport] transport = IBackupTransport
10-03 09:02:11.712  1143  1143 I TransportClient: BackupTransportService#1815: Notifying [AppBackupUtils.appIsRunningAndEligibleForBackupWithTransport] transport = IBackupTransport
10-03 09:02:11.759  1143  1143 I TransportClient: BackupTransportService#1817: Notifying [AppBackupUtils.appIsRunningAndEligibleForBackupWithTransport] transport = IBackupTransport
10-03 09:02:11.802  1143  1143 I TransportClient: BackupTransportService#1819: Notifying [AppBackupUtils.appIsRunningAndEligibleForBackupWithTransport] transport = IBackupTransport
10-03 09:02:11.833  1143  1143 I TransportClient: BackupTransportService#1820: Notifying [AppBackupUtils.appIsRunningAndEligibleForBackupWithTransport] transport = IBackupTransport
10-03 09:02:11.861  1143  1143 I TransportClient: BackupTransportService#1821: Notifying [AppBackupUtils.appIsRunningAndEligibleForBackupWithTransport] transport = IBackupTransport
10-03 09:02:11.896  1143  1143 I TransportClient: BackupTransportService#1824: Notifying [AppBackupUtils.appIsRunningAndEligibleForBackupWithTransport] transport = IBackupTransport
10-03 09:02:11.920  1143  1143 I TransportClient: BackupTransportService#1825: Notifying [AppBackupUtils.appIsRunningAndEligibleForBackupWithTransport] transport = IBackupTransport
10-03 09:02:11.947  1143  1143 I TransportClient: BackupTransportService#1826: Notifying [AppBackupUtils.appIsRunningAndEligibleForBackupWithTransport] transport = IBackupTransport
10-03 09:02:11.976  1143  1143 I TransportClient: BackupTransportService#1828: Notifying [AppBackupUtils.appIsRunningAndEligibleForBackupWithTransport] transport = IBackupTransport
10-03 09:02:18.906  1143  7307 I ActivityManager: Killing 23586:com.android.vending:background/u0a115 (adj 975): empty for 2225s
10-03 09:02:23.727  1143  1167 I ProcessStatsService: Pruning old procstats: /data/system/procstats/state-2025-10-02-06-02-05.bin
10-03 09:02:38.451  1143 10284 I ActivityManager: Killing 23682:com.google.android.apps.nbu.files/u0a117 (adj 975): empty for 2235s
10-03 09:09:13.836  1143  1169 I ActivityManager: Start proc 24150:com.google.android.partnersetup/u0a112 for service {com.google.android.partnersetup/com.google.android.partnersetup.InstalledAppJobService}
10-03 09:09:19.779  1143  1169 I ActivityManager: Start proc 24187:com.android.chrome/u0a157 for broadcast {com.android.chrome/com.google.android.apps.chrome.rlz.RevenueStatsConfigurationUpdateReceiver}
10-03 09:12:16.692  1143 10283 I DropBoxManagerService: add tag=keymaster isTagEnabled=true flags=0x0
10-03 09:12:18.709  1143  1168 W BroadcastQueue: Background execution not allowed: receiving Intent { act=android.intent.action.DROPBOX_ENTRY_ADDED flg=0x10 (has extras) } to com.google.android.gms/.stats.service.DropBoxEntryAddedReceiver
10-03 09:12:23.092  1143 10283 W ProcessStats: Tracking association SourceState{cd2566 com.google.android.gms.persistent/10131 ImpFg #128117} whose proc state 2 is better than process ProcessState{3967f65 com.google.android.gms/10131 pkg=com.google.android.gms} proc state 3 (0 skipped)
10-03 09:12:33.302  1143  4317 W ProcessStats: Tracking association SourceState{cd2566 com.google.android.gms.persistent/10131 ImpFg #128128} whose proc state 2 is better than process ProcessState{3967f65 com.google.android.gms/10131 pkg=com.google.android.gms} proc state 3 (5 skipped)
10-03 09:13:31.742  1143  1172 E BatteryExternalStatsWorker: no controller energy info supplied for bluetooth
10-03 09:18:22.547  1143 10283 W ProcessStats: Tracking association SourceState{cd2566 com.google.android.gms.persistent/10131 ImpFg #128211} whose proc state 2 is better than process ProcessState{3967f65 com.google.android.gms/10131 pkg=com.google.android.gms} proc state 3 (1 skipped)
10-03 09:21:57.282  1143  1295 W ActivityManager: Unable to start service Intent { act=com.freeme.intent.action.fm.STARTUP_CONFIRM pkg=com.android.systemmanager (has extras) } U=0: not found
10-03 09:22:07.695  1143  1167 I UsageStatsService: User[0] Flushing usage stats to disk
10-03 09:22:07.736  1143  1167 E AppIdleHistory: Error writing app idle file for user 0
10-03 09:22:09.036  1143  1169 I ActivityManager: Start proc 24367:com.google.android.calendar/u0a152 for service {com.google.android.calendar/com.google.android.libraries.notifications.entrypoints.scheduled.ScheduledTaskService}
10-03 09:22:09.070  1143  1169 I ActivityManager: Start proc 24375:com.google.android.apps.docs/u0a153 for service {com.google.android.apps.docs/com.google.android.libraries.notifications.entrypoints.scheduled.ScheduledTaskService}
10-03 09:22:09.103  1143  1169 I ActivityManager: Start proc 24398:com.google.android.apps.tachyon/u0a155 for service {com.google.android.apps.tachyon/com.google.android.libraries.notifications.entrypoints.scheduled.ScheduledTaskService}
10-03 09:22:09.134  1143  1169 I ActivityManager: Start proc 24426:com.android.settings/1000 for service {com.android.settings/com.android.settings.fuelgauge.batterytip.AnomalyCleanupJobService}
10-03 09:22:09.322  1143  1169 I ActivityManager: Start proc 24461:com.google.android.keep/u0a145 for service {com.google.android.keep/com.google.android.libraries.notifications.entrypoints.scheduled.ScheduledTaskService}
10-03 09:22:09.396  1143  1169 I ActivityManager: Start proc 24489:com.android.providers.calendar/u0a51 for content provider {com.android.providers.calendar/com.android.providers.calendar.CalendarProvider2}
10-03 09:22:09.799  1143  1169 I ActivityManager: Start proc 24601:com.android.vending:instant_app_installer/u0a115 for service {com.android.vending/com.google.android.finsky.instantapps.InstantAppHygieneService}
10-03 09:22:11.006  1143  1159 W Looper  : Slow delivery took 204ms android.fg h=android.os.Handler c=<recycled PooledLambda@5514944> m=0
10-03 09:22:11.310  1143  1143 W Looper  : Slow dispatch took 593ms main h=android.app.ActivityThread$H c=android.app.-$$Lambda$LoadedApk$ReceiverDispatcher$Args$_BumDX2UKsnxLVrE6UJsJZkotuA@f50421f m=0
10-03 09:22:11.310  1143  1143 W Looper  : Slow delivery took 595ms main h=android.app.ActivityThread$H c=android.app.-$$Lambda$LoadedApk$ReceiverDispatcher$Args$_BumDX2UKsnxLVrE6UJsJZkotuA@c4bc96c m=0
10-03 09:22:11.445  1143  1143 I Telecom : DefaultDialerCache: Refreshing default dialer for user 0: now com.android.dialer: DDC.oR@AYA
10-03 09:22:11.459  1143  1159 W Looper  : Drained
10-03 09:22:11.533  1143  1143 W Looper  : Drained
10-03 09:22:11.584  1143  1259 I WatchlistLoggingHandler: Start aggregating watchlist records.
10-03 09:22:11.718  1143  1295 W ActivityManager: Unable to start service Intent { act=com.freeme.intent.action.fm.STARTUP_CONFIRM pkg=com.android.systemmanager (has extras) } U=0: not found
10-03 09:22:11.937  1143  1259 I WatchlistLoggingHandler: Milliseconds spent on tryAggregateRecords(): 354
10-03 09:22:12.096  1143 10284 W ProcessStats: Tracking association SourceState{cd2566 com.google.android.gms.persistent/10131 ImpFg #128612} whose proc state 2 is better than process ProcessState{3967f65 com.google.android.gms/10131 pkg=com.google.android.gms} proc state 3 (1 skipped)
10-03 09:22:25.371  1143  1155 W ProcessStats: Tracking association SourceState{cd2566 com.google.android.gms.persistent/10131 ImpFg #128680} whose proc state 2 is better than process ProcessState{3967f65 com.google.android.gms/10131 pkg=com.google.android.gms} proc state 3 (16 skipped)
10-03 09:22:43.867  1143  1143 I BackupManagerService: Beginning scheduled full backup operation
10-03 09:22:43.868  1143  1143 I BackupManagerService: Full backup time but com.google.android.googlequicksearchbox is busy; deferring to 2025-10-03 12:20:43
10-03 09:22:43.869  1143  1143 I BackupManagerService: Nothing pending full backup; rescheduling +480441
10-03 09:28:37.981  1143  1169 I ActivityManager: Start proc 25444:android.process.media/u0a57 for service {com.android.providers.downloads/com.android.providers.downloads.DownloadIdleService}
10-03 09:28:39.952  1143  1169 I ActivityManager: Start proc 25488:com.android.dialer/u0a107 for service {com.android.dialer/com.android.voicemail.impl.StatusCheckJobService}
10-03 09:28:51.842  1143  1169 I ActivityManager: Start proc 25557:com.android.vending/u0a115 for service {com.android.vending/com.google.android.finsky.installservice.DevTriggeredUpdateService}
10-03 09:28:53.575  1143  1169 I ActivityManager: Start proc 25672:com.android.vending:background/u0a115 for service {com.android.vending/com.google.frameworks.client.data.android.server.play.BackgroundProcessEndpointService}
10-03 09:28:55.379  1143  1169 I ActivityManager: Start proc 25740:com.google.android.apps.fitness/u0a102 for service {com.google.android.apps.fitness/androidx.work.impl.background.systemjob.SystemJobService}
10-03 09:28:55.408  1143  1169 I ActivityManager: Start proc 25751:com.google.android.apps.maps/u0a158 for service {com.google.android.apps.maps/androidx.work.impl.background.systemjob.SystemJobService}
10-03 09:28:56.154  1143  1169 I ActivityManager: Start proc 25819:com.google.android.apps.nbu.files/u0a117 for service {com.google.android.apps.nbu.files/androidx.work.impl.background.systemjob.SystemJobService}
10-03 09:28:56.300  1143  1169 I ActivityManager: Start proc 25849:com.google.android.projection.gearhead:car/u0a132 for service {com.google.android.projection.gearhead/com.google.android.apps.auto.carservice.service.impl.GearheadCarStartupService}
10-03 09:29:03.186  1143  1172 E BatteryExternalStatsWorker: no controller energy info supplied for bluetooth
10-03 09:29:03.199  1143  1169 I ActivityManager: Start proc 25968:com.google.android.apps.messaging/u0a141 for service {com.google.android.apps.messaging/androidx.work.impl.background.systemjob.SystemJobService}
10-03 09:29:04.623  1143 10284 W ActivityManager: Background start not allowed: service Intent { cmp=com.google.android.apps.messaging/com.google.apps.tiktok.concurrent.AndroidFuturesService (has extras) } to com.google.android.apps.messaging/com.google.apps.tiktok.concurrent.AndroidFuturesService from pid=25968 uid=10141 pkg=com.google.android.apps.messaging startFg?=false
10-03 09:29:14.107  1143  1169 I ActivityManager: Start proc 26062:com.google.android.apps.translate/u0a120 for service {com.google.android.apps.translate/androidx.work.impl.background.systemjob.SystemJobService}
10-03 09:29:19.017  1143  9969 W ActivityManager: Background start not allowed: service Intent { cmp=com.google.android.apps.messaging/.shared.datamodel.action.execution.ActionExecutorImpl$EmptyService } to com.google.android.apps.messaging/.shared.datamodel.action.execution.ActionExecutorImpl$EmptyService from pid=25968 uid=10141 pkg=com.google.android.apps.messaging startFg?=false
10-03 09:29:19.085  1143  4274 W ActivityManager: Background start not allowed: service Intent { cmp=com.google.android.apps.messaging/.shared.datamodel.action.execution.ActionExecutorImpl$EmptyService } to com.google.android.apps.messaging/.shared.datamodel.action.execution.ActionExecutorImpl$EmptyService from pid=25968 uid=10141 pkg=com.google.android.apps.messaging startFg?=false
10-03 09:29:25.028  1143  1667 W ActivityManager: Background start not allowed: service Intent { cmp=com.google.android.apps.messaging/.shared.datamodel.action.execution.ActionExecutorImpl$EmptyService } to com.google.android.apps.messaging/.shared.datamodel.action.execution.ActionExecutorImpl$EmptyService from pid=25968 uid=10141 pkg=com.google.android.apps.messaging startFg?=false
10-03 09:29:25.043  1143  4274 W ActivityManager: Background start not allowed: service Intent { cmp=com.google.android.apps.messaging/.shared.datamodel.action.execution.ActionExecutorImpl$EmptyService } to com.google.android.apps.messaging/.shared.datamodel.action.execution.ActionExecutorImpl$EmptyService from pid=25968 uid=10141 pkg=com.google.android.apps.messaging startFg?=false
10-03 09:29:25.071  1143  9969 W ActivityManager: Background start not allowed: service Intent { cmp=com.google.android.apps.messaging/.shared.datamodel.action.execution.ActionExecutorImpl$EmptyService } to com.google.android.apps.messaging/.shared.datamodel.action.execution.ActionExecutorImpl$EmptyService from pid=25968 uid=10141 pkg=com.google.android.apps.messaging startFg?=false
10-03 09:29:25.357  1143  1169 I ActivityManager: Start proc 26187:android.process.acore/u0a46 for content provider {com.android.providers.contacts/com.android.providers.contacts.ContactsProvider2}
10-03 09:29:25.736  1143  4274 W ActivityManager: Background start not allowed: service Intent { cmp=com.google.android.apps.messaging/.shared.datamodel.action.execution.ActionExecutorImpl$EmptyService } to com.google.android.apps.messaging/.shared.datamodel.action.execution.ActionExecutorImpl$EmptyService from pid=25968 uid=10141 pkg=com.google.android.apps.messaging startFg?=false
10-03 09:30:01.082  1143  1169 I ActivityManager: Start proc 26235:com.google.android.youtube/u0a148 for service {com.google.android.youtube/androidx.work.impl.background.systemjob.SystemJobService}
10-03 09:30:02.552  1143  1168 W BroadcastQueue: Permission Denial: broadcasting Intent { act=android.net.conn.CONNECTIVITY_CHANGE flg=0x4200010 (has extras) } from null (pid=-1, uid=-1) requires com.google.android.youtube.DYNAMIC_RECEIVER_NOT_EXPORTED_PERMISSION due to registered receiver BroadcastFilter{ae2f65a 10148/u0 ReceiverList{3317605 26235 com.google.android.youtube/10148/u0 remote:5eecd7c}}
10-03 09:30:04.438  1143  1169 I ActivityManager: Start proc 26384:com.android.chrome:privileged_process0/u0a157 for service {com.android.chrome/org.chromium.content.app.PrivilegedProcessService0}
10-03 09:30:05.006  1143  1169 I ActivityManager: Start proc 26429:com.android.chrome:sandboxed_process0:org.chromium.content.app.SandboxedProcessService0:0/u0ai0 for  {com.android.chrome/org.chromium.content.app.SandboxedProcessService0:0}
10-03 09:30:44.336  1143  1143 I BackupManagerService: Beginning scheduled full backup operation
10-03 09:30:44.337  1143  1143 I BackupManagerService: Full backup time but com.blackview.launcher is busy; deferring to 2025-10-03 11:04:34
10-03 09:30:44.338  1143  1143 I BackupManagerService: Nothing pending full backup; rescheduling +1866884
10-03 09:36:38.750  1143  9969 I DropBoxManagerService: add tag=keymaster isTagEnabled=true flags=0x0
10-03 09:36:40.765  1143  1168 W BroadcastQueue: Background execution not allowed: receiving Intent { act=android.intent.action.DROPBOX_ENTRY_ADDED flg=0x10 (has extras) } to com.google.android.gms/.stats.service.DropBoxEntryAddedReceiver
10-03 09:37:06.490  1143  1169 I ActivityManager: Start proc 26565:com.google.android.webview:webview_service/u0a136 for service {com.google.android.webview/org.chromium.android_webview.services.VariationsSeedServer}
10-03 09:37:06.646  1143  1169 I ActivityManager: Start proc 26607:com.google.android.webview:sandboxed_process0:org.chromium.content.app.SandboxedProcessService0:0/u0i30 for  {com.google.android.googlequicksearchbox/org.chromium.content.app.SandboxedProcessService0:0}
10-03 09:37:06.995  1143  1169 I ActivityManager: Start proc 26650:com.google.android.webview:webview_apk/u0a136 for service {com.google.android.webview/org.chromium.android_webview.nonembedded.AwComponentUpdateService}
10-03 09:39:28.216  1143  1143 I ActivityManager: Killing 24150:com.google.android.partnersetup/u0a112 (adj 975): empty for 1808s
10-03 09:39:29.207  1143  1169 I ActivityManager: Start proc 26844:com.google.android.webview:sandboxed_process0:org.chromium.content.app.SandboxedProcessService0:1/u0i31 for  {com.google.android.googlequicksearchbox/org.chromium.content.app.SandboxedProcessService0:1}
10-03 09:39:29.277  1143  1169 I ActivityManager: Start proc 26868:com.google.android.webview:sandboxed_process0:org.chromium.content.app.SandboxedProcessService0:2/u0i32 for  {com.google.android.googlequicksearchbox/org.chromium.content.app.SandboxedProcessService0:2}
10-03 09:39:29.358  1143  1667 I ActivityManager: Killing 26844:com.google.android.webview:sandboxed_process0:org.chromium.content.app.SandboxedProcessService0:1/u0a125i31 (adj 0): isolated not needed
10-03 09:42:23.503  1143  1167 I UsageStatsService: User[0] Rolling over usage stats
10-03 09:42:23.603  1143  1167 I UsageStatsService: User[0] Rollover scheduled @ 2025-10-04 09:42:23(1759563743407)
10-03 09:42:23.603  1143  1167 I UsageStatsService: User[0] Rolling over usage stats complete. Took 101 milliseconds
10-03 09:43:31.736  1143  1172 E BatteryExternalStatsWorker: no controller energy info supplied for bluetooth
10-03 09:48:06.114 13773 13807 E ActivityThread: Failed to find provider info for com.google.android.deskclock.provider
10-03 09:48:06.142  1143  9091 W PackageManager: Cannot suspend package "com.blackview.launcher": contains the active launcher
10-03 09:48:06.155  1143  9091 W PackageManager: Cannot suspend package "com.android.vending": required for package verification
10-03 09:48:06.173  1143  9091 W PackageManager: Cannot suspend the platform package: android
10-03 09:48:06.193  1143  9091 W PackageManager: Cannot suspend package "com.google.android.permissioncontroller": required for permissions management
10-03 09:48:06.232  1143  9091 W PackageManager: Cannot suspend package "com.android.dialer": is the default dialer
10-03 09:48:06.233  1143  9091 W PackageManager: Cannot suspend package "com.google.android.packageinstaller": required for package installation
10-03 09:52:23.526  1143  9091 I ActivityManager: Killing 24426:com.android.settings/1000 (adj 975): empty for 1813s
10-03 09:52:23.528  1143  9091 I ActivityManager: Killing 24489:com.android.providers.calendar/u0a51 (adj 975): empty for 1814s
10-03 09:52:23.529  1143  9091 I ActivityManager: Killing 24058:com.google.android.apps.photos/u0a142 (adj 975): empty for 1814s
10-03 09:59:03.189  1143  1143 I ActivityManager: Killing 25444:android.process.media/u0a57 (adj 945): empty for 1804s
10-03 09:59:03.191  1143  1143 I ActivityManager: Killing 25819:com.google.android.apps.nbu.files/u0a117 (adj 955): empty for 1805s
10-03 09:59:03.193  1143  1143 I ActivityManager: Killing 25849:com.google.android.projection.gearhead:car/u0a132 (adj 955): empty for 1806s
10-03 09:59:03.193  1143  1143 I ActivityManager: Killing 25740:com.google.android.apps.fitness/u0a102 (adj 955): empty for 1807s
10-03 09:59:03.194  1143  1143 I ActivityManager: Killing 25672:com.android.vending:background/u0a115 (adj 955): empty for 1809s
10-03 09:59:03.196  1143  1143 I ActivityManager: Killing 24033:com.google.process.gapps/u0a131 (adj 965): empty for 1810s
10-03 09:59:03.197  1143  1143 I ActivityManager: Killing 25488:com.android.dialer/u0a107 (adj 965): empty for 1822s
10-03 09:59:03.198  1143  1143 I ActivityManager: Killing 24461:com.google.android.keep/u0a145 (adj 965): empty for 1823s
10-03 09:59:03.201  1143  1143 I ActivityManager: Killing 24375:com.google.android.apps.docs/u0a153 (adj 965): empty for 1824s
10-03 09:59:03.206  1143  1143 I ActivityManager: Killing 24367:com.google.android.calendar/u0a152 (adj 975): empty for 1824s
10-03 09:59:03.437  1143  1172 E BatteryExternalStatsWorker: no controller energy info supplied for bluetooth
10-03 09:59:03.479  1143  1169 I ActivityManager: Start proc 27057:com.google.android.apps.maps:server_recovery_process_scheduled/u0a158 for broadcast {com.google.android.apps.maps/com.google.android.apps.gmm.plugins.serverrecovery.ScheduledRecoverySignalHandlerImpl}
10-03 09:59:03.582  1143  1237 W ActivityManager: Scheduling restart of crashed service com.google.android.projection.gearhead/com.google.android.apps.auto.carservice.service.impl.GearheadCarStartupService in 1000ms
10-03 09:59:03.605  1143  1143 I TransportClient: BackupTransportService#1829: Notifying [BH/MSG_RUN_BACKUP] transport = IBackupTransport
10-03 09:59:03.682  1143  1169 I ActivityManager: Start proc 27090:com.google.android.projection.gearhead:car/u0a132 for service {com.google.android.projection.gearhead/com.google.android.apps.auto.carservice.service.impl.GearheadCarStartupService}
10-03 09:59:03.744  1143  1169 I ActivityManager: Start proc 27108:com.google.process.gapps/u0a131 for content provider {com.google.android.gsf/com.google.android.gsf.settings.GoogleSettingsProvider}
10-03 09:59:03.916  1143 27087 I BackupRestoreController: Getting widget state for user: 0
10-03 09:59:03.951  1143  1658 I ActivityManager: Process com.google.android.apps.maps:server_recovery_process_scheduled (pid 27057) has died: cch+5 CEM 
10-03 09:59:05.829  1143 27087 I BackupManagerService: got agent android.app.IBackupAgent$Stub$Proxy@5b1cdb7
10-03 09:59:05.864  1143 27087 W KeyValueBackupTask: Agent com.google.android.apps.maps error in onBackup()
10-03 09:59:05.910  1143 27087 I BackupManagerService: got agent android.app.backup.BackupAgent$BackupServiceBinder@b36bcaf
10-03 09:59:05.975  1143  1169 I ActivityManager: Start proc 27171:android.process.media/u0a57 for content provider {com.android.providers.media/com.android.providers.media.MediaProvider}
10-03 09:59:06.297  1143  1169 I ActivityManager: Start proc 27193:com.google.android.permissioncontroller/u0a64 for service {com.google.android.permissioncontroller/com.android.packageinstaller.permission.service.PermissionControllerServiceImpl}
10-03 09:59:10.383  1143 27087 I BackupRestoreController: Getting widget state for user: 0
10-03 09:59:13.945  1143 27087 I BackupManagerService: got agent android.app.backup.BackupAgent$BackupServiceBinder@822fe57
10-03 09:59:14.034  1143 27087 I BackupRestoreController: Getting widget state for user: 0
10-03 09:59:14.050  1143 27087 I BackupManagerService: got agent android.app.IBackupAgent$Stub$Proxy@4d58fae
10-03 09:59:14.361  1143 27087 I BackupRestoreController: Getting widget state for user: 0
10-03 09:59:14.388  1143 27087 I KeyValueBackupTask: K/V backup pass finished
10-03 09:59:15.380  1143  4281 W ProcessStats: Tracking association SourceState{e3c5599 com.google.android.gms.persistent/10131 ImpFg #130896} whose proc state 2 is better than process ProcessState{3967f65 com.google.android.gms/10131 pkg=com.google.android.gms} proc state 3 (10 skipped)
10-03 09:59:16.132  1143  1169 I ActivityManager: Start proc 27238:com.google.android.apps.nbu.files/u0a117 for service {com.google.android.apps.nbu.files/androidx.work.impl.background.systemjob.SystemJobService}
10-03 09:59:25.716  1143  4281 I ActivityManager: Killing 26187:android.process.acore/u0a46 (adj 965): empty for 1800s
10-03 09:59:26.258  1143  1658 I DropBoxManagerService: add tag=keymaster isTagEnabled=true flags=0x0
10-03 09:59:27.543  1143  1658 I ActivityManager: Killing 26062:com.google.android.apps.translate/u0a120 (adj 985): empty for 1801s
10-03 09:59:28.268  1143  1168 W BroadcastQueue: Background execution not allowed: receiving Intent { act=android.intent.action.DROPBOX_ENTRY_ADDED flg=0x10 (has extras) } to com.google.android.gms/.stats.service.DropBoxEntryAddedReceiver
10-03 09:59:38.717  1143  1658 I ActivityManager: Killing 24398:com.google.android.apps.tachyon/u0a155 (adj 965): empty for 1801s
10-03 10:00:13.905  1143  4281 I ActivityManager: Killing 26429:com.android.chrome:sandboxed_process0:org.chromium.content.app.SandboxedProcessService0:0/u0a157i-9000 (adj 965): empty for 1808s
10-03 10:00:13.971  1143  4281 W ActivityManager: Scheduling restart of crashed service com.android.chrome/org.chromium.content.app.SandboxedProcessService0:0 in 1000ms
10-03 10:00:13.992  1143  1172 E KernelCpuUidUserSysTimeReader: Negative user/sys time delta for UID=10145
10-03 10:00:13.992  1143  1172 E KernelCpuUidUserSysTimeReader: Prev times: u=37440000 s=10748000 Curr times: u=37164000 s=10604000
10-03 10:00:13.992  1143  1172 E KernelCpuUidUserSysTimeReader: Negative user/sys time delta for UID=10153
10-03 10:00:13.992  1143  1172 E KernelCpuUidUserSysTimeReader: Prev times: u=50456000 s=15124000 Curr times: u=50200000 s=14924000
10-03 10:00:13.993  1143  1172 E KernelCpuUidUserSysTimeReader: Negative user/sys time delta for UID=10152
10-03 10:00:13.993  1143  1172 E KernelCpuUidUserSysTimeReader: Prev times: u=33328000 s=9420000 Curr times: u=32964000 s=9268000
10-03 10:01:34.109  1143  9969 I ActivityManager: Killing 26235:com.google.android.youtube/u0a148 (adj 955): empty for 1817s
10-03 10:01:55.217  1143  1143 I BackupManagerService: Beginning scheduled full backup operation
10-03 10:01:55.261  1143  1143 I TransportClient: BackupTransportService#1830: Notifying [PFTBT.run()] transport = IBackupTransport
10-03 10:01:55.263  1143 27340 I PFTBT   : Initiating full-data transport backup of com.google.android.projection.gearhead token: 560509670
10-03 10:01:55.297  1143 27340 I PFTBT   : Transport rejected backup of com.google.android.projection.gearhead, skipping
10-03 10:01:55.297  1143 27340 I PFTBT   : Unbinding agent in com.google.android.projection.gearhead
10-03 10:01:55.297  1143 27340 W ActivityManager: Unbinding backup agent with no active backup
10-03 10:01:55.298  1143 27340 I PFTBT   : Full backup completed with status: 0
10-03 10:01:55.312  1143 27340 I PFTBT   : Full data backup pass finished.
10-03 10:02:23.665  1143  7307 W ProcessStats: Tracking association SourceState{cd2566 com.google.android.gms.persistent/10131 ImpFg #131152} whose proc state 2 is better than process ProcessState{3967f65 com.google.android.gms/10131 pkg=com.google.android.gms} proc state 3 (44 skipped)
10-03 10:02:23.704  1143  1167 I UsageStatsService: User[0] Flushing usage stats to disk
10-03 10:02:23.743  1143  1167 E AppIdleHistory: Error writing app idle file for user 0
10-03 10:09:14.069  1143  1143 I ActivityManager: Killing 26650:com.google.android.webview:webview_apk/u0a136 (adj 965): empty for 1926s
10-03 10:09:14.122  1143  1169 I ActivityManager: Start proc 27402:com.google.android.partnersetup/u0a112 for service {com.google.android.partnersetup/com.google.android.partnersetup.InstalledAppJobService}
10-03 10:09:21.953  1143  1457 I DropBoxManagerService: add tag=keymaster isTagEnabled=true flags=0x0
10-03 10:09:23.962  1143  1168 W BroadcastQueue: Background execution not allowed: receiving Intent { act=android.intent.action.DROPBOX_ENTRY_ADDED flg=0x10 (has extras) } to com.google.android.gms/.stats.service.DropBoxEntryAddedReceiver
10-03 10:09:36.708  1143  1658 I ActivityManager: Killing 26565:com.google.android.webview:webview_service/u0a136 (adj 955): empty for 1807s
10-03 10:09:36.709  1143  1658 I ActivityManager: Killing 26868:com.google.android.webview:sandboxed_process0:org.chromium.content.app.SandboxedProcessService0:2/u0a125i32 (adj 955): empty for 1807s
10-03 10:09:36.711  1143  1658 I ActivityManager: Killing 26607:com.google.android.webview:sandboxed_process0:org.chromium.content.app.SandboxedProcessService0:0/u0a125i30 (adj 965): empty for 1807s
10-03 10:09:36.799  1143  1658 W ActivityManager: Exception when unbinding service com.google.android.googlequicksearchbox/org.chromium.content.app.SandboxedProcessService0:0
10-03 10:09:36.799  1143  1658 W ActivityManager: android.os.DeadObjectException
10-03 10:09:36.799  1143  1658 W ActivityManager: 	at android.os.BinderProxy.transactNative(Native Method)
10-03 10:09:36.799  1143  1658 W ActivityManager: 	at android.os.BinderProxy.transact(BinderProxy.java:510)
10-03 10:09:36.799  1143  1658 W ActivityManager: 	at android.app.IApplicationThread$Stub$Proxy.scheduleUnbindService(IApplicationThread.java:1648)
10-03 10:09:36.799  1143  1658 W ActivityManager: 	at com.android.server.am.ActiveServices.removeConnectionLocked(ActiveServices.java:3226)
10-03 10:09:36.799  1143  1658 W ActivityManager: 	at com.android.server.am.ActiveServices.unbindServiceLocked(ActiveServices.java:1980)
10-03 10:09:36.799  1143  1658 W ActivityManager: 	at com.android.server.am.ActivityManagerService.unbindService(ActivityManagerService.java:14293)
10-03 10:09:36.799  1143  1658 W ActivityManager: 	at android.app.IActivityManager$Stub.onTransact(IActivityManager.java:2281)
10-03 10:09:36.799  1143  1658 W ActivityManager: 	at com.android.server.am.ActivityManagerService.onTransact(ActivityManagerService.java:2824)
10-03 10:09:36.799  1143  1658 W ActivityManager: 	at android.os.Binder.execTransactInternal(Binder.java:1021)
10-03 10:09:36.799  1143  1658 W ActivityManager: 	at android.os.Binder.execTransact(Binder.java:994)
10-03 10:09:36.806  1143  9097 W ActivityManager: Scheduling restart of crashed service com.google.android.googlequicksearchbox/org.chromium.content.app.SandboxedProcessService0:2 in 1000ms
10-03 10:12:23.734  1143  4317 I ActivityManager: Killing 24601:com.android.vending:instant_app_installer/u0a115 (adj 975): empty for 1811s
10-03 10:13:31.736  1143  1172 E BatteryExternalStatsWorker: no controller energy info supplied for bluetooth
10-03 10:22:24.055  1143  1167 I UsageStatsService: User[0] Flushing usage stats to disk
10-03 10:22:24.096  1143  1167 E AppIdleHistory: Error writing app idle file for user 0
10-03 10:31:29.167  1143  1143 I ActivityManager: Killing 27193:com.google.android.permissioncontroller/u0a64 (adj 955): empty for 1929s
10-03 10:31:29.168  1143  1143 I ActivityManager: Killing 27238:com.google.android.apps.nbu.files/u0a117 (adj 955): empty for 1932s
10-03 10:31:29.169  1143  1143 I ActivityManager: Killing 27171:android.process.media/u0a57 (adj 965): empty for 1935s
10-03 10:31:29.170  1143  1143 I ActivityManager: Killing 27090:com.google.android.projection.gearhead:car/u0a132 (adj 965): empty for 1945s
10-03 10:31:29.287  1143  1295 W ActivityManager: Unable to start service Intent { act=com.freeme.intent.action.fm.STARTUP_CONFIRM pkg=com.android.systemmanager (has extras) } U=0: not found
10-03 10:31:29.348  1143  1172 E BatteryExternalStatsWorker: no controller energy info supplied for bluetooth
10-03 10:31:29.380  1143  1456 W ActivityManager: Scheduling restart of crashed service com.google.android.projection.gearhead/com.google.android.apps.auto.carservice.service.impl.GearheadCarStartupService in 1000ms
10-03 10:31:29.475  1143  1169 I ActivityManager: Start proc 27551:com.google.android.projection.gearhead:car/u0a132 for service {com.google.android.projection.gearhead/com.google.android.apps.auto.carservice.service.impl.GearheadCarStartupService}
10-03 10:31:39.891  1143  1169 I ActivityManager: Start proc 27655:com.google.android.apps.photos/u0a142 for service {com.google.android.apps.photos/androidx.work.impl.background.systemjob.SystemJobService}
10-03 10:31:40.700  1143  1169 I ActivityManager: Start proc 27700:android.process.media/u0a57 for content provider {com.android.providers.media/com.android.providers.media.MediaProvider}
10-03 10:31:40.958  1143  4246 W UriGrantsManagerService: No permission grants found for com.google.android.apps.photos
10-03 10:31:40.959  1143  4246 W UriGrantsManagerService: No permission grants found for com.google.android.apps.photos
10-03 10:31:42.171  1143  1457 W UriGrantsManagerService: No permission grants found for com.google.android.apps.photos
10-03 10:31:42.271  1143  1457 I chatty  : uid=1000(system) Binder:1143_6 identical 2 lines
10-03 10:31:42.272  1143  1457 W UriGrantsManagerService: No permission grants found for com.google.android.apps.photos
10-03 10:31:50.880  1143  1169 I ActivityManager: Start proc 27742:com.google.android.apps.nbu.files/u0a117 for service {com.google.android.apps.nbu.files/androidx.work.impl.background.systemjob.SystemJobService}
10-03 10:35:17.678  1143  1169 I ActivityManager: Start proc 27823:com.google.android.apps.tachyon/u0a155 for service {com.google.android.apps.tachyon/androidx.work.impl.background.systemjob.SystemJobService}
10-03 10:35:19.059  1143  1456 I DropBoxManagerService: add tag=keymaster isTagEnabled=true flags=0x0
10-03 10:35:21.071  1143  1168 W BroadcastQueue: Background execution not allowed: receiving Intent { act=android.intent.action.DROPBOX_ENTRY_ADDED flg=0x10 (has extras) } to com.google.android.gms/.stats.service.DropBoxEntryAddedReceiver
10-03 10:39:30.510  1143  1456 I ActivityManager: Killing 19927:com.google.android.inputmethod.latin:train/u0a154 (adj 965): empty for 1806s
10-03 10:39:30.511  1143  1456 I ActivityManager: Killing 22764:com.google.android.gms.unstable/u0a131 (adj 965): empty for 1806s
10-03 10:39:30.512  1143  1456 I ActivityManager: Killing 27402:com.google.android.partnersetup/u0a112 (adj 975): empty for 1810s
10-03 10:39:30.513  1143  1456 I ActivityManager: Killing 24187:com.android.chrome/u0a157 (adj 975): empty for 1810s
10-03 10:39:30.514  1143  1456 I ActivityManager: Killing 27108:com.google.process.gapps/u0a131 (adj 985): empty for 1810s
10-03 10:39:30.515  1143  1456 I ActivityManager: Killing 26384:com.android.chrome:privileged_process0/u0a157 (adj 975): empty for 1810s
10-03 10:39:30.592  1143  4280 W ActivityManager: Scheduling restart of crashed service com.android.chrome/org.chromium.content.app.PrivilegedProcessService0 in 1000ms
10-03 10:43:31.728  1143  1172 E BatteryExternalStatsWorker: no controller energy info supplied for bluetooth
10-03 10:52:24.184  1143  1658 W ProcessStats: Tracking association SourceState{cd2566 com.google.android.gms.persistent/10131 ImpFg #132083} whose proc state 2 is better than process ProcessState{3967f65 com.google.android.gms/10131 pkg=com.google.android.gms} proc state 3 (1 skipped)
10-03 10:52:39.272  1143  1658 W ProcessStats: Tracking association SourceState{cd2566 com.google.android.gms.persistent/10131 ImpFg #132092} whose proc state 2 is better than process ProcessState{3967f65 com.google.android.gms/10131 pkg=com.google.android.gms} proc state 3 (4 skipped)
10-03 10:56:20.647  1143  4311 W ProcessStats: Tracking association SourceState{cd2566 com.google.android.gms.persistent/10131 ImpFg #132185} whose proc state 2 is better than process ProcessState{3967f65 com.google.android.gms/10131 pkg=com.google.android.gms} proc state 3 (1 skipped)
10-03 11:01:45.095  1143  4329 I ActivityManager: Killing 27655:com.google.android.apps.photos/u0a142 (adj 945): empty for 1802s
10-03 11:01:45.099  1143  4329 I ActivityManager: Killing 27700:android.process.media/u0a57 (adj 945): empty for 1802s
10-03 11:01:45.101  1143  4329 I ActivityManager: Killing 25968:com.google.android.apps.messaging/u0a141 (adj 955): empty for 1808s
10-03 11:01:45.106  1143  4329 I ActivityManager: Killing 27551:com.google.android.projection.gearhead:car/u0a132 (adj 955): empty for 1815s
10-03 11:01:45.284  1143  4246 W ActivityManager: Scheduling restart of crashed service com.google.android.projection.gearhead/com.google.android.apps.auto.carservice.service.impl.GearheadCarStartupService in 1000ms
10-03 11:01:45.323  1143  1169 I ActivityManager: Start proc 28060:com.google.android.projection.gearhead:car/u0a132 for service {com.google.android.projection.gearhead/com.google.android.apps.auto.carservice.service.impl.GearheadCarStartupService}
10-03 11:02:00.198  1143  4246 I ActivityManager: Killing 25751:com.google.android.apps.maps/u0a158 (adj 975): empty for 1800s
10-03 11:02:00.200  1143  4246 I ActivityManager: Killing 27742:com.google.android.apps.nbu.files/u0a117 (adj 985): empty for 1808s
10-03 11:04:34.697  1143  4246 W ProcessStats: Tracking association SourceState{cd2566 com.google.android.gms.persistent/10131 ImpFg #132289} whose proc state 2 is better than process ProcessState{3967f65 com.google.android.gms/10131 pkg=com.google.android.gms} proc state 3 (1 skipped)
10-03 11:04:34.700  1143  1172 E BatteryExternalStatsWorker: no controller energy info supplied for bluetooth
10-03 11:04:34.723  1143  1143 I BackupManagerService: Beginning scheduled full backup operation
10-03 11:04:34.724  1143  1143 I BackupManagerService: Full backup time but com.blackview.launcher is busy; deferring to 2025-10-03 13:17:18
10-03 11:04:34.725  1143  1143 I BackupManagerService: Nothing pending full backup; rescheduling +1967797
10-03 11:04:34.768  1143  1169 I ActivityManager: Start proc 28109:com.google.android.youtube/u0a148 for service {com.google.android.youtube/androidx.work.impl.background.systemjob.SystemJobService}
10-03 11:04:34.797  1143  1169 I ActivityManager: Start proc 28127:com.google.android.apps.maps/u0a158 for service {com.google.android.apps.maps/com.google.android.apps.gmm.offline.update.OfflineAutoUpdateJobServiceV2}
10-03 11:04:35.030  1143  1169 I ActivityManager: Start proc 28149:com.google.android.gms.unstable/u0a131 for service {com.google.android.gms/com.google.android.gms.droidguard.DroidGuardService}
10-03 11:04:36.694  1143  1168 W BroadcastQueue: Permission Denial: broadcasting Intent { act=android.net.conn.CONNECTIVITY_CHANGE flg=0x4200010 (has extras) } from null (pid=-1, uid=-1) requires com.google.android.youtube.DYNAMIC_RECEIVER_NOT_EXPORTED_PERMISSION due to registered receiver BroadcastFilter{f4dbf9d 10148/u0 ReceiverList{37e5e74 28109 com.google.android.youtube/10148/u0 remote:7db6647}}
10-03 11:04:37.770  1143  1169 I ActivityManager: Start proc 28349:com.android.chrome/u0a157 for service {com.android.chrome/org.chromium.chrome.browser.customtabs.CustomTabsConnectionService}
10-03 11:04:38.452  1143  1169 I ActivityManager: Start proc 28413:com.android.chrome:privileged_process0/u0a157 for service {com.android.chrome/org.chromium.content.app.PrivilegedProcessService0}
10-03 11:04:39.736  1143  1169 I ActivityManager: Start proc 28480:com.android.chrome:sandboxed_process0:org.chromium.content.app.SandboxedProcessService0:0/u0ai0 for  {com.android.chrome/org.chromium.content.app.SandboxedProcessService0:0}
10-03 11:04:39.762  1143  1169 I ActivityManager: Start proc 28496:android.process.media/u0a57 for content provider {com.android.providers.media/com.android.providers.media.MediaProvider}
10-03 11:04:49.960  1143  1169 I ActivityManager: Start proc 28536:com.google.android.apps.nbu.files/u0a117 for service {com.google.android.apps.nbu.files/androidx.work.impl.background.systemjob.SystemJobService}
10-03 11:05:20.789  1143  4272 I ActivityManager: Killing 27823:com.google.android.apps.tachyon/u0a155 (adj 975): empty for 1800s
10-03 11:09:14.459  1143  1169 I ActivityManager: Start proc 28619:com.google.android.partnersetup/u0a112 for service {com.google.android.partnersetup/com.google.android.partnersetup.InstalledAppJobService}
10-03 11:09:20.245  1143  1169 I ActivityManager: Start proc 28644:com.google.process.gapps/u0a131 for content provider {com.google.android.gsf/com.google.android.gsf.settings.GoogleSettingsProvider}
10-03 11:12:24.718  1143  1156 W ProcessStats: Tracking association SourceState{cd2566 com.google.android.gms.persistent/10131 ImpFg #132821} whose proc state 2 is better than process ProcessState{3967f65 com.google.android.gms/10131 pkg=com.google.android.gms} proc state 3 (17 skipped)
10-03 11:13:31.717  1143  1172 E BatteryExternalStatsWorker: no controller energy info supplied for bluetooth
10-03 11:13:50.644  1143  1161 I EntropyMixer: Writing entropy...
10-03 11:19:37.269  1143  1456 I ActivityManager: Killing 23910:com.google.android.googlequicksearchbox:search/u0a125 (adj 965): empty for 2055s
10-03 11:22:11.090  1143  1319 D ActivityManager: bringUpServiceLocked, suppress to start service!
10-03 11:22:11.091  1143  1295 W ActivityManager: Unable to start service Intent { act=com.freeme.intent.action.fm.STARTUP_CONFIRM pkg=com.android.systemmanager (has extras) } U=0: not found
10-03 11:24:35.541  1143  1167 I UsageStatsService: User[0] Flushing usage stats to disk
10-03 11:24:35.583  1143  1167 E AppIdleHistory: Error writing app idle file for user 0
10-03 11:34:34.790  1143  1172 E BatteryExternalStatsWorker: no controller energy info supplied for bluetooth
10-03 11:34:34.800  1143  1169 I ActivityManager: Start proc 28734:com.google.android.tts/u0a133 for service {com.google.android.tts/androidx.work.impl.background.systemjob.SystemJobService}
10-03 11:34:34.869  1143  1169 I ActivityManager: Start proc 28748:com.google.android.apps.photos/u0a142 for service {com.google.android.apps.photos/com.google.android.apps.photos.dbprocessor.impl.DatabaseProcessorJobService}
10-03 11:34:34.909  1143  1169 I ActivityManager: Start proc 28771:com.google.android.googlequicksearchbox:search/u0a125 for service {com.google.android.googlequicksearchbox/androidx.work.impl.background.systemjob.SystemJobService}
10-03 11:34:34.938  1143  1169 I ActivityManager: Start proc 28789:com.google.android.inputmethod.latin:train/u0a154 for service {com.google.android.inputmethod.latin/com.google.android.gms.learning.internal.training.InAppTrainingService}
10-03 11:34:35.466  1143  1669 I ActivityManager: Killing 28060:com.google.android.projection.gearhead:car/u0a132 (adj 965): empty for 1800s
10-03 11:34:35.525  1143  4311 W ActivityManager: Scheduling restart of crashed service com.google.android.projection.gearhead/com.google.android.apps.auto.carservice.service.impl.GearheadCarStartupService in 1000ms
10-03 11:34:35.571  1143  1169 I ActivityManager: Start proc 28866:com.google.android.projection.gearhead:car/u0a132 for service {com.google.android.projection.gearhead/com.google.android.apps.auto.carservice.service.impl.GearheadCarStartupService}
10-03 11:34:38.193  1143  1667 I ActivityManager: Killing 28109:com.google.android.youtube/u0a148 (adj 975): empty for 1800s
10-03 11:34:41.360  1143  4274 I ActivityManager: Killing 28496:android.process.media/u0a57 (adj 965): empty for 1801s
10-03 11:34:41.362  1143  4274 I ActivityManager: Killing 28480:com.android.chrome:sandboxed_process0:org.chromium.content.app.SandboxedProcessService0:0/u0a157i-9000 (adj 975): empty for 1801s
10-03 11:34:41.455  1143  4274 W ActivityManager: Scheduling restart of crashed service com.android.chrome/org.chromium.content.app.SandboxedProcessService0:0 in 1000ms
10-03 11:34:50.790  1143  4282 I ActivityManager: Killing 28536:com.google.android.apps.nbu.files/u0a117 (adj 965): empty for 1800s
10-03 11:34:51.254  1143  7307 I ActivityManager: Killing 23947:com.google.android.googlequicksearchbox:googleapp/u0a125 (adj 955): empty for 1800s
10-03 11:35:05.730  1143  1575 I ActivityManager: Killing 28127:com.google.android.apps.maps/u0a158 (adj 955): empty for 1800s
10-03 11:35:41.137  1143  1575 I ActivityManager: Killing 28149:com.google.android.gms.unstable/u0a131 (adj 955): empty for 1801s
10-03 11:37:22.575  1143  1143 I BackupManagerService: Beginning scheduled full backup operation
10-03 11:37:22.577  1143  1143 I BackupManagerService: Full backup time but com.google.android.ext.services is busy; deferring to 2025-10-03 14:08:05
10-03 11:37:22.577  1143  1143 I BackupManagerService: Nothing pending full backup; rescheduling +2600514
10-03 11:37:22.625  1143  1169 I ActivityManager: Start proc 28975:com.google.android.apps.maps/u0a158 for service {com.google.android.apps.maps/com.google.android.apps.gmm.offline.update.OfflineAutoUpdateJobServiceV2}
10-03 11:37:22.672  1143  1169 I ActivityManager: Start proc 28982:com.google.android.youtube/u0a148 for service {com.google.android.youtube/androidx.work.impl.background.systemjob.SystemJobService}
10-03 11:37:23.811  1143  1168 W BroadcastQueue: Permission Denial: broadcasting Intent { act=android.net.conn.CONNECTIVITY_CHANGE flg=0x4200010 (has extras) } from null (pid=-1, uid=-1) requires com.google.android.youtube.DYNAMIC_RECEIVER_NOT_EXPORTED_PERMISSION due to registered receiver BroadcastFilter{ab40aca 10148/u0 ReceiverList{3615635 28982 com.google.android.youtube/10148/u0 remote:e4e506c}}
10-03 11:39:30.526  1143  4282 I ActivityManager: Killing 28619:com.google.android.partnersetup/u0a112 (adj 955): empty for 1809s
10-03 11:39:30.527  1143  4282 I ActivityManager: Killing 28644:com.google.process.gapps/u0a131 (adj 955): empty for 1809s
10-03 11:42:24.734  1143  4281 W ProcessStats: Tracking association SourceState{cd2566 com.google.android.gms.persistent/10131 ImpFg #133388} whose proc state 2 is better than process ProcessState{3967f65 com.google.android.gms/10131 pkg=com.google.android.gms} proc state 3 (1 skipped)
10-03 11:42:39.747  1143  4274 W ProcessStats: Tracking association SourceState{cd2566 com.google.android.gms.persistent/10131 ImpFg #133397} whose proc state 2 is better than process ProcessState{3967f65 com.google.android.gms/10131 pkg=com.google.android.gms} proc state 3 (3 skipped)
10-03 11:43:31.725  1143  1172 E BatteryExternalStatsWorker: no controller energy info supplied for bluetooth
10-03 11:55:02.396  1143  4320 W ProcessStats: Tracking association SourceState{90bcf9c com.google.android.gms.persistent/10131 ImpFg #133526} whose proc state 2 is better than process ProcessState{3967f65 com.google.android.gms/10131 pkg=com.google.android.gms} proc state 3 (0 skipped)
10-03 11:55:05.631  1143  1169 I ActivityManager: Start proc 29245:android.process.acore/u0a46 for content provider {com.android.providers.contacts/com.android.providers.contacts.ContactsProvider2}
10-03 11:55:17.192  1143  4320 W ProcessStats: Tracking association SourceState{cd2566 com.google.android.gms.persistent/10131 ImpFg #133675} whose proc state 2 is better than process ProcessState{3967f65 com.google.android.gms/10131 pkg=com.google.android.gms} proc state 3 (49 skipped)
10-03 12:02:24.740  1143  1167 I UsageStatsService: User[0] Flushing usage stats to disk
10-03 12:02:24.816  1143  1167 E AppIdleHistory: Error writing app idle file for user 0
10-03 12:02:25.704  1143  1167 I ProcessStatsService: Pruning old procstats: /data/system/procstats/state-2025-10-02-09-02-07.bin
10-03 12:07:10.789  1143  4320 I ActivityManager: Killing 28789:com.google.android.inputmethod.latin:train/u0a154 (adj 945): empty for 1953s
10-03 12:07:10.791  1143  4320 I ActivityManager: Killing 28734:com.google.android.tts/u0a133 (adj 945): empty for 1955s
10-03 12:07:10.792  1143  4320 I ActivityManager: Killing 28748:com.google.android.apps.photos/u0a142 (adj 955): empty for 1955s
10-03 12:07:25.487  1143  1237 I ActivityManager: Killing 25557:com.android.vending/u0a115 (adj 955): empty for 1800s
10-03 12:07:25.490  1143  1237 I ActivityManager: Killing 28866:com.google.android.projection.gearhead:car/u0a132 (adj 965): empty for 1802s
10-03 12:07:25.510  1143  1237 I ActivityManager: Killing 28413:com.android.chrome:privileged_process0/u0a157 (adj 965): empty for 1800s
10-03 12:07:25.598  1143  1658 W ActivityManager: Scheduling restart of crashed service com.android.chrome/org.chromium.content.app.PrivilegedProcessService0 in 1000ms
10-03 12:07:25.606  1143  9969 W ActivityManager: Scheduling restart of crashed service com.google.android.projection.gearhead/com.google.android.apps.auto.carservice.service.impl.GearheadCarStartupService in 10992ms
