
> test
> vitest


[1m[44m DEV [49m[22m [34mv3.2.3 [39m[90mC:/Users/giova/quasar/maigret[39m

 [32mΓ£ô[39m test/boot/pinia.spec.js [2m([22m[2m1 test[22m[2m)[22m[32m 14[2mms[22m[39m
[90mstdout[2m | test/boot/firebase.spec.js[2m > [22m[2mFirebase Boot File[2m > [22m[2mshould initialize Firebase successfully with valid config
[22m[39mfirebase.init_success

[90mstdout[2m | test/components/BookImages.spec.js
[22m[39mMocking imageUtils

 [31mΓ¥»[39m test/boot/auth.spec.js [2m([22m[2m3 tests[22m[2m | [22m[31m1 failed[39m[2m)[22m[32m 54[2mms[22m[39m
   [32mΓ£ô[39m Auth Boot File[2m > [22mshould initialize auth listener if Firebase is ready[32m 6[2mms[22m[39m
   [32mΓ£ô[39m Auth Boot File[2m > [22mshould skip auth boot if Firebase is not ready[32m 5[2mms[22m[39m
[31m   [31m├ù[31m Auth Boot File[2m > [22mshould handle errors during auth listener setup[39m[32m 40[2mms[22m[39m
[31m     ΓåÆ Firebase initialization failed: Auth setup failed[39m
 [31mΓ¥»[39m test/boot/firebase.spec.js [2m([22m[2m3 tests[22m[2m | [22m[31m2 failed[39m[2m)[22m[33m 632[2mms[22m[39m
   [32mΓ£ô[39m Firebase Boot File[2m > [22mshould initialize Firebase successfully with valid config[32m 246[2mms[22m[39m
[31m   [31m├ù[31m Firebase Boot File[2m > [22mshould handle missing API key and set firebaseError flag[39m[32m 65[2mms[22m[39m
[31m     ΓåÆ Firebase initialization failed: firebase.config_missing[39m
[31m   [31m├ù[31m Firebase Boot File[2m > [22mshould handle initialization errors and set firebaseError flag[39m[33m 315[2mms[22m[39m
[31m     ΓåÆ Firebase initialization failed: firebase.config_missing[39m
[90mstdout[2m | test/components/BookImages.spec.js[2m > [22m[2mBookImages.vue[2m > [22m[2mUndo Functionality[2m > [22m[2minvoca il handler di Undo quando premi il pulsante
[22m[39mdeleteImageConfirmed called
Deleting image at index: [33m0[39m
Notify.create invoked successfully

 [31mΓ¥»[39m test/components/BookImages.spec.js [2m([22m[2m19 tests[22m[2m | [22m[31m1 failed[39m[2m | [22m[33m18 skipped[39m[2m)[22m[32m 262[2mms[22m[39m
   [2m[90mΓåô[39m[22m BookImages.vue[2m > [22mComponent Mounting[2m > [22mmounts successfully
   [2m[90mΓåô[39m[22m BookImages.vue[2m > [22mComponent Mounting[2m > [22mloads images on mount
   [2m[90mΓåô[39m[22m BookImages.vue[2m > [22mAdmin Functionality[2m > [22mshows uploader for admin users
   [2m[90mΓåô[39m[22m BookImages.vue[2m > [22mAdmin Functionality[2m > [22mshows delete icon for admin users
   [2m[90mΓåô[39m[22m BookImages.vue[2m > [22mAdmin Functionality[2m > [22mshows cover type selector for admin users
   [2m[90mΓåô[39m[22m BookImages.vue[2m > [22mImage Management[2m > [22mhandles image deletion
   [2m[90mΓåô[39m[22m BookImages.vue[2m > [22mImage Management[2m > [22mhandles image upload
   [2m[90mΓåô[39m[22m BookImages.vue[2m > [22mImage Management[2m > [22mchiama syncBook solo se coverId non ├¿ gi├á presente nelle immagini
   [2m[90mΓåô[39m[22m BookImages.vue[2m > [22mImage Management[2m > [22mnon chiama syncBook se coverId ├¿ gi├á presente nelle immagini
   [2m[90mΓåô[39m[22m BookImages.vue[2m > [22mError Handling[2m > [22mshows error notification on upload failure
   [2m[90mΓåô[39m[22m BookImages.vue[2m > [22mError Handling[2m > [22mshows error notification on deletion failure for singleImageTestBook
   [2m[90mΓåô[39m[22m BookImages.vue[2m > [22mEdge Cases[2m > [22mprevents deletion of last image
   [2m[90mΓåô[39m[22m BookImages.vue[2m > [22mUser Permissions[2m > [22mnasconde le icone di aggiunta/cancellazione per utenti non admin
   [2m[90mΓåô[39m[22m BookImages.vue[2m > [22mUser Permissions[2m > [22mnasconde le azioni per admin senza superadmin
   [2m[90mΓåô[39m[22m BookImages.vue[2m > [22mImage Upload Handling[2m > [22mcarica le immagini dopo il mount
   [2m[90mΓåô[39m[22m BookImages.vue[2m > [22mImage Upload Handling[2m > [22mnon permette upload di file non immagine
   [2m[90mΓåô[39m[22m BookImages.vue[2m > [22mImage Upload Handling[2m > [22mrimuove l'immagine correttamente
   [2m[90mΓåô[39m[22m BookImages.vue[2m > [22mUndo Functionality[2m > [22mscatena l'evento undoTimeout alla scadenza del timeout
[31m   [31m├ù[31m BookImages.vue[2m > [22mUndo Functionality[2m > [22minvoca il handler di Undo quando premi il pulsante[39m[32m 256[2mms[22m[39m
[31m     ΓåÆ expected undefined to be defined[39m

[2m Test Files [22m [1m[31m4 failed[39m[22m[2m | [22m[1m[32m1 passed[39m[22m[90m (5)[39m
[2m      Tests [22m [1m[31m4 failed[39m[22m[2m | [22m[1m[32m4 passed[39m[22m[2m | [22m[33m18 skipped[39m[90m (26)[39m
[2m   Start at [22m 15:57:14
[2m   Duration [22m 18.92s[2m (transform 2.62s, setup 34.57s, collect 15.98s, tests 963ms, environment 25.65s, prepare 2.11s)[22m

[1m[41m FAIL [49m[22m [31mTests failed. Watching for file changes...[39m
       [2mpress [22m[1mh[22m[2m to show help[22m[2m, [22m[2mpress [22m[1mq[22m[2m to quit[22m
[31mCancelling test run. Press CTRL+c again to exit forcefully.
[39m
